Archive member included to satisfy reference by file (symbol)

c:/users/dbwls/downloads/freedomstudio-2020-06-3-win64/sifive/riscv64-unknown-elf-gcc-8.3.0-2020.04.1/bin/../lib/gcc/riscv64-unknown-elf/8.3.0/../../../../riscv64-unknown-elf/lib/rv32imac/ilp32\libc_nano.a(lib_a-printf.o)
                              C:\Users\dbwls\AppData\Local\Temp\ccAKk7Hi.o (printf)
c:/users/dbwls/downloads/freedomstudio-2020-06-3-win64/sifive/riscv64-unknown-elf-gcc-8.3.0-2020.04.1/bin/../lib/gcc/riscv64-unknown-elf/8.3.0/../../../../riscv64-unknown-elf/lib/rv32imac/ilp32\libc_nano.a(lib_a-putchar.o)
                              C:\Users\dbwls\AppData\Local\Temp\ccAKk7Hi.o (putchar)
c:/users/dbwls/downloads/freedomstudio-2020-06-3-win64/sifive/riscv64-unknown-elf-gcc-8.3.0-2020.04.1/bin/../lib/gcc/riscv64-unknown-elf/8.3.0/../../../../riscv64-unknown-elf/lib/rv32imac/ilp32\libc_nano.a(lib_a-putc.o)
                              c:/users/dbwls/downloads/freedomstudio-2020-06-3-win64/sifive/riscv64-unknown-elf-gcc-8.3.0-2020.04.1/bin/../lib/gcc/riscv64-unknown-elf/8.3.0/../../../../riscv64-unknown-elf/lib/rv32imac/ilp32\libc_nano.a(lib_a-putchar.o) (_putc_r)
c:/users/dbwls/downloads/freedomstudio-2020-06-3-win64/sifive/riscv64-unknown-elf-gcc-8.3.0-2020.04.1/bin/../lib/gcc/riscv64-unknown-elf/8.3.0/../../../../riscv64-unknown-elf/lib/rv32imac/ilp32\libc_nano.a(lib_a-puts.o)
                              C:\Users\dbwls\AppData\Local\Temp\ccAKk7Hi.o (puts)
c:/users/dbwls/downloads/freedomstudio-2020-06-3-win64/sifive/riscv64-unknown-elf-gcc-8.3.0-2020.04.1/bin/../lib/gcc/riscv64-unknown-elf/8.3.0/../../../../riscv64-unknown-elf/lib/rv32imac/ilp32\libc_nano.a(lib_a-wbuf.o)
                              c:/users/dbwls/downloads/freedomstudio-2020-06-3-win64/sifive/riscv64-unknown-elf-gcc-8.3.0-2020.04.1/bin/../lib/gcc/riscv64-unknown-elf/8.3.0/../../../../riscv64-unknown-elf/lib/rv32imac/ilp32\libc_nano.a(lib_a-putc.o) (__swbuf_r)
c:/users/dbwls/downloads/freedomstudio-2020-06-3-win64/sifive/riscv64-unknown-elf-gcc-8.3.0-2020.04.1/bin/../lib/gcc/riscv64-unknown-elf/8.3.0/../../../../riscv64-unknown-elf/lib/rv32imac/ilp32\libc_nano.a(lib_a-wsetup.o)
                              c:/users/dbwls/downloads/freedomstudio-2020-06-3-win64/sifive/riscv64-unknown-elf-gcc-8.3.0-2020.04.1/bin/../lib/gcc/riscv64-unknown-elf/8.3.0/../../../../riscv64-unknown-elf/lib/rv32imac/ilp32\libc_nano.a(lib_a-puts.o) (__swsetup_r)
c:/users/dbwls/downloads/freedomstudio-2020-06-3-win64/sifive/riscv64-unknown-elf-gcc-8.3.0-2020.04.1/bin/../lib/gcc/riscv64-unknown-elf/8.3.0/../../../../riscv64-unknown-elf/lib/rv32imac/ilp32\libc_nano.a(lib_a-fflush.o)
                              c:/users/dbwls/downloads/freedomstudio-2020-06-3-win64/sifive/riscv64-unknown-elf-gcc-8.3.0-2020.04.1/bin/../lib/gcc/riscv64-unknown-elf/8.3.0/../../../../riscv64-unknown-elf/lib/rv32imac/ilp32\libc_nano.a(lib_a-wbuf.o) (_fflush_r)
c:/users/dbwls/downloads/freedomstudio-2020-06-3-win64/sifive/riscv64-unknown-elf-gcc-8.3.0-2020.04.1/bin/../lib/gcc/riscv64-unknown-elf/8.3.0/../../../../riscv64-unknown-elf/lib/rv32imac/ilp32\libc_nano.a(lib_a-findfp.o)
                              c:/users/dbwls/downloads/freedomstudio-2020-06-3-win64/sifive/riscv64-unknown-elf-gcc-8.3.0-2020.04.1/bin/../lib/gcc/riscv64-unknown-elf/8.3.0/../../../../riscv64-unknown-elf/lib/rv32imac/ilp32\libc_nano.a(lib_a-printf.o) (__sinit)
c:/users/dbwls/downloads/freedomstudio-2020-06-3-win64/sifive/riscv64-unknown-elf-gcc-8.3.0-2020.04.1/bin/../lib/gcc/riscv64-unknown-elf/8.3.0/../../../../riscv64-unknown-elf/lib/rv32imac/ilp32\libc_nano.a(lib_a-fwalk.o)
                              c:/users/dbwls/downloads/freedomstudio-2020-06-3-win64/sifive/riscv64-unknown-elf-gcc-8.3.0-2020.04.1/bin/../lib/gcc/riscv64-unknown-elf/8.3.0/../../../../riscv64-unknown-elf/lib/rv32imac/ilp32\libc_nano.a(lib_a-findfp.o) (_fwalk)
c:/users/dbwls/downloads/freedomstudio-2020-06-3-win64/sifive/riscv64-unknown-elf-gcc-8.3.0-2020.04.1/bin/../lib/gcc/riscv64-unknown-elf/8.3.0/../../../../riscv64-unknown-elf/lib/rv32imac/ilp32\libc_nano.a(lib_a-impure.o)
                              c:/users/dbwls/downloads/freedomstudio-2020-06-3-win64/sifive/riscv64-unknown-elf-gcc-8.3.0-2020.04.1/bin/../lib/gcc/riscv64-unknown-elf/8.3.0/../../../../riscv64-unknown-elf/lib/rv32imac/ilp32\libc_nano.a(lib_a-fflush.o) (_global_impure_ptr)
c:/users/dbwls/downloads/freedomstudio-2020-06-3-win64/sifive/riscv64-unknown-elf-gcc-8.3.0-2020.04.1/bin/../lib/gcc/riscv64-unknown-elf/8.3.0/../../../../riscv64-unknown-elf/lib/rv32imac/ilp32\libc_nano.a(lib_a-makebuf.o)
                              c:/users/dbwls/downloads/freedomstudio-2020-06-3-win64/sifive/riscv64-unknown-elf-gcc-8.3.0-2020.04.1/bin/../lib/gcc/riscv64-unknown-elf/8.3.0/../../../../riscv64-unknown-elf/lib/rv32imac/ilp32\libc_nano.a(lib_a-wsetup.o) (__smakebuf_r)
[...]
Memory Configuration

Name             Origin             Length             Attributes
itim             0x0000000008000000 0x0000000000002000 axrwl
ram              0x0000000080000000 0x0000000000004000 arw !xl
rom              0x0000000020010000 0x000000000006a120 xrl !aw
*default*        0x0000000000000000 0xffffffffffffffff

Linker script and memory map

LOAD C:\Users\dbwls\AppData\Local\Temp\ccAKk7Hi.o
LOAD C:\Users\dbwls\AppData\Local\Temp\cc4m1lHv.o
LOAD C:\Users\dbwls\AppData\Local\Temp\ccyJzMQK.o
LOAD C:\Users\dbwls\AppData\Local\Temp\ccITCZ28.o
LOAD C:\Users\dbwls\AppData\Local\Temp\cc4NmSAE.o
LOAD C:\Users\dbwls\AppData\Local\Temp\cc25svbg.o
LOAD C:\Users\dbwls\AppData\Local\Temp\ccQQ6Gh3.o
START GROUP
LOAD c:/users/dbwls/downloads/freedomstudio-2020-06-3-win64/sifive/riscv64-unknown-elf-gcc-8.3.0-2020.04.1/bin/../lib/gcc/riscv64-unknown-elf/8.3.0/../../../../riscv64-unknown-elf/lib/rv32imac/ilp32\libc_nano.a
LOAD c:/users/dbwls/downloads/freedomstudio-2020-06-3-win64/sifive/riscv64-unknown-elf-gcc-8.3.0-2020.04.1/bin/../lib/gcc/riscv64-unknown-elf/8.3.0/rv32imac/ilp32\libgcc.a
LOAD c:/users/dbwls/downloads/freedomstudio-2020-06-3-win64/sifive/riscv64-unknown-elf-gcc-8.3.0-2020.04.1/bin/../lib/gcc/riscv64-unknown-elf/8.3.0/../../../../riscv64-unknown-elf/lib/rv32imac/ilp32\libm.a
LOAD C:/Users/dbwls/wsFreedomStudio/sifive_hifive1_revb_sifive_welcome/bsp/install/lib/debug/\libmetal.a
LOAD C:/Users/dbwls/wsFreedomStudio/sifive_hifive1_revb_sifive_welcome/bsp/install/lib/debug/\libmetal-gloss.a
END GROUP
                0x0000000000000400                __stack_size = DEFINED (__stack_size)?__stack_size:0x400
                [!provide]                        PROVIDE (__stack_size = __stack_size)
                0x0000000000000800                __heap_size = DEFINED (__heap_size)?__heap_size:0x800
                0x0000000000000000                PROVIDE (__metal_boot_hart = 0x0)
                0x0000000000000001                PROVIDE (__metal_chicken_bit = 0x1)
                0x0000000000000000                PROVIDE (__metal_eccscrub_bit = 0x0)
                0x0000000080000000                PROVIDE (metal_dtim_0_memory_start = 0x80000000)
                0x0000000080004000                PROVIDE (metal_dtim_0_memory_end = 0x80004000)
                0x0000000008000000                PROVIDE (metal_itim_0_memory_start = 0x8000000)
                0x0000000008002000                PROVIDE (metal_itim_0_memory_end = 0x8002000)

.init           0x0000000020010000      0x2d6
 *(.text.metal.init.enter)
 .text.metal.init.enter
                0x0000000020010000       0x90 C:/Users/dbwls/wsFreedomStudio/sifive_hifive1_revb_sifive_welcome/bsp/install/lib/debug/\libmetal.a(entry.o)
                0x0000000020010000                _enter
 *(.text.metal.init.*)
 .text.metal.init.__register_frame_info
                0x0000000020010090        0x2 C:/Users/dbwls/wsFreedomStudio/sifive_hifive1_revb_sifive_welcome/bsp/install/lib/debug/\libmetal.a(entry.o)
                0x0000000020010090                __register_frame_info
 .text.metal.init.scrub
                0x0000000020010092       0xe4 C:/Users/dbwls/wsFreedomStudio/sifive_hifive1_revb_sifive_welcome/bsp/install/lib/debug/\libmetal.a(scrub.o)
                0x000000002001009e                __metal_before_start
 *fill*         0x0000000020010176        0x2 
 .text.metal.init.trapvec
                0x0000000020010178        0xe C:/Users/dbwls/wsFreedomStudio/sifive_hifive1_revb_sifive_welcome/bsp/install/lib/debug/\libmetal.a(trap.o)
                0x0000000020010178                early_trap_vector
 *(SORT_NONE(.init))
 .init          0x0000000020010186        0xe C:/Users/dbwls/wsFreedomStudio/sifive_hifive1_revb_sifive_welcome/bsp/install/lib/debug/\libmetal.a(synchronize_harts.o)
                0x0000000020010186                __metal_synchronize_harts
 *(.text.libgloss.start)
 .text.libgloss.start
                0x0000000020010194      0x142 C:/Users/dbwls/wsFreedomStudio/sifive_hifive1_revb_sifive_welcome/bsp/install/lib/debug/\libmetal-gloss.a(crt0.o)
                0x0000000020010194                _start
                0x00000000200102b4                _fini
                0x00000000200102b4                _init
                0x00000000200102b6                secondary_main

.fini
 *(SORT_NONE(.fini))

.preinit_array  0x00000000200102d8        0x0
                0x00000000200102d8                PROVIDE (__preinit_array_start = .)
 *(.preinit_array)
                0x00000000200102d8                PROVIDE (__preinit_array_end = .)

.init_array     0x00000000200102d8        0xc
                0x00000000200102d8                PROVIDE (__init_array_start = .)
 *(SORT_BY_INIT_PRIORITY(.init_array.*) SORT_BY_INIT_PRIORITY(.ctors.*))
 *(.init_array EXCLUDE_FILE(*crtend?.o *crtend.o *crtbegin?.o *crtbegin.o) .ctors)
                0x00000000200102d8                PROVIDE (__init_array_end = .)
                0x00000000200102d8                PROVIDE (metal_constructors_start = .)
 *(SORT_BY_INIT_PRIORITY(.metal.init_array.*))
 .metal.init_array.5000
                0x00000000200102d8        0x8 C:/Users/dbwls/wsFreedomStudio/sifive_hifive1_revb_sifive_welcome/bsp/install/lib/debug/\libmetal.a(sifive_fe310-g000_pll.o)
                0x00000000200102d8                _metal_sifive_fe310_g000_pll_init_ptr
                0x00000000200102dc                _use_hfxosc_ptr
 .metal.init_array.5000
                0x00000000200102e0        0x4 C:/Users/dbwls/wsFreedomStudio/sifive_hifive1_revb_sifive_welcome/bsp/install/lib/debug/\libmetal.a(tty.o)
                0x00000000200102e0                _metal_tty_init_ptr
 *(.metal.init_array)
                0x00000000200102e4                PROVIDE (metal_constructors_end = .)

.fini_array     0x00000000200102e8        0x0
                0x00000000200102e8                PROVIDE (__fini_array_start = .)
 *(SORT_BY_INIT_PRIORITY(.fini_array.*) SORT_BY_INIT_PRIORITY(.dtors.*))
 *(.fini_array EXCLUDE_FILE(*crtend?.o *crtend.o *crtbegin?.o *crtbegin.o) .dtors)
                0x00000000200102e8                PROVIDE (__fini_array_end = .)
                0x00000000200102e8                PROVIDE (metal_destructors_start = .)
 *(SORT_BY_INIT_PRIORITY(.metal.fini_array.*))
 *(.metal.fini_array)
                0x00000000200102e8                PROVIDE (metal_destructors_end = .)

.ctors          0x00000000200102e4       0x7a
 *crtbegin.o(.ctors)
 *crtbegin?.o(.ctors)
 *(EXCLUDE_FILE(*crtend?.o *crtend.o) .ctors)
 *(SORT_BY_NAME(.ctors.*))
 *(.ctors)
 *(.metal.ctors .metal.ctors.*)
 .metal.ctors   0x00000000200102e4       0x56 C:/Users/dbwls/wsFreedomStudio/sifive_hifive1_revb_sifive_welcome/bsp/install/lib/debug/\libmetal.a(sifive_fe310-g000_pll.o)
                0x00000000200102e4                metal_sifive_fe310_g000_pll_init
                0x0000000020010310                use_hfxosc
 .metal.ctors   0x000000002001033a       0x24 C:/Users/dbwls/wsFreedomStudio/sifive_hifive1_revb_sifive_welcome/bsp/install/lib/debug/\libmetal.a(tty.o)
                0x000000002001033a                metal_tty_init

.dtors
 *crtbegin.o(.dtors)
 *crtbegin?.o(.dtors)
 *(EXCLUDE_FILE(*crtend?.o *crtend.o) .dtors)
 *(SORT_BY_NAME(.dtors.*))
 *(.dtors)
 *(.metal.dtors .metal.dtors.*)

.rodata         0x0000000020010360     0x11b8
 *(.rdata)
 *(.rodata .rodata.*)
 .rodata        0x0000000020010360      0x484 C:\Users\dbwls\AppData\Local\Temp\ccAKk7Hi.o
 .rodata.__sf_fake_stderr
                0x00000000200107e4       0x20 c:/users/dbwls/downloads/freedomstudio-2020-06-3-win64/sifive/riscv64-unknown-elf-gcc-8.3.0-2020.04.1/bin/../lib/gcc/riscv64-unknown-elf/8.3.0/../../../../riscv64-unknown-elf/lib/rv32imac/ilp32\libc_nano.a(lib_a-findfp.o)
                0x00000000200107e4                __sf_fake_stderr
 .rodata.__sf_fake_stdin
                0x0000000020010804       0x20 c:/users/dbwls/downloads/freedomstudio-2020-06-3-win64/sifive/riscv64-unknown-elf-gcc-8.3.0-2020.04.1/bin/../lib/gcc/riscv64-unknown-elf/8.3.0/../../../../riscv64-unknown-elf/lib/rv32imac/ilp32\libc_nano.a(lib_a-findfp.o)
                0x0000000020010804                __sf_fake_stdin
 .rodata.__sf_fake_stdout
                0x0000000020010824       0x20 c:/users/dbwls/downloads/freedomstudio-2020-06-3-win64/sifive/riscv64-unknown-elf-gcc-8.3.0-2020.04.1/bin/../lib/gcc/riscv64-unknown-elf/8.3.0/../../../../riscv64-unknown-elf/lib/rv32imac/ilp32\libc_nano.a(lib_a-findfp.o)
                0x0000000020010824                __sf_fake_stdout
 .rodata._vfprintf_r.str1.4
                0x0000000020010844       0x13 c:/users/dbwls/downloads/freedomstudio-2020-06-3-win64/sifive/riscv64-unknown-elf-gcc-8.3.0-2020.04.1/bin/../lib/gcc/riscv64-unknown-elf/8.3.0/../../../../riscv64-unknown-elf/lib/rv32imac/ilp32\libc_nano.a(lib_a-nano-vfprintf.o)
 *fill*         0x0000000020010857        0x1 
 .rodata._printf_i.str1.4
                0x0000000020010858       0x28 c:/users/dbwls/downloads/freedomstudio-2020-06-3-win64/sifive/riscv64-unknown-elf-gcc-8.3.0-2020.04.1/bin/../lib/gcc/riscv64-unknown-elf/8.3.0/../../../../riscv64-unknown-elf/lib/rv32imac/ilp32\libc_nano.a(lib_a-nano-vfprintf_i.o)
                                         0x25 (size before relaxing)
 .rodata        0x0000000020010880      0x100 c:/users/dbwls/downloads/freedomstudio-2020-06-3-win64/sifive/riscv64-unknown-elf-gcc-8.3.0-2020.04.1/bin/../lib/gcc/riscv64-unknown-elf/8.3.0/rv32imac/ilp32\libgcc.a(_clz.o)
                0x0000000020010880                __clz_tab
 .rodata.__metal_driver_vtable_riscv_clint0
                0x0000000020010980       0x64 C:/Users/dbwls/wsFreedomStudio/sifive_hifive1_revb_sifive_welcome/bsp/install/lib/debug/\libmetal.a(riscv_clint0.o)
                0x0000000020010980                __metal_driver_vtable_riscv_clint0
 .rodata.__metal_controller_interrupt_vector
                0x00000000200109e4       0x14 C:/Users/dbwls/wsFreedomStudio/sifive_hifive1_revb_sifive_welcome/bsp/install/lib/debug/\libmetal.a(riscv_cpu.o)
 .rodata.__metal_local_interrupt_enable
                0x00000000200109f8       0x80 C:/Users/dbwls/wsFreedomStudio/sifive_hifive1_revb_sifive_welcome/bsp/install/lib/debug/\libmetal.a(riscv_cpu.o)
 .rodata.__metal_driver_vtable_riscv_cpu_intc
                0x0000000020010a78       0x64 C:/Users/dbwls/wsFreedomStudio/sifive_hifive1_revb_sifive_welcome/bsp/install/lib/debug/\libmetal.a(riscv_cpu.o)
                0x0000000020010a78                __metal_driver_vtable_riscv_cpu_intc
 .rodata.__metal_driver_vtable_cpu
                0x0000000020010adc       0x44 C:/Users/dbwls/wsFreedomStudio/sifive_hifive1_revb_sifive_welcome/bsp/install/lib/debug/\libmetal.a(riscv_cpu.o)
                0x0000000020010adc                __metal_driver_vtable_cpu
 .rodata.__metal_driver_vtable_riscv_plic0
                0x0000000020010b20       0x64 C:/Users/dbwls/wsFreedomStudio/sifive_hifive1_revb_sifive_welcome/bsp/install/lib/debug/\libmetal.a(riscv_plic0.o)
                0x0000000020010b20                __metal_driver_vtable_riscv_plic0
 .rodata.pll_configs
                0x0000000020010b84      0x880 C:/Users/dbwls/wsFreedomStudio/sifive_hifive1_revb_sifive_welcome/bsp/install/lib/debug/\libmetal.a(sifive_fe310-g000_pll.o)
 .rodata.__metal_driver_vtable_sifive_fe310_g000_pll
                0x0000000020011404        0xc C:/Users/dbwls/wsFreedomStudio/sifive_hifive1_revb_sifive_welcome/bsp/install/lib/debug/\libmetal.a(sifive_fe310-g000_pll.o)
                0x0000000020011404                __metal_driver_vtable_sifive_fe310_g000_pll
 .rodata        0x0000000020011410       0x1d C:/Users/dbwls/wsFreedomStudio/sifive_hifive1_revb_sifive_welcome/bsp/install/lib/debug/\libmetal.a(sifive_gpio-leds.o)
 *fill*         0x000000002001142d        0x3 
 .rodata.__metal_driver_vtable_sifive_led
                0x0000000020011430       0x14 C:/Users/dbwls/wsFreedomStudio/sifive_hifive1_revb_sifive_welcome/bsp/install/lib/debug/\libmetal.a(sifive_gpio-leds.o)
                0x0000000020011430                __metal_driver_vtable_sifive_led
 .rodata.__metal_driver_sifive_gpio0_config_int
                0x0000000020011444       0x20 C:/Users/dbwls/wsFreedomStudio/sifive_hifive1_revb_sifive_welcome/bsp/install/lib/debug/\libmetal.a(sifive_gpio0.o)
 .rodata.__metal_driver_sifive_gpio0_clear_int
                0x0000000020011464       0x20 C:/Users/dbwls/wsFreedomStudio/sifive_hifive1_revb_sifive_welcome/bsp/install/lib/debug/\libmetal.a(sifive_gpio0.o)
 .rodata.__metal_driver_vtable_sifive_gpio0
                0x0000000020011484       0x3c C:/Users/dbwls/wsFreedomStudio/sifive_hifive1_revb_sifive_welcome/bsp/install/lib/debug/\libmetal.a(sifive_gpio0.o)
                0x0000000020011484                __metal_driver_vtable_sifive_gpio0
 .rodata.__metal_driver_vtable_sifive_uart0
                0x00000000200114c0       0x40 C:/Users/dbwls/wsFreedomStudio/sifive_hifive1_revb_sifive_welcome/bsp/install/lib/debug/\libmetal.a(sifive_uart0.o)
                0x00000000200114c0                __metal_driver_vtable_sifive_uart0
 .rodata.libgloss.start
                0x0000000020011500       0x11 C:/Users/dbwls/wsFreedomStudio/sifive_hifive1_revb_sifive_welcome/bsp/install/lib/debug/\libmetal-gloss.a(crt0.o)
 *(.gnu.linkonce.r.*)
                0x0000000020011518                . = ALIGN (0x8)
 *fill*         0x0000000020011511        0x7 
 *(.srodata.cst16)
 *(.srodata.cst8)
 *(.srodata.cst4)
 *(.srodata.cst2)
 *(.srodata .srodata.*)

.itim           0x0000000008000000        0x0 load address 0x0000000020011518
 *(.itim .itim.*)
                0x0000000020011518                PROVIDE (metal_segment_itim_source_start = LOADADDR (.itim))
                0x0000000008000000                PROVIDE (metal_segment_itim_target_start = ADDR (.itim))
                0x0000000008000000                PROVIDE (metal_segment_itim_target_end = (ADDR (.itim) + SIZEOF (.itim)))

.text           0x0000000020011580     0x7a38
 *(.text.unlikely .text.unlikely.*)
 *(.text.startup .text.startup.*)
 *(.text .text.*)
 .text.display_banner
                0x0000000020011580      0x144 C:\Users\dbwls\AppData\Local\Temp\ccAKk7Hi.o
                0x0000000020011580                display_banner
 .text.timer_isr
                0x00000000200116c4       0x30 C:\Users\dbwls\AppData\Local\Temp\ccAKk7Hi.o
                0x00000000200116c4                timer_isr
 .text.wait_for_timer
                0x00000000200116f4       0x7e C:\Users\dbwls\AppData\Local\Temp\ccAKk7Hi.o
                0x00000000200116f4                wait_for_timer
 .text.main     0x0000000020011772      0x28a C:\Users\dbwls\AppData\Local\Temp\ccAKk7Hi.o
                0x0000000020011772                main
 *fill*         0x00000000200119fc        0x0 
 .text          0x00000000200119fc       0x12 C:\Users\dbwls\AppData\Local\Temp\cc4m1lHv.o
                0x00000000200119fc                getcycles
 .text          0x0000000020011a0e      0xb6a C:\Users\dbwls\AppData\Local\Temp\cc25svbg.o
                0x0000000020011a0e                LEA256_ENC
 .text.printf   0x0000000020012578       0x44 c:/users/dbwls/downloads/freedomstudio-2020-06-3-win64/sifive/riscv64-unknown-elf-gcc-8.3.0-2020.04.1/bin/../lib/gcc/riscv64-unknown-elf/8.3.0/../../../../riscv64-unknown-elf/lib/rv32imac/ilp32\libc_nano.a(lib_a-printf.o)
                0x0000000020012578                iprintf
                0x0000000020012578                printf
 .text.putchar  0x00000000200125bc       0x2c c:/users/dbwls/downloads/freedomstudio-2020-06-3-win64/sifive/riscv64-unknown-elf-gcc-8.3.0-2020.04.1/bin/../lib/gcc/riscv64-unknown-elf/8.3.0/../../../../riscv64-unknown-elf/lib/rv32imac/ilp32\libc_nano.a(lib_a-putchar.o)
                0x00000000200125bc                putchar
 .text._putc_r  0x00000000200125e8       0x82 c:/users/dbwls/downloads/freedomstudio-2020-06-3-win64/sifive/riscv64-unknown-elf-gcc-8.3.0-2020.04.1/bin/../lib/gcc/riscv64-unknown-elf/8.3.0/../../../../riscv64-unknown-elf/lib/rv32imac/ilp32\libc_nano.a(lib_a-putc.o)
                0x00000000200125e8                _putc_r
 .text._puts_r  0x000000002001266a       0xda c:/users/dbwls/downloads/freedomstudio-2020-06-3-win64/sifive/riscv64-unknown-elf-gcc-8.3.0-2020.04.1/bin/../lib/gcc/riscv64-unknown-elf/8.3.0/../../../../riscv64-unknown-elf/lib/rv32imac/ilp32\libc_nano.a(lib_a-puts.o)
                0x000000002001266a                _puts_r
 .text.puts     0x0000000020012744        0xe c:/users/dbwls/downloads/freedomstudio-2020-06-3-win64/sifive/riscv64-unknown-elf-gcc-8.3.0-2020.04.1/bin/../lib/gcc/riscv64-unknown-elf/8.3.0/../../../../riscv64-unknown-elf/lib/rv32imac/ilp32\libc_nano.a(lib_a-puts.o)
                0x0000000020012744                puts
 .text.__swbuf_r
                0x0000000020012752       0xc0 c:/users/dbwls/downloads/freedomstudio-2020-06-3-win64/sifive/riscv64-unknown-elf-gcc-8.3.0-2020.04.1/bin/../lib/gcc/riscv64-unknown-elf/8.3.0/../../../../riscv64-unknown-elf/lib/rv32imac/ilp32\libc_nano.a(lib_a-wbuf.o)
                0x0000000020012752                __swbuf_r
 .text.__swsetup_r
                0x0000000020012812      0x110 c:/users/dbwls/downloads/freedomstudio-2020-06-3-win64/sifive/riscv64-unknown-elf-gcc-8.3.0-2020.04.1/bin/../lib/gcc/riscv64-unknown-elf/8.3.0/../../../../riscv64-unknown-elf/lib/rv32imac/ilp32\libc_nano.a(lib_a-wsetup.o)
                0x0000000020012812                __swsetup_r
 .text.__sflush_r
                0x0000000020012922      0x14a c:/users/dbwls/downloads/freedomstudio-2020-06-3-win64/sifive/riscv64-unknown-elf-gcc-8.3.0-2020.04.1/bin/../lib/gcc/riscv64-unknown-elf/8.3.0/../../../../riscv64-unknown-elf/lib/rv32imac/ilp32\libc_nano.a(lib_a-fflush.o)
                0x0000000020012922                __sflush_r
 .text._fflush_r
                0x0000000020012a6c       0x64 c:/users/dbwls/downloads/freedomstudio-2020-06-3-win64/sifive/riscv64-unknown-elf-gcc-8.3.0-2020.04.1/bin/../lib/gcc/riscv64-unknown-elf/8.3.0/../../../../riscv64-unknown-elf/lib/rv32imac/ilp32\libc_nano.a(lib_a-fflush.o)
                0x0000000020012a6c                _fflush_r
 .text.std      0x0000000020012ad0       0x68 c:/users/dbwls/downloads/freedomstudio-2020-06-3-win64/sifive/riscv64-unknown-elf-gcc-8.3.0-2020.04.1/bin/../lib/gcc/riscv64-unknown-elf/8.3.0/../../../../riscv64-unknown-elf/lib/rv32imac/ilp32\libc_nano.a(lib_a-findfp.o)
 .text._cleanup_r
                0x0000000020012b38        0xa c:/users/dbwls/downloads/freedomstudio-2020-06-3-win64/sifive/riscv64-unknown-elf-gcc-8.3.0-2020.04.1/bin/../lib/gcc/riscv64-unknown-elf/8.3.0/../../../../riscv64-unknown-elf/lib/rv32imac/ilp32\libc_nano.a(lib_a-findfp.o)
                0x0000000020012b38                _cleanup_r
 .text.__sfmoreglue
                0x0000000020012b42       0x44 c:/users/dbwls/downloads/freedomstudio-2020-06-3-win64/sifive/riscv64-unknown-elf-gcc-8.3.0-2020.04.1/bin/../lib/gcc/riscv64-unknown-elf/8.3.0/../../../../riscv64-unknown-elf/lib/rv32imac/ilp32\libc_nano.a(lib_a-findfp.o)
                0x0000000020012b42                __sfmoreglue
 .text.__sinit  0x0000000020012b86       0x6a c:/users/dbwls/downloads/freedomstudio-2020-06-3-win64/sifive/riscv64-unknown-elf-gcc-8.3.0-2020.04.1/bin/../lib/gcc/riscv64-unknown-elf/8.3.0/../../../../riscv64-unknown-elf/lib/rv32imac/ilp32\libc_nano.a(lib_a-findfp.o)
                0x0000000020012b86                __sinit
 .text.__sfp    0x0000000020012bf0       0x9e c:/users/dbwls/downloads/freedomstudio-2020-06-3-win64/sifive/riscv64-unknown-elf-gcc-8.3.0-2020.04.1/bin/../lib/gcc/riscv64-unknown-elf/8.3.0/../../../../riscv64-unknown-elf/lib/rv32imac/ilp32\libc_nano.a(lib_a-findfp.o)
                0x0000000020012bf0                __sfp
 .text._fwalk_reent
                0x0000000020012c8e       0x6c c:/users/dbwls/downloads/freedomstudio-2020-06-3-win64/sifive/riscv64-unknown-elf-gcc-8.3.0-2020.04.1/bin/../lib/gcc/riscv64-unknown-elf/8.3.0/../../../../riscv64-unknown-elf/lib/rv32imac/ilp32\libc_nano.a(lib_a-fwalk.o)
                0x0000000020012c8e                _fwalk_reent
 .text.__swhatbuf_r
                0x0000000020012cfa       0x58 c:/users/dbwls/downloads/freedomstudio-2020-06-3-win64/sifive/riscv64-unknown-elf-gcc-8.3.0-2020.04.1/bin/../lib/gcc/riscv64-unknown-elf/8.3.0/../../../../riscv64-unknown-elf/lib/rv32imac/ilp32\libc_nano.a(lib_a-makebuf.o)
                0x0000000020012cfa                __swhatbuf_r
 .text.__smakebuf_r
                0x0000000020012d52       0x9c c:/users/dbwls/downloads/freedomstudio-2020-06-3-win64/sifive/riscv64-unknown-elf-gcc-8.3.0-2020.04.1/bin/../lib/gcc/riscv64-unknown-elf/8.3.0/../../../../riscv64-unknown-elf/lib/rv32imac/ilp32\libc_nano.a(lib_a-makebuf.o)
                0x0000000020012d52                __smakebuf_r
 .text          0x0000000020012dee       0x10 c:/users/dbwls/downloads/freedomstudio-2020-06-3-win64/sifive/riscv64-unknown-elf-gcc-8.3.0-2020.04.1/bin/../lib/gcc/riscv64-unknown-elf/8.3.0/../../../../riscv64-unknown-elf/lib/rv32imac/ilp32\libc_nano.a(lib_a-memset.o)
                0x0000000020012dee                memset
 .text._free_r  0x0000000020012dfe       0xac c:/users/dbwls/downloads/freedomstudio-2020-06-3-win64/sifive/riscv64-unknown-elf-gcc-8.3.0-2020.04.1/bin/../lib/gcc/riscv64-unknown-elf/8.3.0/../../../../riscv64-unknown-elf/lib/rv32imac/ilp32\libc_nano.a(lib_a-nano-freer.o)
                0x0000000020012dfe                _free_r
 .text._malloc_r
                0x0000000020012eaa       0xde c:/users/dbwls/downloads/freedomstudio-2020-06-3-win64/sifive/riscv64-unknown-elf-gcc-8.3.0-2020.04.1/bin/../lib/gcc/riscv64-unknown-elf/8.3.0/../../../../riscv64-unknown-elf/lib/rv32imac/ilp32\libc_nano.a(lib_a-nano-mallocr.o)
                0x0000000020012eaa                _malloc_r
 .text.__sfputc_r
                0x0000000020012f88       0x2a c:/users/dbwls/downloads/freedomstudio-2020-06-3-win64/sifive/riscv64-unknown-elf-gcc-8.3.0-2020.04.1/bin/../lib/gcc/riscv64-unknown-elf/8.3.0/../../../../riscv64-unknown-elf/lib/rv32imac/ilp32\libc_nano.a(lib_a-nano-vfprintf.o)
 .text.__sfputs_r
                0x0000000020012fb2       0x42 c:/users/dbwls/downloads/freedomstudio-2020-06-3-win64/sifive/riscv64-unknown-elf-gcc-8.3.0-2020.04.1/bin/../lib/gcc/riscv64-unknown-elf/8.3.0/../../../../riscv64-unknown-elf/lib/rv32imac/ilp32\libc_nano.a(lib_a-nano-vfprintf.o)
                0x0000000020012fb2                __sfputs_r
 .text._vfprintf_r
                0x0000000020012ff4      0x298 c:/users/dbwls/downloads/freedomstudio-2020-06-3-win64/sifive/riscv64-unknown-elf-gcc-8.3.0-2020.04.1/bin/../lib/gcc/riscv64-unknown-elf/8.3.0/../../../../riscv64-unknown-elf/lib/rv32imac/ilp32\libc_nano.a(lib_a-nano-vfprintf.o)
                0x0000000020012ff4                _vfprintf_r
                0x0000000020012ff4                _vfiprintf_r
 .text._sbrk_r  0x000000002001328c       0x2a c:/users/dbwls/downloads/freedomstudio-2020-06-3-win64/sifive/riscv64-unknown-elf-gcc-8.3.0-2020.04.1/bin/../lib/gcc/riscv64-unknown-elf/8.3.0/../../../../riscv64-unknown-elf/lib/rv32imac/ilp32\libc_nano.a(lib_a-sbrkr.o)
                0x000000002001328c                _sbrk_r
 .text.__sread  0x00000000200132b6       0x30 c:/users/dbwls/downloads/freedomstudio-2020-06-3-win64/sifive/riscv64-unknown-elf-gcc-8.3.0-2020.04.1/bin/../lib/gcc/riscv64-unknown-elf/8.3.0/../../../../riscv64-unknown-elf/lib/rv32imac/ilp32\libc_nano.a(lib_a-stdio.o)
                0x00000000200132b6                __sread
 .text.__swrite
                0x00000000200132e6       0x4e c:/users/dbwls/downloads/freedomstudio-2020-06-3-win64/sifive/riscv64-unknown-elf-gcc-8.3.0-2020.04.1/bin/../lib/gcc/riscv64-unknown-elf/8.3.0/../../../../riscv64-unknown-elf/lib/rv32imac/ilp32\libc_nano.a(lib_a-stdio.o)
                0x00000000200132e6                __swrite
 .text.__sseek  0x0000000020013334       0x36 c:/users/dbwls/downloads/freedomstudio-2020-06-3-win64/sifive/riscv64-unknown-elf-gcc-8.3.0-2020.04.1/bin/../lib/gcc/riscv64-unknown-elf/8.3.0/../../../../riscv64-unknown-elf/lib/rv32imac/ilp32\libc_nano.a(lib_a-stdio.o)
                0x0000000020013334                __sseek
 .text.__sclose
                0x000000002001336a        0x6 c:/users/dbwls/downloads/freedomstudio-2020-06-3-win64/sifive/riscv64-unknown-elf-gcc-8.3.0-2020.04.1/bin/../lib/gcc/riscv64-unknown-elf/8.3.0/../../../../riscv64-unknown-elf/lib/rv32imac/ilp32\libc_nano.a(lib_a-stdio.o)
                0x000000002001336a                __sclose
 .text._write_r
                0x0000000020013370       0x2e c:/users/dbwls/downloads/freedomstudio-2020-06-3-win64/sifive/riscv64-unknown-elf-gcc-8.3.0-2020.04.1/bin/../lib/gcc/riscv64-unknown-elf/8.3.0/../../../../riscv64-unknown-elf/lib/rv32imac/ilp32\libc_nano.a(lib_a-writer.o)
                0x0000000020013370                _write_r
 .text._close_r
                0x000000002001339e       0x2a c:/users/dbwls/downloads/freedomstudio-2020-06-3-win64/sifive/riscv64-unknown-elf-gcc-8.3.0-2020.04.1/bin/../lib/gcc/riscv64-unknown-elf/8.3.0/../../../../riscv64-unknown-elf/lib/rv32imac/ilp32\libc_nano.a(lib_a-closer.o)
                0x000000002001339e                _close_r
 .text._fstat_r
                0x00000000200133c8       0x2c c:/users/dbwls/downloads/freedomstudio-2020-06-3-win64/sifive/riscv64-unknown-elf-gcc-8.3.0-2020.04.1/bin/../lib/gcc/riscv64-unknown-elf/8.3.0/../../../../riscv64-unknown-elf/lib/rv32imac/ilp32\libc_nano.a(lib_a-fstatr.o)
                0x00000000200133c8                _fstat_r
 .text._isatty_r
                0x00000000200133f4       0x2a c:/users/dbwls/downloads/freedomstudio-2020-06-3-win64/sifive/riscv64-unknown-elf-gcc-8.3.0-2020.04.1/bin/../lib/gcc/riscv64-unknown-elf/8.3.0/../../../../riscv64-unknown-elf/lib/rv32imac/ilp32\libc_nano.a(lib_a-isattyr.o)
                0x00000000200133f4                _isatty_r
 .text._lseek_r
                0x000000002001341e       0x2e c:/users/dbwls/downloads/freedomstudio-2020-06-3-win64/sifive/riscv64-unknown-elf-gcc-8.3.0-2020.04.1/bin/../lib/gcc/riscv64-unknown-elf/8.3.0/../../../../riscv64-unknown-elf/lib/rv32imac/ilp32\libc_nano.a(lib_a-lseekr.o)
                0x000000002001341e                _lseek_r
 .text.memchr   0x000000002001344c       0x1a c:/users/dbwls/downloads/freedomstudio-2020-06-3-win64/sifive/riscv64-unknown-elf-gcc-8.3.0-2020.04.1/bin/../lib/gcc/riscv64-unknown-elf/8.3.0/../../../../riscv64-unknown-elf/lib/rv32imac/ilp32\libc_nano.a(lib_a-memchr.o)
                0x000000002001344c                memchr
 .text.__malloc_lock
                0x0000000020013466        0x2 c:/users/dbwls/downloads/freedomstudio-2020-06-3-win64/sifive/riscv64-unknown-elf-gcc-8.3.0-2020.04.1/bin/../lib/gcc/riscv64-unknown-elf/8.3.0/../../../../riscv64-unknown-elf/lib/rv32imac/ilp32\libc_nano.a(lib_a-mlock.o)
                0x0000000020013466                __malloc_lock
 .text.__malloc_unlock
                0x0000000020013468        0x2 c:/users/dbwls/downloads/freedomstudio-2020-06-3-win64/sifive/riscv64-unknown-elf-gcc-8.3.0-2020.04.1/bin/../lib/gcc/riscv64-unknown-elf/8.3.0/../../../../riscv64-unknown-elf/lib/rv32imac/ilp32\libc_nano.a(lib_a-mlock.o)
                0x0000000020013468                __malloc_unlock
 .text._printf_common
                0x000000002001346a      0x10c c:/users/dbwls/downloads/freedomstudio-2020-06-3-win64/sifive/riscv64-unknown-elf-gcc-8.3.0-2020.04.1/bin/../lib/gcc/riscv64-unknown-elf/8.3.0/../../../../riscv64-unknown-elf/lib/rv32imac/ilp32\libc_nano.a(lib_a-nano-vfprintf_i.o)
                0x000000002001346a                _printf_common
 .text._printf_i
                0x0000000020013576      0x2a2 c:/users/dbwls/downloads/freedomstudio-2020-06-3-win64/sifive/riscv64-unknown-elf-gcc-8.3.0-2020.04.1/bin/../lib/gcc/riscv64-unknown-elf/8.3.0/../../../../riscv64-unknown-elf/lib/rv32imac/ilp32\libc_nano.a(lib_a-nano-vfprintf_i.o)
                0x0000000020013576                _printf_i
 .text._read_r  0x0000000020013818       0x2e c:/users/dbwls/downloads/freedomstudio-2020-06-3-win64/sifive/riscv64-unknown-elf-gcc-8.3.0-2020.04.1/bin/../lib/gcc/riscv64-unknown-elf/8.3.0/../../../../riscv64-unknown-elf/lib/rv32imac/ilp32\libc_nano.a(lib_a-readr.o)
                0x0000000020013818                _read_r
 .text          0x0000000020013846      0x35e c:/users/dbwls/downloads/freedomstudio-2020-06-3-win64/sifive/riscv64-unknown-elf-gcc-8.3.0-2020.04.1/bin/../lib/gcc/riscv64-unknown-elf/8.3.0/rv32imac/ilp32\libgcc.a(_udivdi3.o)
                0x0000000020013846                __udivdi3
 .text.metal_cpu_get_mtime
                0x0000000020013ba4       0x2a C:/Users/dbwls/wsFreedomStudio/sifive_hifive1_revb_sifive_welcome/bsp/install/lib/debug/\libmetal.a(cpu.o)
                0x0000000020013ba4                metal_cpu_get_mtime
 .text.metal_cpu_set_mtimecmp
                0x0000000020013bce       0x36 C:/Users/dbwls/wsFreedomStudio/sifive_hifive1_revb_sifive_welcome/bsp/install/lib/debug/\libmetal.a(cpu.o)
                0x0000000020013bce                metal_cpu_set_mtimecmp
 .text.metal_cpu_timer_interrupt_controller
                0x0000000020013c04       0x26 C:/Users/dbwls/wsFreedomStudio/sifive_hifive1_revb_sifive_welcome/bsp/install/lib/debug/\libmetal.a(cpu.o)
                0x0000000020013c04                metal_cpu_timer_interrupt_controller
 .text.metal_cpu_timer_get_interrupt_id
                0x0000000020013c2a       0x26 C:/Users/dbwls/wsFreedomStudio/sifive_hifive1_revb_sifive_welcome/bsp/install/lib/debug/\libmetal.a(cpu.o)
                0x0000000020013c2a                metal_cpu_timer_get_interrupt_id
 .text.metal_cpu_interrupt_controller
                0x0000000020013c50       0x26 C:/Users/dbwls/wsFreedomStudio/sifive_hifive1_revb_sifive_welcome/bsp/install/lib/debug/\libmetal.a(cpu.o)
                0x0000000020013c50                metal_cpu_interrupt_controller
 .text.metal_cpu_get
                0x0000000020013c76       0x2e C:/Users/dbwls/wsFreedomStudio/sifive_hifive1_revb_sifive_welcome/bsp/install/lib/debug/\libmetal.a(cpu.o)
                0x0000000020013c76                metal_cpu_get
 .text.metal_cpu_get_current_hartid
                0x0000000020013ca4       0x1a C:/Users/dbwls/wsFreedomStudio/sifive_hifive1_revb_sifive_welcome/bsp/install/lib/debug/\libmetal.a(cpu.o)
                0x0000000020013ca4                metal_cpu_get_current_hartid
 .text.metal_interrupt_init
                0x0000000020013cbe       0x24 C:/Users/dbwls/wsFreedomStudio/sifive_hifive1_revb_sifive_welcome/bsp/install/lib/debug/\libmetal.a(interrupt.o)
                0x0000000020013cbe                metal_interrupt_init
 .text.metal_interrupt_register_handler
                0x0000000020013ce2       0x3e C:/Users/dbwls/wsFreedomStudio/sifive_hifive1_revb_sifive_welcome/bsp/install/lib/debug/\libmetal.a(interrupt.o)
                0x0000000020013ce2                metal_interrupt_register_handler
 .text.metal_interrupt_enable
                0x0000000020013d20       0x2e C:/Users/dbwls/wsFreedomStudio/sifive_hifive1_revb_sifive_welcome/bsp/install/lib/debug/\libmetal.a(interrupt.o)
                0x0000000020013d20                metal_interrupt_enable
 .text.metal_interrupt_disable
                0x0000000020013d4e       0x2e C:/Users/dbwls/wsFreedomStudio/sifive_hifive1_revb_sifive_welcome/bsp/install/lib/debug/\libmetal.a(interrupt.o)
                0x0000000020013d4e                metal_interrupt_disable
 .text.metal_led_enable
                0x0000000020013d7c       0x24 C:/Users/dbwls/wsFreedomStudio/sifive_hifive1_revb_sifive_welcome/bsp/install/lib/debug/\libmetal.a(led.o)
                0x0000000020013d7c                metal_led_enable
 .text.metal_led_on
                0x0000000020013da0       0x24 C:/Users/dbwls/wsFreedomStudio/sifive_hifive1_revb_sifive_welcome/bsp/install/lib/debug/\libmetal.a(led.o)
                0x0000000020013da0                metal_led_on
 .text.metal_led_off
                0x0000000020013dc4       0x24 C:/Users/dbwls/wsFreedomStudio/sifive_hifive1_revb_sifive_welcome/bsp/install/lib/debug/\libmetal.a(led.o)
                0x0000000020013dc4                metal_led_off
 .text.metal_led_get_rgb
                0x0000000020013de8       0x96 C:/Users/dbwls/wsFreedomStudio/sifive_hifive1_revb_sifive_welcome/bsp/install/lib/debug/\libmetal.a(led.o)
                0x0000000020013de8                metal_led_get_rgb
 .text.__metal_driver_sifive_clint0_control_base
                0x0000000020013e7e       0x2a C:/Users/dbwls/wsFreedomStudio/sifive_hifive1_revb_sifive_welcome/bsp/install/lib/debug/\libmetal.a(riscv_clint0.o)
 .text.__metal_driver_sifive_clint0_num_interrupts
                0x0000000020013ea8       0x28 C:/Users/dbwls/wsFreedomStudio/sifive_hifive1_revb_sifive_welcome/bsp/install/lib/debug/\libmetal.a(riscv_clint0.o)
 .text.__metal_driver_sifive_clint0_interrupt_parents
                0x0000000020013ed0       0x3c C:/Users/dbwls/wsFreedomStudio/sifive_hifive1_revb_sifive_welcome/bsp/install/lib/debug/\libmetal.a(riscv_clint0.o)
 .text.__metal_driver_sifive_clint0_interrupt_lines
                0x0000000020013f0c       0x30 C:/Users/dbwls/wsFreedomStudio/sifive_hifive1_revb_sifive_welcome/bsp/install/lib/debug/\libmetal.a(riscv_clint0.o)
 .text.__metal_clint0_mtime_get
                0x0000000020013f3c       0x9a C:/Users/dbwls/wsFreedomStudio/sifive_hifive1_revb_sifive_welcome/bsp/install/lib/debug/\libmetal.a(riscv_clint0.o)
                0x0000000020013f3c                __metal_clint0_mtime_get
 .text.__metal_driver_riscv_clint0_mtimecmp_set
                0x0000000020013fd6       0x96 C:/Users/dbwls/wsFreedomStudio/sifive_hifive1_revb_sifive_welcome/bsp/install/lib/debug/\libmetal.a(riscv_clint0.o)
                0x0000000020013fd6                __metal_driver_riscv_clint0_mtimecmp_set
 .text._get_cpu_intc
                0x000000002001406c       0x32 C:/Users/dbwls/wsFreedomStudio/sifive_hifive1_revb_sifive_welcome/bsp/install/lib/debug/\libmetal.a(riscv_clint0.o)
 .text.__metal_driver_riscv_clint0_init
                0x000000002001409e       0x88 C:/Users/dbwls/wsFreedomStudio/sifive_hifive1_revb_sifive_welcome/bsp/install/lib/debug/\libmetal.a(riscv_clint0.o)
                0x000000002001409e                __metal_driver_riscv_clint0_init
 .text.__metal_driver_riscv_clint0_register
                0x0000000020014126       0xda C:/Users/dbwls/wsFreedomStudio/sifive_hifive1_revb_sifive_welcome/bsp/install/lib/debug/\libmetal.a(riscv_clint0.o)
                0x0000000020014126                __metal_driver_riscv_clint0_register
 .text.__metal_driver_riscv_clint0_vector_register
                0x0000000020014200       0x28 C:/Users/dbwls/wsFreedomStudio/sifive_hifive1_revb_sifive_welcome/bsp/install/lib/debug/\libmetal.a(riscv_clint0.o)
                0x0000000020014200                __metal_driver_riscv_clint0_vector_register
 .text.__metal_driver_riscv_clint0_get_vector_mode
                0x0000000020014228       0x1c C:/Users/dbwls/wsFreedomStudio/sifive_hifive1_revb_sifive_welcome/bsp/install/lib/debug/\libmetal.a(riscv_clint0.o)
                0x0000000020014228                __metal_driver_riscv_clint0_get_vector_mode
 .text.__metal_driver_riscv_clint0_set_vector_mode
                0x0000000020014244       0x58 C:/Users/dbwls/wsFreedomStudio/sifive_hifive1_revb_sifive_welcome/bsp/install/lib/debug/\libmetal.a(riscv_clint0.o)
                0x0000000020014244                __metal_driver_riscv_clint0_set_vector_mode
 .text.__metal_driver_riscv_clint0_enable
                0x000000002001429c       0xb2 C:/Users/dbwls/wsFreedomStudio/sifive_hifive1_revb_sifive_welcome/bsp/install/lib/debug/\libmetal.a(riscv_clint0.o)
                0x000000002001429c                __metal_driver_riscv_clint0_enable
 .text.__metal_driver_riscv_clint0_disable
                0x000000002001434e       0xb8 C:/Users/dbwls/wsFreedomStudio/sifive_hifive1_revb_sifive_welcome/bsp/install/lib/debug/\libmetal.a(riscv_clint0.o)
                0x000000002001434e                __metal_driver_riscv_clint0_disable
 .text.__metal_driver_riscv_clint0_command_request
                0x0000000020014406      0x136 C:/Users/dbwls/wsFreedomStudio/sifive_hifive1_revb_sifive_welcome/bsp/install/lib/debug/\libmetal.a(riscv_clint0.o)
                0x0000000020014406                __metal_driver_riscv_clint0_command_request
 .text.__metal_driver_riscv_clint0_clear_interrupt
                0x000000002001453c       0x34 C:/Users/dbwls/wsFreedomStudio/sifive_hifive1_revb_sifive_welcome/bsp/install/lib/debug/\libmetal.a(riscv_clint0.o)
                0x000000002001453c                __metal_driver_riscv_clint0_clear_interrupt
 .text.__metal_driver_riscv_clint0_set_interrupt
                0x0000000020014570       0x34 C:/Users/dbwls/wsFreedomStudio/sifive_hifive1_revb_sifive_welcome/bsp/install/lib/debug/\libmetal.a(riscv_clint0.o)
                0x0000000020014570                __metal_driver_riscv_clint0_set_interrupt
 .text.__metal_driver_cpu_hartid
                0x00000000200145a4       0x24 C:/Users/dbwls/wsFreedomStudio/sifive_hifive1_revb_sifive_welcome/bsp/install/lib/debug/\libmetal.a(riscv_cpu.o)
 .text.__metal_driver_cpu_timebase
                0x00000000200145c8       0x2a C:/Users/dbwls/wsFreedomStudio/sifive_hifive1_revb_sifive_welcome/bsp/install/lib/debug/\libmetal.a(riscv_cpu.o)
 .text.__metal_driver_cpu_interrupt_controller
                0x00000000200145f2       0x2a C:/Users/dbwls/wsFreedomStudio/sifive_hifive1_revb_sifive_welcome/bsp/install/lib/debug/\libmetal.a(riscv_cpu.o)
 .text.__metal_driver_cpu_buserror
                0x000000002001461c       0x24 C:/Users/dbwls/wsFreedomStudio/sifive_hifive1_revb_sifive_welcome/bsp/install/lib/debug/\libmetal.a(riscv_cpu.o)
 .text.__metal_driver_cpu_get
                0x0000000020014640       0x30 C:/Users/dbwls/wsFreedomStudio/sifive_hifive1_revb_sifive_welcome/bsp/install/lib/debug/\libmetal.a(riscv_cpu.o)
                0x0000000020014640                __metal_driver_cpu_get
 .text.__metal_myhart_id
                0x0000000020014670       0x1a C:/Users/dbwls/wsFreedomStudio/sifive_hifive1_revb_sifive_welcome/bsp/install/lib/debug/\libmetal.a(riscv_cpu.o)
                0x0000000020014670                __metal_myhart_id
 .text.__metal_interrupt_global_enable
                0x000000002001468a       0x18 C:/Users/dbwls/wsFreedomStudio/sifive_hifive1_revb_sifive_welcome/bsp/install/lib/debug/\libmetal.a(riscv_cpu.o)
                0x000000002001468a                __metal_interrupt_global_enable
 .text.__metal_interrupt_global_disable
                0x00000000200146a2       0x18 C:/Users/dbwls/wsFreedomStudio/sifive_hifive1_revb_sifive_welcome/bsp/install/lib/debug/\libmetal.a(riscv_cpu.o)
                0x00000000200146a2                __metal_interrupt_global_disable
 .text.__metal_interrupt_software_enable
                0x00000000200146ba       0x18 C:/Users/dbwls/wsFreedomStudio/sifive_hifive1_revb_sifive_welcome/bsp/install/lib/debug/\libmetal.a(riscv_cpu.o)
                0x00000000200146ba                __metal_interrupt_software_enable
 .text.__metal_interrupt_software_disable
                0x00000000200146d2       0x18 C:/Users/dbwls/wsFreedomStudio/sifive_hifive1_revb_sifive_welcome/bsp/install/lib/debug/\libmetal.a(riscv_cpu.o)
                0x00000000200146d2                __metal_interrupt_software_disable
 .text.__metal_interrupt_timer_enable
                0x00000000200146ea       0x1a C:/Users/dbwls/wsFreedomStudio/sifive_hifive1_revb_sifive_welcome/bsp/install/lib/debug/\libmetal.a(riscv_cpu.o)
                0x00000000200146ea                __metal_interrupt_timer_enable
 .text.__metal_interrupt_timer_disable
                0x0000000020014704       0x1a C:/Users/dbwls/wsFreedomStudio/sifive_hifive1_revb_sifive_welcome/bsp/install/lib/debug/\libmetal.a(riscv_cpu.o)
                0x0000000020014704                __metal_interrupt_timer_disable
 .text.__metal_interrupt_external_enable
                0x000000002001471e       0x1c C:/Users/dbwls/wsFreedomStudio/sifive_hifive1_revb_sifive_welcome/bsp/install/lib/debug/\libmetal.a(riscv_cpu.o)
                0x000000002001471e                __metal_interrupt_external_enable
 .text.__metal_interrupt_external_disable
                0x000000002001473a       0x1c C:/Users/dbwls/wsFreedomStudio/sifive_hifive1_revb_sifive_welcome/bsp/install/lib/debug/\libmetal.a(riscv_cpu.o)
                0x000000002001473a                __metal_interrupt_external_disable
 .text.__metal_interrupt_local_enable
                0x0000000020014756       0x2c C:/Users/dbwls/wsFreedomStudio/sifive_hifive1_revb_sifive_welcome/bsp/install/lib/debug/\libmetal.a(riscv_cpu.o)
                0x0000000020014756                __metal_interrupt_local_enable
 .text.__metal_interrupt_local_disable
                0x0000000020014782       0x2c C:/Users/dbwls/wsFreedomStudio/sifive_hifive1_revb_sifive_welcome/bsp/install/lib/debug/\libmetal.a(riscv_cpu.o)
                0x0000000020014782                __metal_interrupt_local_disable
 .text.__metal_default_exception_handler
                0x00000000200147ae       0x18 C:/Users/dbwls/wsFreedomStudio/sifive_hifive1_revb_sifive_welcome/bsp/install/lib/debug/\libmetal.a(riscv_cpu.o)
                0x00000000200147ae                __metal_default_exception_handler
 .text.__metal_default_interrupt_handler
                0x00000000200147c6       0x18 C:/Users/dbwls/wsFreedomStudio/sifive_hifive1_revb_sifive_welcome/bsp/install/lib/debug/\libmetal.a(riscv_cpu.o)
                0x00000000200147c6                __metal_default_interrupt_handler
 .text.metal_interrupt_vector_handler
                0x00000000200147de       0x2e C:/Users/dbwls/wsFreedomStudio/sifive_hifive1_revb_sifive_welcome/bsp/install/lib/debug/\libmetal.a(riscv_cpu.o)
                0x00000000200147de                metal_interrupt_vector_handler
 .text.metal_software_interrupt_vector_handler
                0x000000002001480c       0x92 C:/Users/dbwls/wsFreedomStudio/sifive_hifive1_revb_sifive_welcome/bsp/install/lib/debug/\libmetal.a(riscv_cpu.o)
                0x000000002001480c                metal_software_interrupt_vector_handler
 .text.__metal_default_sw_handler
                0x000000002001489e       0x68 C:/Users/dbwls/wsFreedomStudio/sifive_hifive1_revb_sifive_welcome/bsp/install/lib/debug/\libmetal.a(riscv_cpu.o)
                0x000000002001489e                __metal_default_sw_handler
 .text.metal_timer_interrupt_vector_handler
                0x0000000020014906       0x92 C:/Users/dbwls/wsFreedomStudio/sifive_hifive1_revb_sifive_welcome/bsp/install/lib/debug/\libmetal.a(riscv_cpu.o)
                0x0000000020014906                metal_timer_interrupt_vector_handler
 .text.__metal_default_beu_handler
                0x0000000020014998       0x16 C:/Users/dbwls/wsFreedomStudio/sifive_hifive1_revb_sifive_welcome/bsp/install/lib/debug/\libmetal.a(riscv_cpu.o)
                0x0000000020014998                __metal_default_beu_handler
 .text.__metal_default_timer_handler
                0x00000000200149ae       0x66 C:/Users/dbwls/wsFreedomStudio/sifive_hifive1_revb_sifive_welcome/bsp/install/lib/debug/\libmetal.a(riscv_cpu.o)
                0x00000000200149ae                __metal_default_timer_handler
 *fill*         0x0000000020014a14       0x6c 
 .text.__metal_exception_handler
                0x0000000020014a80      0x1fa C:/Users/dbwls/wsFreedomStudio/sifive_hifive1_revb_sifive_welcome/bsp/install/lib/debug/\libmetal.a(riscv_cpu.o)
                0x0000000020014a80                __metal_exception_handler
 .text.metal_lc0_interrupt_vector_handler
                0x0000000020014c7a       0x96 C:/Users/dbwls/wsFreedomStudio/sifive_hifive1_revb_sifive_welcome/bsp/install/lib/debug/\libmetal.a(riscv_cpu.o)
                0x0000000020014c7a                metal_lc0_interrupt_vector_handler
 .text.metal_lc1_interrupt_vector_handler
                0x0000000020014d10       0x96 C:/Users/dbwls/wsFreedomStudio/sifive_hifive1_revb_sifive_welcome/bsp/install/lib/debug/\libmetal.a(riscv_cpu.o)
                0x0000000020014d10                metal_lc1_interrupt_vector_handler
 .text.metal_lc2_interrupt_vector_handler
                0x0000000020014da6       0x96 C:/Users/dbwls/wsFreedomStudio/sifive_hifive1_revb_sifive_welcome/bsp/install/lib/debug/\libmetal.a(riscv_cpu.o)
                0x0000000020014da6                metal_lc2_interrupt_vector_handler
 .text.metal_lc3_interrupt_vector_handler
                0x0000000020014e3c       0x96 C:/Users/dbwls/wsFreedomStudio/sifive_hifive1_revb_sifive_welcome/bsp/install/lib/debug/\libmetal.a(riscv_cpu.o)
                0x0000000020014e3c                metal_lc3_interrupt_vector_handler
 .text.metal_lc4_interrupt_vector_handler
                0x0000000020014ed2       0x96 C:/Users/dbwls/wsFreedomStudio/sifive_hifive1_revb_sifive_welcome/bsp/install/lib/debug/\libmetal.a(riscv_cpu.o)
                0x0000000020014ed2                metal_lc4_interrupt_vector_handler
 .text.metal_lc5_interrupt_vector_handler
                0x0000000020014f68       0x96 C:/Users/dbwls/wsFreedomStudio/sifive_hifive1_revb_sifive_welcome/bsp/install/lib/debug/\libmetal.a(riscv_cpu.o)
                0x0000000020014f68                metal_lc5_interrupt_vector_handler
 .text.metal_lc6_interrupt_vector_handler
                0x0000000020014ffe       0x96 C:/Users/dbwls/wsFreedomStudio/sifive_hifive1_revb_sifive_welcome/bsp/install/lib/debug/\libmetal.a(riscv_cpu.o)
                0x0000000020014ffe                metal_lc6_interrupt_vector_handler
 .text.metal_lc7_interrupt_vector_handler
                0x0000000020015094       0x96 C:/Users/dbwls/wsFreedomStudio/sifive_hifive1_revb_sifive_welcome/bsp/install/lib/debug/\libmetal.a(riscv_cpu.o)
                0x0000000020015094                metal_lc7_interrupt_vector_handler
 .text.metal_lc8_interrupt_vector_handler
                0x000000002001512a       0x96 C:/Users/dbwls/wsFreedomStudio/sifive_hifive1_revb_sifive_welcome/bsp/install/lib/debug/\libmetal.a(riscv_cpu.o)
                0x000000002001512a                metal_lc8_interrupt_vector_handler
 .text.metal_lc9_interrupt_vector_handler
                0x00000000200151c0       0x96 C:/Users/dbwls/wsFreedomStudio/sifive_hifive1_revb_sifive_welcome/bsp/install/lib/debug/\libmetal.a(riscv_cpu.o)
                0x00000000200151c0                metal_lc9_interrupt_vector_handler
 .text.metal_lc10_interrupt_vector_handler
                0x0000000020015256       0x96 C:/Users/dbwls/wsFreedomStudio/sifive_hifive1_revb_sifive_welcome/bsp/install/lib/debug/\libmetal.a(riscv_cpu.o)
                0x0000000020015256                metal_lc10_interrupt_vector_handler
 .text.metal_lc11_interrupt_vector_handler
                0x00000000200152ec       0x96 C:/Users/dbwls/wsFreedomStudio/sifive_hifive1_revb_sifive_welcome/bsp/install/lib/debug/\libmetal.a(riscv_cpu.o)
                0x00000000200152ec                metal_lc11_interrupt_vector_handler
 .text.metal_lc12_interrupt_vector_handler
                0x0000000020015382       0x96 C:/Users/dbwls/wsFreedomStudio/sifive_hifive1_revb_sifive_welcome/bsp/install/lib/debug/\libmetal.a(riscv_cpu.o)
                0x0000000020015382                metal_lc12_interrupt_vector_handler
 .text.metal_lc13_interrupt_vector_handler
                0x0000000020015418       0x96 C:/Users/dbwls/wsFreedomStudio/sifive_hifive1_revb_sifive_welcome/bsp/install/lib/debug/\libmetal.a(riscv_cpu.o)
                0x0000000020015418                metal_lc13_interrupt_vector_handler
 .text.metal_lc14_interrupt_vector_handler
                0x00000000200154ae       0x96 C:/Users/dbwls/wsFreedomStudio/sifive_hifive1_revb_sifive_welcome/bsp/install/lib/debug/\libmetal.a(riscv_cpu.o)
                0x00000000200154ae                metal_lc14_interrupt_vector_handler
 .text.metal_lc15_interrupt_vector_handler
                0x0000000020015544       0x96 C:/Users/dbwls/wsFreedomStudio/sifive_hifive1_revb_sifive_welcome/bsp/install/lib/debug/\libmetal.a(riscv_cpu.o)
                0x0000000020015544                metal_lc15_interrupt_vector_handler
 .text.__metal_controller_interrupt_vector_mode
                0x00000000200155da       0x50 C:/Users/dbwls/wsFreedomStudio/sifive_hifive1_revb_sifive_welcome/bsp/install/lib/debug/\libmetal.a(riscv_cpu.o)
                0x00000000200155da                __metal_controller_interrupt_vector_mode
 .text.__metal_controller_interrupt_vector
                0x000000002001562a       0x98 C:/Users/dbwls/wsFreedomStudio/sifive_hifive1_revb_sifive_welcome/bsp/install/lib/debug/\libmetal.a(riscv_cpu.o)
                0x000000002001562a                __metal_controller_interrupt_vector
 .text.__metal_valid_interrupt_id
                0x00000000200156c2       0x64 C:/Users/dbwls/wsFreedomStudio/sifive_hifive1_revb_sifive_welcome/bsp/install/lib/debug/\libmetal.a(riscv_cpu.o)
                0x00000000200156c2                __metal_valid_interrupt_id
 .text.__metal_local_interrupt_enable
                0x0000000020015726       0xbc C:/Users/dbwls/wsFreedomStudio/sifive_hifive1_revb_sifive_welcome/bsp/install/lib/debug/\libmetal.a(riscv_cpu.o)
                0x0000000020015726                __metal_local_interrupt_enable
 .text.__metal_exception_register
                0x00000000200157e2       0x4e C:/Users/dbwls/wsFreedomStudio/sifive_hifive1_revb_sifive_welcome/bsp/install/lib/debug/\libmetal.a(riscv_cpu.o)
                0x00000000200157e2                __metal_exception_register
 .text.__metal_driver_riscv_cpu_controller_interrupt_init
                0x0000000020015830       0xe2 C:/Users/dbwls/wsFreedomStudio/sifive_hifive1_revb_sifive_welcome/bsp/install/lib/debug/\libmetal.a(riscv_cpu.o)
                0x0000000020015830                __metal_driver_riscv_cpu_controller_interrupt_init
 .text.__metal_driver_riscv_cpu_controller_interrupt_register
                0x0000000020015912      0x1d8 C:/Users/dbwls/wsFreedomStudio/sifive_hifive1_revb_sifive_welcome/bsp/install/lib/debug/\libmetal.a(riscv_cpu.o)
                0x0000000020015912                __metal_driver_riscv_cpu_controller_interrupt_register
 .text.__metal_driver_riscv_cpu_controller_interrupt_enable
                0x0000000020015aea       0x2c C:/Users/dbwls/wsFreedomStudio/sifive_hifive1_revb_sifive_welcome/bsp/install/lib/debug/\libmetal.a(riscv_cpu.o)
                0x0000000020015aea                __metal_driver_riscv_cpu_controller_interrupt_enable
 .text.__metal_driver_riscv_cpu_controller_interrupt_disable
                0x0000000020015b16       0x2c C:/Users/dbwls/wsFreedomStudio/sifive_hifive1_revb_sifive_welcome/bsp/install/lib/debug/\libmetal.a(riscv_cpu.o)
                0x0000000020015b16                __metal_driver_riscv_cpu_controller_interrupt_disable
 .text.__metal_driver_riscv_cpu_controller_get_vector_mode
                0x0000000020015b42       0x1c C:/Users/dbwls/wsFreedomStudio/sifive_hifive1_revb_sifive_welcome/bsp/install/lib/debug/\libmetal.a(riscv_cpu.o)
                0x0000000020015b42                __metal_driver_riscv_cpu_controller_get_vector_mode
 .text.__metal_driver_riscv_cpu_controller_set_vector_mode
                0x0000000020015b5e       0x54 C:/Users/dbwls/wsFreedomStudio/sifive_hifive1_revb_sifive_welcome/bsp/install/lib/debug/\libmetal.a(riscv_cpu.o)
                0x0000000020015b5e                __metal_driver_riscv_cpu_controller_set_vector_mode
 .text.__metal_driver_riscv_cpu_controller_command_request
                0x0000000020015bb2       0x1c C:/Users/dbwls/wsFreedomStudio/sifive_hifive1_revb_sifive_welcome/bsp/install/lib/debug/\libmetal.a(riscv_cpu.o)
                0x0000000020015bb2                __metal_driver_riscv_cpu_controller_command_request
 .text.__metal_driver_cpu_mcycle_get
                0x0000000020015bce       0x72 C:/Users/dbwls/wsFreedomStudio/sifive_hifive1_revb_sifive_welcome/bsp/install/lib/debug/\libmetal.a(riscv_cpu.o)
                0x0000000020015bce                __metal_driver_cpu_mcycle_get
 .text.__metal_driver_cpu_timebase_get
                0x0000000020015c40       0x46 C:/Users/dbwls/wsFreedomStudio/sifive_hifive1_revb_sifive_welcome/bsp/install/lib/debug/\libmetal.a(riscv_cpu.o)
                0x0000000020015c40                __metal_driver_cpu_timebase_get
 .text.__metal_driver_cpu_mtime_get
                0x0000000020015c86       0x66 C:/Users/dbwls/wsFreedomStudio/sifive_hifive1_revb_sifive_welcome/bsp/install/lib/debug/\libmetal.a(riscv_cpu.o)
                0x0000000020015c86                __metal_driver_cpu_mtime_get
 .text.__metal_driver_cpu_mtimecmp_set
                0x0000000020015cec       0x76 C:/Users/dbwls/wsFreedomStudio/sifive_hifive1_revb_sifive_welcome/bsp/install/lib/debug/\libmetal.a(riscv_cpu.o)
                0x0000000020015cec                __metal_driver_cpu_mtimecmp_set
 .text.__metal_driver_cpu_timer_controller_interrupt
                0x0000000020015d62       0x1a C:/Users/dbwls/wsFreedomStudio/sifive_hifive1_revb_sifive_welcome/bsp/install/lib/debug/\libmetal.a(riscv_cpu.o)
                0x0000000020015d62                __metal_driver_cpu_timer_controller_interrupt
 .text.__metal_driver_cpu_get_timer_interrupt_id
                0x0000000020015d7c       0x14 C:/Users/dbwls/wsFreedomStudio/sifive_hifive1_revb_sifive_welcome/bsp/install/lib/debug/\libmetal.a(riscv_cpu.o)
                0x0000000020015d7c                __metal_driver_cpu_get_timer_interrupt_id
 .text.__metal_driver_cpu_sw_controller_interrupt
                0x0000000020015d90       0x1a C:/Users/dbwls/wsFreedomStudio/sifive_hifive1_revb_sifive_welcome/bsp/install/lib/debug/\libmetal.a(riscv_cpu.o)
                0x0000000020015d90                __metal_driver_cpu_sw_controller_interrupt
 .text.__metal_driver_cpu_get_sw_interrupt_id
                0x0000000020015daa       0x14 C:/Users/dbwls/wsFreedomStudio/sifive_hifive1_revb_sifive_welcome/bsp/install/lib/debug/\libmetal.a(riscv_cpu.o)
                0x0000000020015daa                __metal_driver_cpu_get_sw_interrupt_id
 .text.__metal_driver_cpu_set_sw_ipi
                0x0000000020015dbe       0x62 C:/Users/dbwls/wsFreedomStudio/sifive_hifive1_revb_sifive_welcome/bsp/install/lib/debug/\libmetal.a(riscv_cpu.o)
                0x0000000020015dbe                __metal_driver_cpu_set_sw_ipi
 .text.__metal_driver_cpu_clear_sw_ipi
                0x0000000020015e20       0x62 C:/Users/dbwls/wsFreedomStudio/sifive_hifive1_revb_sifive_welcome/bsp/install/lib/debug/\libmetal.a(riscv_cpu.o)
                0x0000000020015e20                __metal_driver_cpu_clear_sw_ipi
 .text.__metal_driver_cpu_get_msip
                0x0000000020015e82       0x60 C:/Users/dbwls/wsFreedomStudio/sifive_hifive1_revb_sifive_welcome/bsp/install/lib/debug/\libmetal.a(riscv_cpu.o)
                0x0000000020015e82                __metal_driver_cpu_get_msip
 .text.__metal_driver_cpu_controller_interrupt
                0x0000000020015ee2       0x20 C:/Users/dbwls/wsFreedomStudio/sifive_hifive1_revb_sifive_welcome/bsp/install/lib/debug/\libmetal.a(riscv_cpu.o)
                0x0000000020015ee2                __metal_driver_cpu_controller_interrupt
 .text.__metal_driver_cpu_exception_register
                0x0000000020015f02       0x46 C:/Users/dbwls/wsFreedomStudio/sifive_hifive1_revb_sifive_welcome/bsp/install/lib/debug/\libmetal.a(riscv_cpu.o)
                0x0000000020015f02                __metal_driver_cpu_exception_register
 .text.__metal_driver_cpu_get_instruction_length
                0x0000000020015f48       0x2e C:/Users/dbwls/wsFreedomStudio/sifive_hifive1_revb_sifive_welcome/bsp/install/lib/debug/\libmetal.a(riscv_cpu.o)
                0x0000000020015f48                __metal_driver_cpu_get_instruction_length
 .text.__metal_driver_cpu_get_exception_pc
                0x0000000020015f76       0x1e C:/Users/dbwls/wsFreedomStudio/sifive_hifive1_revb_sifive_welcome/bsp/install/lib/debug/\libmetal.a(riscv_cpu.o)
                0x0000000020015f76                __metal_driver_cpu_get_exception_pc
 .text.__metal_driver_cpu_set_exception_pc
                0x0000000020015f94       0x20 C:/Users/dbwls/wsFreedomStudio/sifive_hifive1_revb_sifive_welcome/bsp/install/lib/debug/\libmetal.a(riscv_cpu.o)
                0x0000000020015f94                __metal_driver_cpu_set_exception_pc
 .text.__metal_driver_cpu_get_buserror
                0x0000000020015fb4       0x20 C:/Users/dbwls/wsFreedomStudio/sifive_hifive1_revb_sifive_welcome/bsp/install/lib/debug/\libmetal.a(riscv_cpu.o)
                0x0000000020015fb4                __metal_driver_cpu_get_buserror
 .text.__metal_driver_sifive_plic0_control_base
                0x0000000020015fd4       0x2a C:/Users/dbwls/wsFreedomStudio/sifive_hifive1_revb_sifive_welcome/bsp/install/lib/debug/\libmetal.a(riscv_plic0.o)
 .text.__metal_driver_sifive_plic0_num_interrupts
                0x0000000020015ffe       0x2a C:/Users/dbwls/wsFreedomStudio/sifive_hifive1_revb_sifive_welcome/bsp/install/lib/debug/\libmetal.a(riscv_plic0.o)
 .text.__metal_driver_sifive_plic0_max_priority
                0x0000000020016028       0x28 C:/Users/dbwls/wsFreedomStudio/sifive_hifive1_revb_sifive_welcome/bsp/install/lib/debug/\libmetal.a(riscv_plic0.o)
 .text.__metal_driver_sifive_plic0_interrupt_parents
                0x0000000020016050       0x28 C:/Users/dbwls/wsFreedomStudio/sifive_hifive1_revb_sifive_welcome/bsp/install/lib/debug/\libmetal.a(riscv_plic0.o)
 .text.__metal_driver_sifive_plic0_interrupt_lines
                0x0000000020016078       0x22 C:/Users/dbwls/wsFreedomStudio/sifive_hifive1_revb_sifive_welcome/bsp/install/lib/debug/\libmetal.a(riscv_plic0.o)
 .text.__metal_driver_sifive_plic0_context_ids
                0x000000002001609a       0x1e C:/Users/dbwls/wsFreedomStudio/sifive_hifive1_revb_sifive_welcome/bsp/install/lib/debug/\libmetal.a(riscv_plic0.o)
 .text.__metal_plic0_claim_interrupt
                0x00000000200160b8       0x3c C:/Users/dbwls/wsFreedomStudio/sifive_hifive1_revb_sifive_welcome/bsp/install/lib/debug/\libmetal.a(riscv_plic0.o)
                0x00000000200160b8                __metal_plic0_claim_interrupt
 .text.__metal_plic0_complete_interrupt
                0x00000000200160f4       0x46 C:/Users/dbwls/wsFreedomStudio/sifive_hifive1_revb_sifive_welcome/bsp/install/lib/debug/\libmetal.a(riscv_plic0.o)
                0x00000000200160f4                __metal_plic0_complete_interrupt
 .text.__metal_plic0_set_threshold
                0x000000002001613a       0x46 C:/Users/dbwls/wsFreedomStudio/sifive_hifive1_revb_sifive_welcome/bsp/install/lib/debug/\libmetal.a(riscv_plic0.o)
                0x000000002001613a                __metal_plic0_set_threshold
 .text.__metal_plic0_get_threshold
                0x0000000020016180       0x3a C:/Users/dbwls/wsFreedomStudio/sifive_hifive1_revb_sifive_welcome/bsp/install/lib/debug/\libmetal.a(riscv_plic0.o)
                0x0000000020016180                __metal_plic0_get_threshold
 .text.__metal_driver_riscv_plic0_set_priority
                0x00000000200161ba       0x62 C:/Users/dbwls/wsFreedomStudio/sifive_hifive1_revb_sifive_welcome/bsp/install/lib/debug/\libmetal.a(riscv_plic0.o)
                0x00000000200161ba                __metal_driver_riscv_plic0_set_priority
 .text.__metal_driver_riscv_plic0_get_priority
                0x000000002001621c       0x34 C:/Users/dbwls/wsFreedomStudio/sifive_hifive1_revb_sifive_welcome/bsp/install/lib/debug/\libmetal.a(riscv_plic0.o)
                0x000000002001621c                __metal_driver_riscv_plic0_get_priority
 .text.__metal_plic0_enable
                0x0000000020016250       0xa2 C:/Users/dbwls/wsFreedomStudio/sifive_hifive1_revb_sifive_welcome/bsp/install/lib/debug/\libmetal.a(riscv_plic0.o)
                0x0000000020016250                __metal_plic0_enable
 .text.__metal_plic0_default_handler
                0x00000000200162f2       0x18 C:/Users/dbwls/wsFreedomStudio/sifive_hifive1_revb_sifive_welcome/bsp/install/lib/debug/\libmetal.a(riscv_plic0.o)
                0x00000000200162f2                __metal_plic0_default_handler
 .text.__metal_plic0_handler
                0x000000002001630a       0xa6 C:/Users/dbwls/wsFreedomStudio/sifive_hifive1_revb_sifive_welcome/bsp/install/lib/debug/\libmetal.a(riscv_plic0.o)
                0x000000002001630a                __metal_plic0_handler
 .text.__metal_driver_riscv_plic0_init
                0x00000000200163b0      0x158 C:/Users/dbwls/wsFreedomStudio/sifive_hifive1_revb_sifive_welcome/bsp/install/lib/debug/\libmetal.a(riscv_plic0.o)
                0x00000000200163b0                __metal_driver_riscv_plic0_init
 .text.__metal_driver_riscv_plic0_register
                0x0000000020016508       0xc2 C:/Users/dbwls/wsFreedomStudio/sifive_hifive1_revb_sifive_welcome/bsp/install/lib/debug/\libmetal.a(riscv_plic0.o)
                0x0000000020016508                __metal_driver_riscv_plic0_register
 .text.__metal_driver_riscv_plic0_enable
                0x00000000200165ca       0x50 C:/Users/dbwls/wsFreedomStudio/sifive_hifive1_revb_sifive_welcome/bsp/install/lib/debug/\libmetal.a(riscv_plic0.o)
                0x00000000200165ca                __metal_driver_riscv_plic0_enable
 .text.__metal_driver_riscv_plic0_disable
                0x000000002001661a       0x50 C:/Users/dbwls/wsFreedomStudio/sifive_hifive1_revb_sifive_welcome/bsp/install/lib/debug/\libmetal.a(riscv_plic0.o)
                0x000000002001661a                __metal_driver_riscv_plic0_disable
 .text.__metal_driver_riscv_plic0_set_threshold
                0x000000002001666a       0x30 C:/Users/dbwls/wsFreedomStudio/sifive_hifive1_revb_sifive_welcome/bsp/install/lib/debug/\libmetal.a(riscv_plic0.o)
                0x000000002001666a                __metal_driver_riscv_plic0_set_threshold
 .text.__metal_driver_riscv_plic0_get_threshold
                0x000000002001669a       0x28 C:/Users/dbwls/wsFreedomStudio/sifive_hifive1_revb_sifive_welcome/bsp/install/lib/debug/\libmetal.a(riscv_plic0.o)
                0x000000002001669a                __metal_driver_riscv_plic0_get_threshold
 .text.__metal_driver_riscv_plic0_affinity_enable
                0x00000000200166c2       0x9c C:/Users/dbwls/wsFreedomStudio/sifive_hifive1_revb_sifive_welcome/bsp/install/lib/debug/\libmetal.a(riscv_plic0.o)
                0x00000000200166c2                __metal_driver_riscv_plic0_affinity_enable
 .text.__metal_driver_riscv_plic0_affinity_disable
                0x000000002001675e       0x9c C:/Users/dbwls/wsFreedomStudio/sifive_hifive1_revb_sifive_welcome/bsp/install/lib/debug/\libmetal.a(riscv_plic0.o)
                0x000000002001675e                __metal_driver_riscv_plic0_affinity_disable
 .text.__metal_driver_riscv_plic0_affinity_set_threshold
                0x00000000200167fa       0x74 C:/Users/dbwls/wsFreedomStudio/sifive_hifive1_revb_sifive_welcome/bsp/install/lib/debug/\libmetal.a(riscv_plic0.o)
                0x00000000200167fa                __metal_driver_riscv_plic0_affinity_set_threshold
 .text.__metal_driver_riscv_plic0_affinity_get_threshold
                0x000000002001686e       0x28 C:/Users/dbwls/wsFreedomStudio/sifive_hifive1_revb_sifive_welcome/bsp/install/lib/debug/\libmetal.a(riscv_plic0.o)
                0x000000002001686e                __metal_driver_riscv_plic0_affinity_get_threshold
 .text.__metal_driver_sifive_fe310_g000_hfrosc_ref
                0x0000000020016896       0x1a C:/Users/dbwls/wsFreedomStudio/sifive_hifive1_revb_sifive_welcome/bsp/install/lib/debug/\libmetal.a(sifive_fe310-g000_hfrosc.o)
 .text.__metal_driver_sifive_fe310_g000_hfrosc_config_base
                0x00000000200168b0       0x16 C:/Users/dbwls/wsFreedomStudio/sifive_hifive1_revb_sifive_welcome/bsp/install/lib/debug/\libmetal.a(sifive_fe310-g000_hfrosc.o)
 .text.__metal_driver_sifive_fe310_g000_hfrosc_config_offset
                0x00000000200168c6       0x14 C:/Users/dbwls/wsFreedomStudio/sifive_hifive1_revb_sifive_welcome/bsp/install/lib/debug/\libmetal.a(sifive_fe310-g000_hfrosc.o)
 .text.__metal_driver_sifive_fe310_g000_prci_vtable
                0x00000000200168da       0x12 C:/Users/dbwls/wsFreedomStudio/sifive_hifive1_revb_sifive_welcome/bsp/install/lib/debug/\libmetal.a(sifive_fe310-g000_hfrosc.o)
 .text.__metal_driver_sifive_fe310_g000_hfrosc_get_rate_hz
                0x00000000200168ec       0x84 C:/Users/dbwls/wsFreedomStudio/sifive_hifive1_revb_sifive_welcome/bsp/install/lib/debug/\libmetal.a(sifive_fe310-g000_hfrosc.o)
                0x00000000200168ec                __metal_driver_sifive_fe310_g000_hfrosc_get_rate_hz
 .text.__metal_driver_sifive_fe310_g000_hfrosc_set_rate_hz
                0x0000000020016970       0x22 C:/Users/dbwls/wsFreedomStudio/sifive_hifive1_revb_sifive_welcome/bsp/install/lib/debug/\libmetal.a(sifive_fe310-g000_hfrosc.o)
                0x0000000020016970                __metal_driver_sifive_fe310_g000_hfrosc_set_rate_hz
 .text.__metal_driver_sifive_fe310_g000_hfxosc_ref
                0x0000000020016992       0x1a C:/Users/dbwls/wsFreedomStudio/sifive_hifive1_revb_sifive_welcome/bsp/install/lib/debug/\libmetal.a(sifive_fe310-g000_hfxosc.o)
 .text.__metal_driver_sifive_fe310_g000_hfxosc_config_base
                0x00000000200169ac       0x16 C:/Users/dbwls/wsFreedomStudio/sifive_hifive1_revb_sifive_welcome/bsp/install/lib/debug/\libmetal.a(sifive_fe310-g000_hfxosc.o)
 .text.__metal_driver_sifive_fe310_g000_hfxosc_config_offset
                0x00000000200169c2       0x14 C:/Users/dbwls/wsFreedomStudio/sifive_hifive1_revb_sifive_welcome/bsp/install/lib/debug/\libmetal.a(sifive_fe310-g000_hfxosc.o)
 .text.__metal_driver_sifive_fe310_g000_prci_vtable
                0x00000000200169d6       0x12 C:/Users/dbwls/wsFreedomStudio/sifive_hifive1_revb_sifive_welcome/bsp/install/lib/debug/\libmetal.a(sifive_fe310-g000_hfxosc.o)
 .text.__metal_driver_sifive_fe310_g000_hfxosc_get_rate_hz
                0x00000000200169e8       0x74 C:/Users/dbwls/wsFreedomStudio/sifive_hifive1_revb_sifive_welcome/bsp/install/lib/debug/\libmetal.a(sifive_fe310-g000_hfxosc.o)
                0x00000000200169e8                __metal_driver_sifive_fe310_g000_hfxosc_get_rate_hz
 .text.__metal_driver_sifive_fe310_g000_hfxosc_set_rate_hz
                0x0000000020016a5c       0x22 C:/Users/dbwls/wsFreedomStudio/sifive_hifive1_revb_sifive_welcome/bsp/install/lib/debug/\libmetal.a(sifive_fe310-g000_hfxosc.o)
                0x0000000020016a5c                __metal_driver_sifive_fe310_g000_hfxosc_set_rate_hz
 .text.__metal_driver_sifive_fe310_g000_pll_pllsel0
                0x0000000020016a7e       0x1a C:/Users/dbwls/wsFreedomStudio/sifive_hifive1_revb_sifive_welcome/bsp/install/lib/debug/\libmetal.a(sifive_fe310-g000_pll.o)
 .text.__metal_driver_sifive_fe310_g000_pll_pllref
                0x0000000020016a98       0x1a C:/Users/dbwls/wsFreedomStudio/sifive_hifive1_revb_sifive_welcome/bsp/install/lib/debug/\libmetal.a(sifive_fe310-g000_pll.o)
 .text.__metal_driver_sifive_fe310_g000_pll_divider_base
                0x0000000020016ab2       0x16 C:/Users/dbwls/wsFreedomStudio/sifive_hifive1_revb_sifive_welcome/bsp/install/lib/debug/\libmetal.a(sifive_fe310-g000_pll.o)
 .text.__metal_driver_sifive_fe310_g000_pll_divider_offset
                0x0000000020016ac8       0x14 C:/Users/dbwls/wsFreedomStudio/sifive_hifive1_revb_sifive_welcome/bsp/install/lib/debug/\libmetal.a(sifive_fe310-g000_pll.o)
 .text.__metal_driver_sifive_fe310_g000_pll_config_base
                0x0000000020016adc       0x12 C:/Users/dbwls/wsFreedomStudio/sifive_hifive1_revb_sifive_welcome/bsp/install/lib/debug/\libmetal.a(sifive_fe310-g000_pll.o)
 .text.__metal_driver_sifive_fe310_g000_pll_config_offset
                0x0000000020016aee       0x10 C:/Users/dbwls/wsFreedomStudio/sifive_hifive1_revb_sifive_welcome/bsp/install/lib/debug/\libmetal.a(sifive_fe310-g000_pll.o)
 .text.__metal_driver_sifive_fe310_g000_pll_init_rate
                0x0000000020016afe       0x16 C:/Users/dbwls/wsFreedomStudio/sifive_hifive1_revb_sifive_welcome/bsp/install/lib/debug/\libmetal.a(sifive_fe310-g000_pll.o)
 .text.__metal_driver_sifive_fe310_g000_prci_base
                0x0000000020016b14       0x12 C:/Users/dbwls/wsFreedomStudio/sifive_hifive1_revb_sifive_welcome/bsp/install/lib/debug/\libmetal.a(sifive_fe310-g000_pll.o)
 .text.__metal_driver_sifive_fe310_g000_prci_vtable
                0x0000000020016b26       0x12 C:/Users/dbwls/wsFreedomStudio/sifive_hifive1_revb_sifive_welcome/bsp/install/lib/debug/\libmetal.a(sifive_fe310-g000_pll.o)
 .text.get_pll_config_freq
                0x0000000020016b38       0x4e C:/Users/dbwls/wsFreedomStudio/sifive_hifive1_revb_sifive_welcome/bsp/install/lib/debug/\libmetal.a(sifive_fe310-g000_pll.o)
 .text.__metal_driver_sifive_fe310_g000_pll_init
                0x0000000020016b86       0xa4 C:/Users/dbwls/wsFreedomStudio/sifive_hifive1_revb_sifive_welcome/bsp/install/lib/debug/\libmetal.a(sifive_fe310-g000_pll.o)
                0x0000000020016b86                __metal_driver_sifive_fe310_g000_pll_init
 .text.__metal_driver_sifive_fe310_g000_pll_get_rate_hz
                0x0000000020016c2a      0x170 C:/Users/dbwls/wsFreedomStudio/sifive_hifive1_revb_sifive_welcome/bsp/install/lib/debug/\libmetal.a(sifive_fe310-g000_pll.o)
                0x0000000020016c2a                __metal_driver_sifive_fe310_g000_pll_get_rate_hz
 .text.find_closest_config
                0x0000000020016d9a       0xac C:/Users/dbwls/wsFreedomStudio/sifive_hifive1_revb_sifive_welcome/bsp/install/lib/debug/\libmetal.a(sifive_fe310-g000_pll.o)
 .text.configure_pll
                0x0000000020016e46      0x1ac C:/Users/dbwls/wsFreedomStudio/sifive_hifive1_revb_sifive_welcome/bsp/install/lib/debug/\libmetal.a(sifive_fe310-g000_pll.o)
 .text.__metal_driver_sifive_fe310_g000_pll_set_rate_hz
                0x0000000020016ff2      0x166 C:/Users/dbwls/wsFreedomStudio/sifive_hifive1_revb_sifive_welcome/bsp/install/lib/debug/\libmetal.a(sifive_fe310-g000_pll.o)
                0x0000000020016ff2                __metal_driver_sifive_fe310_g000_pll_set_rate_hz
 .text.__metal_driver_sifive_fe310_g000_prci_base
                0x0000000020017158       0x12 C:/Users/dbwls/wsFreedomStudio/sifive_hifive1_revb_sifive_welcome/bsp/install/lib/debug/\libmetal.a(sifive_fe310-g000_prci.o)
 .text.__metal_driver_sifive_fe310_g000_prci_get_reg
                0x000000002001716a       0x2e C:/Users/dbwls/wsFreedomStudio/sifive_hifive1_revb_sifive_welcome/bsp/install/lib/debug/\libmetal.a(sifive_fe310-g000_prci.o)
                0x000000002001716a                __metal_driver_sifive_fe310_g000_prci_get_reg
 .text.__metal_driver_sifive_fe310_g000_prci_set_reg
                0x0000000020017198       0x38 C:/Users/dbwls/wsFreedomStudio/sifive_hifive1_revb_sifive_welcome/bsp/install/lib/debug/\libmetal.a(sifive_fe310-g000_prci.o)
                0x0000000020017198                __metal_driver_sifive_fe310_g000_prci_set_reg
 .text.__metal_driver_sifive_gpio_led_gpio
                0x00000000200171d0       0x4a C:/Users/dbwls/wsFreedomStudio/sifive_hifive1_revb_sifive_welcome/bsp/install/lib/debug/\libmetal.a(sifive_gpio-leds.o)
 .text.__metal_driver_sifive_gpio_led_pin
                0x000000002001721a       0x44 C:/Users/dbwls/wsFreedomStudio/sifive_hifive1_revb_sifive_welcome/bsp/install/lib/debug/\libmetal.a(sifive_gpio-leds.o)
 .text.__metal_driver_sifive_gpio_led_label
                0x000000002001725e       0x5c C:/Users/dbwls/wsFreedomStudio/sifive_hifive1_revb_sifive_welcome/bsp/install/lib/debug/\libmetal.a(sifive_gpio-leds.o)
 .text.__metal_driver_led_exist
                0x00000000200172ba       0x36 C:/Users/dbwls/wsFreedomStudio/sifive_hifive1_revb_sifive_welcome/bsp/install/lib/debug/\libmetal.a(sifive_gpio-leds.o)
                0x00000000200172ba                __metal_driver_led_exist
 .text.__metal_driver_led_enable
                0x00000000200172f0       0x4a C:/Users/dbwls/wsFreedomStudio/sifive_hifive1_revb_sifive_welcome/bsp/install/lib/debug/\libmetal.a(sifive_gpio-leds.o)
                0x00000000200172f0                __metal_driver_led_enable
 .text.__metal_driver_led_on
                0x000000002001733a       0x42 C:/Users/dbwls/wsFreedomStudio/sifive_hifive1_revb_sifive_welcome/bsp/install/lib/debug/\libmetal.a(sifive_gpio-leds.o)
                0x000000002001733a                __metal_driver_led_on
 .text.__metal_driver_led_off
                0x000000002001737c       0x42 C:/Users/dbwls/wsFreedomStudio/sifive_hifive1_revb_sifive_welcome/bsp/install/lib/debug/\libmetal.a(sifive_gpio-leds.o)
                0x000000002001737c                __metal_driver_led_off
 .text.__metal_driver_led_toggle
                0x00000000200173be       0x40 C:/Users/dbwls/wsFreedomStudio/sifive_hifive1_revb_sifive_welcome/bsp/install/lib/debug/\libmetal.a(sifive_gpio-leds.o)
                0x00000000200173be                __metal_driver_led_toggle
 .text.__metal_driver_sifive_gpio0_base
                0x00000000200173fe       0x26 C:/Users/dbwls/wsFreedomStudio/sifive_hifive1_revb_sifive_welcome/bsp/install/lib/debug/\libmetal.a(sifive_gpio0.o)
 .text.__metal_driver_sifive_gpio0_interrupt_parent
                0x0000000020017424       0x2a C:/Users/dbwls/wsFreedomStudio/sifive_hifive1_revb_sifive_welcome/bsp/install/lib/debug/\libmetal.a(sifive_gpio0.o)
 .text.__metal_driver_sifive_gpio0_interrupt_lines
                0x000000002001744e      0x35e C:/Users/dbwls/wsFreedomStudio/sifive_hifive1_revb_sifive_welcome/bsp/install/lib/debug/\libmetal.a(sifive_gpio0.o)
 .text.__metal_driver_sifive_gpio0_enable_input
                0x00000000200177ac       0x40 C:/Users/dbwls/wsFreedomStudio/sifive_hifive1_revb_sifive_welcome/bsp/install/lib/debug/\libmetal.a(sifive_gpio0.o)
                0x00000000200177ac                __metal_driver_sifive_gpio0_enable_input
 .text.__metal_driver_sifive_gpio0_disable_input
                0x00000000200177ec       0x46 C:/Users/dbwls/wsFreedomStudio/sifive_hifive1_revb_sifive_welcome/bsp/install/lib/debug/\libmetal.a(sifive_gpio0.o)
                0x00000000200177ec                __metal_driver_sifive_gpio0_disable_input
 .text.__metal_driver_sifive_gpio0_input
                0x0000000020017832       0x2a C:/Users/dbwls/wsFreedomStudio/sifive_hifive1_revb_sifive_welcome/bsp/install/lib/debug/\libmetal.a(sifive_gpio0.o)
                0x0000000020017832                __metal_driver_sifive_gpio0_input
 .text.__metal_driver_sifive_gpio0_output
                0x000000002001785c       0x2c C:/Users/dbwls/wsFreedomStudio/sifive_hifive1_revb_sifive_welcome/bsp/install/lib/debug/\libmetal.a(sifive_gpio0.o)
                0x000000002001785c                __metal_driver_sifive_gpio0_output
 .text.__metal_driver_sifive_gpio0_disable_output
                0x0000000020017888       0x46 C:/Users/dbwls/wsFreedomStudio/sifive_hifive1_revb_sifive_welcome/bsp/install/lib/debug/\libmetal.a(sifive_gpio0.o)
                0x0000000020017888                __metal_driver_sifive_gpio0_disable_output
 .text.__metal_driver_sifive_gpio0_enable_output
                0x00000000200178ce       0x40 C:/Users/dbwls/wsFreedomStudio/sifive_hifive1_revb_sifive_welcome/bsp/install/lib/debug/\libmetal.a(sifive_gpio0.o)
                0x00000000200178ce                __metal_driver_sifive_gpio0_enable_output
 .text.__metal_driver_sifive_gpio0_output_set
                0x000000002001790e       0x40 C:/Users/dbwls/wsFreedomStudio/sifive_hifive1_revb_sifive_welcome/bsp/install/lib/debug/\libmetal.a(sifive_gpio0.o)
                0x000000002001790e                __metal_driver_sifive_gpio0_output_set
 .text.__metal_driver_sifive_gpio0_output_clear
                0x000000002001794e       0x46 C:/Users/dbwls/wsFreedomStudio/sifive_hifive1_revb_sifive_welcome/bsp/install/lib/debug/\libmetal.a(sifive_gpio0.o)
                0x000000002001794e                __metal_driver_sifive_gpio0_output_clear
 .text.__metal_driver_sifive_gpio0_output_toggle
                0x0000000020017994       0x40 C:/Users/dbwls/wsFreedomStudio/sifive_hifive1_revb_sifive_welcome/bsp/install/lib/debug/\libmetal.a(sifive_gpio0.o)
                0x0000000020017994                __metal_driver_sifive_gpio0_output_toggle
 .text.__metal_driver_sifive_gpio0_enable_io
                0x00000000200179d4       0x62 C:/Users/dbwls/wsFreedomStudio/sifive_hifive1_revb_sifive_welcome/bsp/install/lib/debug/\libmetal.a(sifive_gpio0.o)
                0x00000000200179d4                __metal_driver_sifive_gpio0_enable_io
 .text.__metal_driver_sifive_gpio0_disable_io
                0x0000000020017a36       0x4a C:/Users/dbwls/wsFreedomStudio/sifive_hifive1_revb_sifive_welcome/bsp/install/lib/debug/\libmetal.a(sifive_gpio0.o)
                0x0000000020017a36                __metal_driver_sifive_gpio0_disable_io
 .text.__metal_driver_sifive_gpio0_config_int
                0x0000000020017a80      0x206 C:/Users/dbwls/wsFreedomStudio/sifive_hifive1_revb_sifive_welcome/bsp/install/lib/debug/\libmetal.a(sifive_gpio0.o)
                0x0000000020017a80                __metal_driver_sifive_gpio0_config_int
 .text.__metal_driver_sifive_gpio0_clear_int
                0x0000000020017c86      0x188 C:/Users/dbwls/wsFreedomStudio/sifive_hifive1_revb_sifive_welcome/bsp/install/lib/debug/\libmetal.a(sifive_gpio0.o)
                0x0000000020017c86                __metal_driver_sifive_gpio0_clear_int
 .text.__metal_driver_gpio_interrupt_controller
                0x0000000020017e0e       0x20 C:/Users/dbwls/wsFreedomStudio/sifive_hifive1_revb_sifive_welcome/bsp/install/lib/debug/\libmetal.a(sifive_gpio0.o)
                0x0000000020017e0e                __metal_driver_gpio_interrupt_controller
 .text.__metal_driver_gpio_get_interrupt_id
                0x0000000020017e2e       0x2e C:/Users/dbwls/wsFreedomStudio/sifive_hifive1_revb_sifive_welcome/bsp/install/lib/debug/\libmetal.a(sifive_gpio0.o)
                0x0000000020017e2e                __metal_driver_gpio_get_interrupt_id
 .text.__metal_driver_sifive_uart0_control_base
                0x0000000020017e5c       0x40 C:/Users/dbwls/wsFreedomStudio/sifive_hifive1_revb_sifive_welcome/bsp/install/lib/debug/\libmetal.a(sifive_uart0.o)
 .text.__metal_driver_sifive_uart0_interrupt_parent
                0x0000000020017e9c       0x48 C:/Users/dbwls/wsFreedomStudio/sifive_hifive1_revb_sifive_welcome/bsp/install/lib/debug/\libmetal.a(sifive_uart0.o)
 .text.__metal_driver_sifive_uart0_interrupt_line
                0x0000000020017ee4       0x3c C:/Users/dbwls/wsFreedomStudio/sifive_hifive1_revb_sifive_welcome/bsp/install/lib/debug/\libmetal.a(sifive_uart0.o)
 .text.__metal_driver_sifive_uart0_clock
                0x0000000020017f20       0x48 C:/Users/dbwls/wsFreedomStudio/sifive_hifive1_revb_sifive_welcome/bsp/install/lib/debug/\libmetal.a(sifive_uart0.o)
 .text.__metal_driver_sifive_uart0_pinmux
                0x0000000020017f68       0x40 C:/Users/dbwls/wsFreedomStudio/sifive_hifive1_revb_sifive_welcome/bsp/install/lib/debug/\libmetal.a(sifive_uart0.o)
 .text.__metal_driver_sifive_uart0_pinmux_output_selector
                0x0000000020017fa8       0x3c C:/Users/dbwls/wsFreedomStudio/sifive_hifive1_revb_sifive_welcome/bsp/install/lib/debug/\libmetal.a(sifive_uart0.o)
 .text.__metal_driver_sifive_uart0_pinmux_source_selector
                0x0000000020017fe4       0x40 C:/Users/dbwls/wsFreedomStudio/sifive_hifive1_revb_sifive_welcome/bsp/install/lib/debug/\libmetal.a(sifive_uart0.o)
 .text.__metal_driver_sifive_uart0_interrupt_controller
                0x0000000020018024       0x20 C:/Users/dbwls/wsFreedomStudio/sifive_hifive1_revb_sifive_welcome/bsp/install/lib/debug/\libmetal.a(sifive_uart0.o)
                0x0000000020018024                __metal_driver_sifive_uart0_interrupt_controller
 .text.__metal_driver_sifive_uart0_get_interrupt_id
                0x0000000020018044       0x20 C:/Users/dbwls/wsFreedomStudio/sifive_hifive1_revb_sifive_welcome/bsp/install/lib/debug/\libmetal.a(sifive_uart0.o)
                0x0000000020018044                __metal_driver_sifive_uart0_get_interrupt_id
 .text.__metal_driver_sifive_uart0_tx_interrupt_enable
                0x0000000020018064       0x3a C:/Users/dbwls/wsFreedomStudio/sifive_hifive1_revb_sifive_welcome/bsp/install/lib/debug/\libmetal.a(sifive_uart0.o)
                0x0000000020018064                __metal_driver_sifive_uart0_tx_interrupt_enable
 .text.__metal_driver_sifive_uart0_tx_interrupt_disable
                0x000000002001809e       0x38 C:/Users/dbwls/wsFreedomStudio/sifive_hifive1_revb_sifive_welcome/bsp/install/lib/debug/\libmetal.a(sifive_uart0.o)
                0x000000002001809e                __metal_driver_sifive_uart0_tx_interrupt_disable
 .text.__metal_driver_sifive_uart0_rx_interrupt_enable
                0x00000000200180d6       0x3a C:/Users/dbwls/wsFreedomStudio/sifive_hifive1_revb_sifive_welcome/bsp/install/lib/debug/\libmetal.a(sifive_uart0.o)
                0x00000000200180d6                __metal_driver_sifive_uart0_rx_interrupt_enable
 .text.__metal_driver_sifive_uart0_rx_interrupt_disable
                0x0000000020018110       0x38 C:/Users/dbwls/wsFreedomStudio/sifive_hifive1_revb_sifive_welcome/bsp/install/lib/debug/\libmetal.a(sifive_uart0.o)
                0x0000000020018110                __metal_driver_sifive_uart0_rx_interrupt_disable
 .text.__metal_driver_sifive_uart0_txready
                0x0000000020018148       0x30 C:/Users/dbwls/wsFreedomStudio/sifive_hifive1_revb_sifive_welcome/bsp/install/lib/debug/\libmetal.a(sifive_uart0.o)
                0x0000000020018148                __metal_driver_sifive_uart0_txready
 .text.__metal_driver_sifive_uart0_set_tx_watermark
                0x0000000020018178       0x4a C:/Users/dbwls/wsFreedomStudio/sifive_hifive1_revb_sifive_welcome/bsp/install/lib/debug/\libmetal.a(sifive_uart0.o)
                0x0000000020018178                __metal_driver_sifive_uart0_set_tx_watermark
 .text.__metal_driver_sifive_uart0_get_tx_watermark
                0x00000000200181c2       0x30 C:/Users/dbwls/wsFreedomStudio/sifive_hifive1_revb_sifive_welcome/bsp/install/lib/debug/\libmetal.a(sifive_uart0.o)
                0x00000000200181c2                __metal_driver_sifive_uart0_get_tx_watermark
 .text.__metal_driver_sifive_uart0_set_rx_watermark
                0x00000000200181f2       0x4a C:/Users/dbwls/wsFreedomStudio/sifive_hifive1_revb_sifive_welcome/bsp/install/lib/debug/\libmetal.a(sifive_uart0.o)
                0x00000000200181f2                __metal_driver_sifive_uart0_set_rx_watermark
 .text.__metal_driver_sifive_uart0_get_rx_watermark
                0x000000002001823c       0x30 C:/Users/dbwls/wsFreedomStudio/sifive_hifive1_revb_sifive_welcome/bsp/install/lib/debug/\libmetal.a(sifive_uart0.o)
                0x000000002001823c                __metal_driver_sifive_uart0_get_rx_watermark
 .text.__metal_driver_sifive_uart0_putc
                0x000000002001826c       0x42 C:/Users/dbwls/wsFreedomStudio/sifive_hifive1_revb_sifive_welcome/bsp/install/lib/debug/\libmetal.a(sifive_uart0.o)
                0x000000002001826c                __metal_driver_sifive_uart0_putc
 .text.__metal_driver_sifive_uart0_getc
                0x00000000200182ae       0x56 C:/Users/dbwls/wsFreedomStudio/sifive_hifive1_revb_sifive_welcome/bsp/install/lib/debug/\libmetal.a(sifive_uart0.o)
                0x00000000200182ae                __metal_driver_sifive_uart0_getc
 .text.__metal_driver_sifive_uart0_get_baud_rate
                0x0000000020018304       0x20 C:/Users/dbwls/wsFreedomStudio/sifive_hifive1_revb_sifive_welcome/bsp/install/lib/debug/\libmetal.a(sifive_uart0.o)
                0x0000000020018304                __metal_driver_sifive_uart0_get_baud_rate
 .text.__metal_driver_sifive_uart0_set_baud_rate
                0x0000000020018324       0xa0 C:/Users/dbwls/wsFreedomStudio/sifive_hifive1_revb_sifive_welcome/bsp/install/lib/debug/\libmetal.a(sifive_uart0.o)
                0x0000000020018324                __metal_driver_sifive_uart0_set_baud_rate
 .text.pre_rate_change_callback_func
                0x00000000200183c4       0xd8 C:/Users/dbwls/wsFreedomStudio/sifive_hifive1_revb_sifive_welcome/bsp/install/lib/debug/\libmetal.a(sifive_uart0.o)
 .text.post_rate_change_callback_func
                0x000000002001849c       0x2e C:/Users/dbwls/wsFreedomStudio/sifive_hifive1_revb_sifive_welcome/bsp/install/lib/debug/\libmetal.a(sifive_uart0.o)
 .text.__metal_driver_sifive_uart0_init
                0x00000000200184ca       0xd0 C:/Users/dbwls/wsFreedomStudio/sifive_hifive1_revb_sifive_welcome/bsp/install/lib/debug/\libmetal.a(sifive_uart0.o)
                0x00000000200184ca                __metal_driver_sifive_uart0_init
 .text._metal_clock_call_all_callbacks
                0x000000002001859a       0x40 C:/Users/dbwls/wsFreedomStudio/sifive_hifive1_revb_sifive_welcome/bsp/install/lib/debug/\libmetal.a(clock.o)
                0x000000002001859a                _metal_clock_call_all_callbacks
 .text._metal_clock_append_to_callbacks
                0x00000000200185da       0x54 C:/Users/dbwls/wsFreedomStudio/sifive_hifive1_revb_sifive_welcome/bsp/install/lib/debug/\libmetal.a(clock.o)
                0x00000000200185da                _metal_clock_append_to_callbacks
 .text.metal_clock_get_rate_hz
                0x000000002001862e       0x26 C:/Users/dbwls/wsFreedomStudio/sifive_hifive1_revb_sifive_welcome/bsp/install/lib/debug/\libmetal.a(clock.o)
                0x000000002001862e                metal_clock_get_rate_hz
 .text.metal_clock_set_rate_hz
                0x0000000020018654       0x4c C:/Users/dbwls/wsFreedomStudio/sifive_hifive1_revb_sifive_welcome/bsp/install/lib/debug/\libmetal.a(clock.o)
                0x0000000020018654                metal_clock_set_rate_hz
 .text.metal_clock_register_pre_rate_change_callback
                0x00000000200186a0       0x32 C:/Users/dbwls/wsFreedomStudio/sifive_hifive1_revb_sifive_welcome/bsp/install/lib/debug/\libmetal.a(clock.o)
                0x00000000200186a0                metal_clock_register_pre_rate_change_callback
 .text.metal_clock_register_post_rate_change_callback
                0x00000000200186d2       0x32 C:/Users/dbwls/wsFreedomStudio/sifive_hifive1_revb_sifive_welcome/bsp/install/lib/debug/\libmetal.a(clock.o)
                0x00000000200186d2                metal_clock_register_post_rate_change_callback
 .text.metal_gpio_disable_input
                0x0000000020018704       0x40 C:/Users/dbwls/wsFreedomStudio/sifive_hifive1_revb_sifive_welcome/bsp/install/lib/debug/\libmetal.a(gpio.o)
                0x0000000020018704                metal_gpio_disable_input
 .text.metal_gpio_enable_output
                0x0000000020018744       0x40 C:/Users/dbwls/wsFreedomStudio/sifive_hifive1_revb_sifive_welcome/bsp/install/lib/debug/\libmetal.a(gpio.o)
                0x0000000020018744                metal_gpio_enable_output
 .text.metal_gpio_set_pin
                0x0000000020018784       0x68 C:/Users/dbwls/wsFreedomStudio/sifive_hifive1_revb_sifive_welcome/bsp/install/lib/debug/\libmetal.a(gpio.o)
                0x0000000020018784                metal_gpio_set_pin
 .text.metal_gpio_toggle_pin
                0x00000000200187ec       0x40 C:/Users/dbwls/wsFreedomStudio/sifive_hifive1_revb_sifive_welcome/bsp/install/lib/debug/\libmetal.a(gpio.o)
                0x00000000200187ec                metal_gpio_toggle_pin
 .text.metal_shutdown
                0x000000002001882c        0xe C:/Users/dbwls/wsFreedomStudio/sifive_hifive1_revb_sifive_welcome/bsp/install/lib/debug/\libmetal.a(shutdown.o)
                0x000000002001882c                metal_shutdown
 .text.metal_uart_init
                0x000000002001883a       0x2c C:/Users/dbwls/wsFreedomStudio/sifive_hifive1_revb_sifive_welcome/bsp/install/lib/debug/\libmetal.a(uart.o)
                0x000000002001883a                metal_uart_init
 .text.metal_uart_putc
                0x0000000020018866       0x2e C:/Users/dbwls/wsFreedomStudio/sifive_hifive1_revb_sifive_welcome/bsp/install/lib/debug/\libmetal.a(uart.o)
                0x0000000020018866                metal_uart_putc
 .text.metal_uart_set_baud_rate
                0x0000000020018894       0x2e C:/Users/dbwls/wsFreedomStudio/sifive_hifive1_revb_sifive_welcome/bsp/install/lib/debug/\libmetal.a(uart.o)
                0x0000000020018894                metal_uart_set_baud_rate
 *fill*         0x00000000200188c2       0x3e 
 .text          0x0000000020018900       0x80 C:/Users/dbwls/wsFreedomStudio/sifive_hifive1_revb_sifive_welcome/bsp/install/lib/debug/\libmetal.a(vector.o)
                0x0000000020018900                __metal_vector_table
 .text.__metal_driver_fixed_clock_rate
                0x0000000020018980       0x70 C:/Users/dbwls/wsFreedomStudio/sifive_hifive1_revb_sifive_welcome/bsp/install/lib/debug/\libmetal.a(fixed-clock.o)
 .text.__metal_driver_fixed_clock_get_rate_hz
                0x00000000200189f0       0x20 C:/Users/dbwls/wsFreedomStudio/sifive_hifive1_revb_sifive_welcome/bsp/install/lib/debug/\libmetal.a(fixed-clock.o)
                0x00000000200189f0                __metal_driver_fixed_clock_get_rate_hz
 .text.__metal_driver_fixed_clock_set_rate_hz
                0x0000000020018a10       0x24 C:/Users/dbwls/wsFreedomStudio/sifive_hifive1_revb_sifive_welcome/bsp/install/lib/debug/\libmetal.a(fixed-clock.o)
                0x0000000020018a10                __metal_driver_fixed_clock_set_rate_hz
 .text._close   0x0000000020018a34       0x22 C:/Users/dbwls/wsFreedomStudio/sifive_hifive1_revb_sifive_welcome/bsp/install/lib/debug/\libmetal-gloss.a(sys_close.o)
                0x0000000020018a34                _close
 .text._fstat   0x0000000020018a56       0x26 C:/Users/dbwls/wsFreedomStudio/sifive_hifive1_revb_sifive_welcome/bsp/install/lib/debug/\libmetal-gloss.a(sys_fstat.o)
                0x0000000020018a56                _fstat
 .text._isatty  0x0000000020018a7c       0x20 C:/Users/dbwls/wsFreedomStudio/sifive_hifive1_revb_sifive_welcome/bsp/install/lib/debug/\libmetal-gloss.a(sys_isatty.o)
                0x0000000020018a7c                _isatty
 .text._lseek   0x0000000020018a9c       0x2a C:/Users/dbwls/wsFreedomStudio/sifive_hifive1_revb_sifive_welcome/bsp/install/lib/debug/\libmetal-gloss.a(sys_lseek.o)
                0x0000000020018a9c                _lseek
 .text._read    0x0000000020018ac6       0x2a C:/Users/dbwls/wsFreedomStudio/sifive_hifive1_revb_sifive_welcome/bsp/install/lib/debug/\libmetal-gloss.a(sys_read.o)
                0x0000000020018ac6                _read
 .text._sbrk    0x0000000020018af0       0x5a C:/Users/dbwls/wsFreedomStudio/sifive_hifive1_revb_sifive_welcome/bsp/install/lib/debug/\libmetal-gloss.a(sys_sbrk.o)
                0x0000000020018af0                _sbrk
 .text._write   0x0000000020018b4a       0x6e C:/Users/dbwls/wsFreedomStudio/sifive_hifive1_revb_sifive_welcome/bsp/install/lib/debug/\libmetal-gloss.a(sys_write.o)
                0x0000000020018b4a                _write
                0x0000000020018b4a                write
 .text.atexit   0x0000000020018bb8        0xa c:/users/dbwls/downloads/freedomstudio-2020-06-3-win64/sifive/riscv64-unknown-elf-gcc-8.3.0-2020.04.1/bin/../lib/gcc/riscv64-unknown-elf/8.3.0/../../../../riscv64-unknown-elf/lib/rv32imac/ilp32\libc_nano.a(lib_a-atexit.o)
                0x0000000020018bb8                atexit
 .text.__errno  0x0000000020018bc2        0xc c:/users/dbwls/downloads/freedomstudio-2020-06-3-win64/sifive/riscv64-unknown-elf-gcc-8.3.0-2020.04.1/bin/../lib/gcc/riscv64-unknown-elf/8.3.0/../../../../riscv64-unknown-elf/lib/rv32imac/ilp32\libc_nano.a(lib_a-errno.o)
                0x0000000020018bc2                __errno
 .text.exit     0x0000000020018bce       0x2a c:/users/dbwls/downloads/freedomstudio-2020-06-3-win64/sifive/riscv64-unknown-elf-gcc-8.3.0-2020.04.1/bin/../lib/gcc/riscv64-unknown-elf/8.3.0/../../../../riscv64-unknown-elf/lib/rv32imac/ilp32\libc_nano.a(lib_a-exit.o)
                0x0000000020018bce                exit
 .text.__libc_fini_array
                0x0000000020018bf8       0x38 c:/users/dbwls/downloads/freedomstudio-2020-06-3-win64/sifive/riscv64-unknown-elf-gcc-8.3.0-2020.04.1/bin/../lib/gcc/riscv64-unknown-elf/8.3.0/../../../../riscv64-unknown-elf/lib/rv32imac/ilp32\libc_nano.a(lib_a-fini.o)
                0x0000000020018bf8                __libc_fini_array
 .text.__libc_init_array
                0x0000000020018c30       0x6a c:/users/dbwls/downloads/freedomstudio-2020-06-3-win64/sifive/riscv64-unknown-elf-gcc-8.3.0-2020.04.1/bin/../lib/gcc/riscv64-unknown-elf/8.3.0/../../../../riscv64-unknown-elf/lib/rv32imac/ilp32\libc_nano.a(lib_a-init.o)
                0x0000000020018c30                __libc_init_array
 .text.strcat   0x0000000020018c9a       0x20 c:/users/dbwls/downloads/freedomstudio-2020-06-3-win64/sifive/riscv64-unknown-elf-gcc-8.3.0-2020.04.1/bin/../lib/gcc/riscv64-unknown-elf/8.3.0/../../../../riscv64-unknown-elf/lib/rv32imac/ilp32\libc_nano.a(lib_a-strcat.o)
                0x0000000020018c9a                strcat
 .text          0x0000000020018cba       0x18 c:/users/dbwls/downloads/freedomstudio-2020-06-3-win64/sifive/riscv64-unknown-elf-gcc-8.3.0-2020.04.1/bin/../lib/gcc/riscv64-unknown-elf/8.3.0/../../../../riscv64-unknown-elf/lib/rv32imac/ilp32\libc_nano.a(lib_a-strcmp.o)
                0x0000000020018cba                strcmp
 .text.strcpy   0x0000000020018cd2       0x12 c:/users/dbwls/downloads/freedomstudio-2020-06-3-win64/sifive/riscv64-unknown-elf-gcc-8.3.0-2020.04.1/bin/../lib/gcc/riscv64-unknown-elf/8.3.0/../../../../riscv64-unknown-elf/lib/rv32imac/ilp32\libc_nano.a(lib_a-strcpy.o)
                0x0000000020018cd2                strcpy
 .text.__register_exitproc
                0x0000000020018ce4       0x88 c:/users/dbwls/downloads/freedomstudio-2020-06-3-win64/sifive/riscv64-unknown-elf-gcc-8.3.0-2020.04.1/bin/../lib/gcc/riscv64-unknown-elf/8.3.0/../../../../riscv64-unknown-elf/lib/rv32imac/ilp32\libc_nano.a(lib_a-__atexit.o)
                0x0000000020018ce4                __register_exitproc
 .text.__call_exitprocs
                0x0000000020018d6c       0xc8 c:/users/dbwls/downloads/freedomstudio-2020-06-3-win64/sifive/riscv64-unknown-elf-gcc-8.3.0-2020.04.1/bin/../lib/gcc/riscv64-unknown-elf/8.3.0/../../../../riscv64-unknown-elf/lib/rv32imac/ilp32\libc_nano.a(lib_a-__call_atexit.o)
                0x0000000020018d6c                __call_exitprocs
 .text.metal_init