Archive member included to satisfy reference by file (symbol)

c:/users/dbwls/downloads/freedomstudio-2020-06-3-win64/sifive/riscv64-unknown-elf-gcc-8.3.0-2020.04.1/bin/../lib/gcc/riscv64-unknown-elf/8.3.0/../../../../riscv64-unknown-elf/lib/rv32imac/ilp32\libc_nano.a(lib_a-memcpy-asm.o)
                              C:\Users\dbwls\AppData\Local\Temp\ccQNWela.o (memcpy)
c:/users/dbwls/downloads/freedomstudio-2020-06-3-win64/sifive/riscv64-unknown-elf-gcc-8.3.0-2020.04.1/bin/../lib/gcc/riscv64-unknown-elf/8.3.0/../../../../riscv64-unknown-elf/lib/rv32imac/ilp32\libc_nano.a(lib_a-printf.o)
                              C:\Users\dbwls\AppData\Local\Temp\ccQNWela.o (printf)
c:/users/dbwls/downloads/freedomstudio-2020-06-3-win64/sifive/riscv64-unknown-elf-gcc-8.3.0-2020.04.1/bin/../lib/gcc/riscv64-unknown-elf/8.3.0/../../../../riscv64-unknown-elf/lib/rv32imac/ilp32\libc_nano.a(lib_a-putchar.o)
                              C:\Users\dbwls\AppData\Local\Temp\ccQNWela.o (putchar)
c:/users/dbwls/downloads/freedomstudio-2020-06-3-win64/sifive/riscv64-unknown-elf-gcc-8.3.0-2020.04.1/bin/../lib/gcc/riscv64-unknown-elf/8.3.0/../../../../riscv64-unknown-elf/lib/rv32imac/ilp32\libc_nano.a(lib_a-putc.o)
                              c:/users/dbwls/downloads/freedomstudio-2020-06-3-win64/sifive/riscv64-unknown-elf-gcc-8.3.0-2020.04.1/bin/../lib/gcc/riscv64-unknown-elf/8.3.0/../../../../riscv64-unknown-elf/lib/rv32imac/ilp32\libc_nano.a(lib_a-putchar.o) (_putc_r)
c:/users/dbwls/downloads/freedomstudio-2020-06-3-win64/sifive/riscv64-unknown-elf-gcc-8.3.0-2020.04.1/bin/../lib/gcc/riscv64-unknown-elf/8.3.0/../../../../riscv64-unknown-elf/lib/rv32imac/ilp32\libc_nano.a(lib_a-puts.o)
                              C:\Users\dbwls\AppData\Local\Temp\ccQNWela.o (puts)
c:/users/dbwls/downloads/freedomstudio-2020-06-3-win64/sifive/riscv64-unknown-elf-gcc-8.3.0-2020.04.1/bin/../lib/gcc/riscv64-unknown-elf/8.3.0/../../../../riscv64-unknown-elf/lib/rv32imac/ilp32\libc_nano.a(lib_a-wbuf.o)
                              c:/users/dbwls/downloads/freedomstudio-2020-06-3-win64/sifive/riscv64-unknown-elf-gcc-8.3.0-2020.04.1/bin/../lib/gcc/riscv64-unknown-elf/8.3.0/../../../../riscv64-unknown-elf/lib/rv32imac/ilp32\libc_nano.a(lib_a-putc.o) (__swbuf_r)
c:/users/dbwls/downloads/freedomstudio-2020-06-3-win64/sifive/riscv64-unknown-elf-gcc-8.3.0-2020.04.1/bin/../lib/gcc/riscv64-unknown-elf/8.3.0/../../../../riscv64-unknown-elf/lib/rv32imac/ilp32\libc_nano.a(lib_a-wsetup.o)
                              c:/users/dbwls/downloads/freedomstudio-2020-06-3-win64/sifive/riscv64-unknown-elf-gcc-8.3.0-2020.04.1/bin/../lib/gcc/riscv64-unknown-elf/8.3.0/../../../../riscv64-unknown-elf/lib/rv32imac/ilp32\libc_nano.a(lib_a-puts.o) (__swsetup_r)
c:/users/dbwls/downloads/freedomstudio-2020-06-3-win64/sifive/riscv64-unknown-elf-gcc-8.3.0-2020.04.1/bin/../lib/gcc/riscv64-unknown-elf/8.3.0/../../../../riscv64-unknown-elf/lib/rv32imac/ilp32\libc_nano.a(lib_a-fflush.o)
                              c:/users/dbwls/downloads/freedomstudio-2020-06-3-win64/sifive/riscv64-unknown-elf-gcc-8.3.0-2020.04.1/bin/../lib/gcc/riscv64-unknown-elf/8.3.0/../../../../riscv64-unknown-elf/lib/rv32imac/ilp32\libc_nano.a(lib_a-wbuf.o) (_fflush_r)
c:/users/dbwls/downloads/freedomstudio-2020-06-3-win64/sifive/riscv64-unknown-elf-gcc-8.3.0-2020.04.1/bin/../lib/gcc/riscv64-unknown-elf/8.3.0/../../../../riscv64-unknown-elf/lib/rv32imac/ilp32\libc_nano.a(lib_a-findfp.o)
                              c:/users/dbwls/downloads/freedomstudio-2020-06-3-win64/sifive/riscv64-unknown-elf-gcc-8.3.0-2020.04.1/bin/../lib/gcc/riscv64-unknown-elf/8.3.0/../../../../riscv64-unknown-elf/lib/rv32imac/ilp32\libc_nano.a(lib_a-printf.o) (__sinit)
c:/users/dbwls/downloads/freedomstudio-2020-06-3-win64/sifive/riscv64-unknown-elf-gcc-8.3.0-2020.04.1/bin/../lib/gcc/riscv64-unknown-elf/8.3.0/../../../../riscv64-unknown-elf/lib/rv32imac/ilp32\libc_nano.a(lib_a-fwalk.o)
                              c:/users/dbwls/downloads/freedomstudio-2020-06-3-win64/sifive/riscv64-unknown-elf-gcc-8.3.0-2020.04.1/bin/../lib/gcc/riscv64-unknown-elf/8.3.0/../../../../riscv64-unknown-elf/lib/rv32imac/ilp32\libc_nano.a(lib_a-findfp.o) (_fwalk)
c:/users/dbwls/downloads/freedomstudio-2020-06-3-win64/sifive/riscv64-unknown-elf-gcc-8.3.0-2020.04.1/bin/../lib/gcc/riscv64-unknown-elf/8.3.0/../../../../riscv64-unknown-elf/lib/rv32imac/ilp32\libc_nano.a(lib_a-impure.o)
                              c:/users/dbwls/downloads/freedomstudio-2020-06-3-win64/sifive/riscv64-unknown-elf-gcc-8.3.0-2020.04.1/bin/../lib/gcc/riscv64-unknown-elf/8.3.0/../../../../riscv64-unknown-elf/lib/rv32imac/ilp32\libc_nano.a(lib_a-fflush.o) (_global_impure_ptr)
c:/users/dbwls/downloads/freedomstudio-2020-06-3-win64/sifive/riscv64-unknown-elf-gcc-8.3.0-2020.04.1/bin/../lib/gcc/riscv64-unknown-elf/8.3.0/../../../../riscv64-unknown-elf/lib/rv32imac/ilp32\libc_nano.a(lib_a-makebuf.o)
[...]
Memory Configuration

Name             Origin             Length             Attributes
itim             0x0000000008000000 0x0000000000002000 axrwl
ram              0x0000000080000000 0x0000000000004000 arw !xl
rom              0x0000000020010000 0x000000000006a120 xrl !aw
*default*        0x0000000000000000 0xffffffffffffffff

Linker script and memory map

LOAD C:\Users\dbwls\AppData\Local\Temp\ccQNWela.o
LOAD C:\Users\dbwls\AppData\Local\Temp\ccyF8lf4.o
LOAD C:\Users\dbwls\AppData\Local\Temp\ccuQwQ12.o
LOAD C:\Users\dbwls\AppData\Local\Temp\cc6GBlS9.o
LOAD C:\Users\dbwls\AppData\Local\Temp\ccvIxlRe.o
LOAD C:\Users\dbwls\AppData\Local\Temp\ccyGfUQq.o
LOAD C:\Users\dbwls\AppData\Local\Temp\cc9jcoHJ.o
START GROUP
LOAD c:/users/dbwls/downloads/freedomstudio-2020-06-3-win64/sifive/riscv64-unknown-elf-gcc-8.3.0-2020.04.1/bin/../lib/gcc/riscv64-unknown-elf/8.3.0/../../../../riscv64-unknown-elf/lib/rv32imac/ilp32\libc_nano.a
LOAD c:/users/dbwls/downloads/freedomstudio-2020-06-3-win64/sifive/riscv64-unknown-elf-gcc-8.3.0-2020.04.1/bin/../lib/gcc/riscv64-unknown-elf/8.3.0/rv32imac/ilp32\libgcc.a
LOAD c:/users/dbwls/downloads/freedomstudio-2020-06-3-win64/sifive/riscv64-unknown-elf-gcc-8.3.0-2020.04.1/bin/../lib/gcc/riscv64-unknown-elf/8.3.0/../../../../riscv64-unknown-elf/lib/rv32imac/ilp32\libm.a
LOAD C:/Users/dbwls/wsFreedomStudio/sifive_hifive1_revb_sifive_welcome/bsp/install/lib/release/\libmetal.a
LOAD C:/Users/dbwls/wsFreedomStudio/sifive_hifive1_revb_sifive_welcome/bsp/install/lib/release/\libmetal-gloss.a
END GROUP
                0x0000000000000400                __stack_size = DEFINED (__stack_size)?__stack_size:0x400
                [!provide]                        PROVIDE (__stack_size = __stack_size)
                0x0000000000000800                __heap_size = DEFINED (__heap_size)?__heap_size:0x800
                0x0000000000000000                PROVIDE (__metal_boot_hart = 0x0)
                0x0000000000000001                PROVIDE (__metal_chicken_bit = 0x1)
                0x0000000000000000                PROVIDE (__metal_eccscrub_bit = 0x0)
                0x0000000080000000                PROVIDE (metal_dtim_0_memory_start = 0x80000000)
                0x0000000080004000                PROVIDE (metal_dtim_0_memory_end = 0x80004000)
                0x0000000008000000                PROVIDE (metal_itim_0_memory_start = 0x8000000)
                0x0000000008002000                PROVIDE (metal_itim_0_memory_end = 0x8002000)

.init           0x0000000020010000      0x2ca
 *(.text.metal.init.enter)
 .text.metal.init.enter
                0x0000000020010000       0x90 C:/Users/dbwls/wsFreedomStudio/sifive_hifive1_revb_sifive_welcome/bsp/install/lib/release/\libmetal.a(entry.o)
                0x0000000020010000                _enter
 *(.text.metal.init.*)
 .text.metal.init.__register_frame_info
                0x0000000020010090        0x2 C:/Users/dbwls/wsFreedomStudio/sifive_hifive1_revb_sifive_welcome/bsp/install/lib/release/\libmetal.a(entry.o)
                0x0000000020010090                __register_frame_info
 .text.metal.init.scrub
                0x0000000020010092       0xe4 C:/Users/dbwls/wsFreedomStudio/sifive_hifive1_revb_sifive_welcome/bsp/install/lib/release/\libmetal.a(scrub.o)
                0x000000002001009e                __metal_before_start
 *fill*         0x0000000020010176        0x2 
 .text.metal.init.trapvec
                0x0000000020010178        0xe C:/Users/dbwls/wsFreedomStudio/sifive_hifive1_revb_sifive_welcome/bsp/install/lib/release/\libmetal.a(trap.o)
                0x0000000020010178                early_trap_vector
 *(SORT_NONE(.init))
 .init          0x0000000020010186        0x2 C:/Users/dbwls/wsFreedomStudio/sifive_hifive1_revb_sifive_welcome/bsp/install/lib/release/\libmetal.a(synchronize_harts.o)
                0x0000000020010186                __metal_synchronize_harts
 *(.text.libgloss.start)
 .text.libgloss.start
                0x0000000020010188      0x142 C:/Users/dbwls/wsFreedomStudio/sifive_hifive1_revb_sifive_welcome/bsp/install/lib/release/\libmetal-gloss.a(crt0.o)
                0x0000000020010188                _start
                0x00000000200102a8                _fini
                0x00000000200102a8                _init
                0x00000000200102aa                secondary_main

.fini
 *(SORT_NONE(.fini))

.preinit_array  0x00000000200102d0        0x0
                0x00000000200102d0                PROVIDE (__preinit_array_start = .)
 *(.preinit_array)
                0x00000000200102d0                PROVIDE (__preinit_array_end = .)

.init_array     0x00000000200102d0        0xc
                0x00000000200102d0                PROVIDE (__init_array_start = .)
 *(SORT_BY_INIT_PRIORITY(.init_array.*) SORT_BY_INIT_PRIORITY(.ctors.*))
 *(.init_array EXCLUDE_FILE(*crtend?.o *crtend.o *crtbegin?.o *crtbegin.o) .ctors)
                0x00000000200102d0                PROVIDE (__init_array_end = .)
                0x00000000200102d0                PROVIDE (metal_constructors_start = .)
 *(SORT_BY_INIT_PRIORITY(.metal.init_array.*))
 .metal.init_array.5000
                0x00000000200102d0        0x8 C:/Users/dbwls/wsFreedomStudio/sifive_hifive1_revb_sifive_welcome/bsp/install/lib/release/\libmetal.a(sifive_fe310-g000_pll.o)
                0x00000000200102d0                _use_hfxosc_ptr
                0x00000000200102d4                _metal_sifive_fe310_g000_pll_init_ptr
 .metal.init_array.5000
                0x00000000200102d8        0x4 C:/Users/dbwls/wsFreedomStudio/sifive_hifive1_revb_sifive_welcome/bsp/install/lib/release/\libmetal.a(tty.o)
                0x00000000200102d8                _metal_tty_init_ptr
 *(.metal.init_array)
                0x00000000200102dc                PROVIDE (metal_constructors_end = .)

.fini_array     0x00000000200102e0        0x0
                0x00000000200102e0                PROVIDE (__fini_array_start = .)
 *(SORT_BY_INIT_PRIORITY(.fini_array.*) SORT_BY_INIT_PRIORITY(.dtors.*))
 *(.fini_array EXCLUDE_FILE(*crtend?.o *crtend.o *crtbegin?.o *crtbegin.o) .dtors)
                0x00000000200102e0                PROVIDE (__fini_array_end = .)
                0x00000000200102e0                PROVIDE (metal_destructors_start = .)
 *(SORT_BY_INIT_PRIORITY(.metal.fini_array.*))
 *(.metal.fini_array)
                0x00000000200102e0                PROVIDE (metal_destructors_end = .)

.ctors          0x00000000200102dc       0x32
 *crtbegin.o(.ctors)
 *crtbegin?.o(.ctors)
 *(EXCLUDE_FILE(*crtend?.o *crtend.o) .ctors)
 *(SORT_BY_NAME(.ctors.*))
 *(.ctors)
 *(.metal.ctors .metal.ctors.*)
 .metal.ctors   0x00000000200102dc       0x20 C:/Users/dbwls/wsFreedomStudio/sifive_hifive1_revb_sifive_welcome/bsp/install/lib/release/\libmetal.a(sifive_fe310-g000_pll.o)
                0x00000000200102dc                metal_sifive_fe310_g000_pll_init
                0x00000000200102e8                use_hfxosc
 .metal.ctors   0x00000000200102fc       0x12 C:/Users/dbwls/wsFreedomStudio/sifive_hifive1_revb_sifive_welcome/bsp/install/lib/release/\libmetal.a(tty.o)
                0x00000000200102fc                metal_tty_init

.dtors
 *crtbegin.o(.dtors)
 *crtbegin?.o(.dtors)
 *(EXCLUDE_FILE(*crtend?.o *crtend.o) .dtors)
 *(SORT_BY_NAME(.dtors.*))
 *(.dtors)
 *(.metal.dtors .metal.dtors.*)

.rodata         0x0000000020010310     0x1118
 *(.rdata)
 *(.rodata .rodata.*)
 .rodata        0x0000000020010310       0x10 C:\Users\dbwls\AppData\Local\Temp\ccQNWela.o
 .rodata.display_banner.str1.4
                0x0000000020010320      0x38a C:\Users\dbwls\AppData\Local\Temp\ccQNWela.o
 *fill*         0x00000000200106aa        0x2 
 .rodata.main.str1.4
                0x00000000200106ac       0xe8 C:\Users\dbwls\AppData\Local\Temp\ccQNWela.o
 .rodata.__sf_fake_stderr
                0x0000000020010794       0x20 c:/users/dbwls/downloads/freedomstudio-2020-06-3-win64/sifive/riscv64-unknown-elf-gcc-8.3.0-2020.04.1/bin/../lib/gcc/riscv64-unknown-elf/8.3.0/../../../../riscv64-unknown-elf/lib/rv32imac/ilp32\libc_nano.a(lib_a-findfp.o)
                0x0000000020010794                __sf_fake_stderr
 .rodata.__sf_fake_stdin
                0x00000000200107b4       0x20 c:/users/dbwls/downloads/freedomstudio-2020-06-3-win64/sifive/riscv64-unknown-elf-gcc-8.3.0-2020.04.1/bin/../lib/gcc/riscv64-unknown-elf/8.3.0/../../../../riscv64-unknown-elf/lib/rv32imac/ilp32\libc_nano.a(lib_a-findfp.o)
                0x00000000200107b4                __sf_fake_stdin
 .rodata.__sf_fake_stdout
                0x00000000200107d4       0x20 c:/users/dbwls/downloads/freedomstudio-2020-06-3-win64/sifive/riscv64-unknown-elf-gcc-8.3.0-2020.04.1/bin/../lib/gcc/riscv64-unknown-elf/8.3.0/../../../../riscv64-unknown-elf/lib/rv32imac/ilp32\libc_nano.a(lib_a-findfp.o)
                0x00000000200107d4                __sf_fake_stdout
 .rodata._vfprintf_r.str1.4
                0x00000000200107f4       0x13 c:/users/dbwls/downloads/freedomstudio-2020-06-3-win64/sifive/riscv64-unknown-elf-gcc-8.3.0-2020.04.1/bin/../lib/gcc/riscv64-unknown-elf/8.3.0/../../../../riscv64-unknown-elf/lib/rv32imac/ilp32\libc_nano.a(lib_a-nano-vfprintf.o)
 *fill*         0x0000000020010807        0x1 
 .rodata._printf_i.str1.4
                0x0000000020010808       0x25 c:/users/dbwls/downloads/freedomstudio-2020-06-3-win64/sifive/riscv64-unknown-elf-gcc-8.3.0-2020.04.1/bin/../lib/gcc/riscv64-unknown-elf/8.3.0/../../../../riscv64-unknown-elf/lib/rv32imac/ilp32\libc_nano.a(lib_a-nano-vfprintf_i.o)
 *fill*         0x000000002001082d        0x3 
 .rodata        0x0000000020010830      0x100 c:/users/dbwls/downloads/freedomstudio-2020-06-3-win64/sifive/riscv64-unknown-elf-gcc-8.3.0-2020.04.1/bin/../lib/gcc/riscv64-unknown-elf/8.3.0/rv32imac/ilp32\libgcc.a(_clz.o)
                0x0000000020010830                __clz_tab
 .rodata.__metal_driver_vtable_riscv_clint0
                0x0000000020010930       0x64 C:/Users/dbwls/wsFreedomStudio/sifive_hifive1_revb_sifive_welcome/bsp/install/lib/release/\libmetal.a(riscv_clint0.o)
                0x0000000020010930                __metal_driver_vtable_riscv_clint0
 .rodata.__metal_driver_vtable_cpu
                0x0000000020010994       0x44 C:/Users/dbwls/wsFreedomStudio/sifive_hifive1_revb_sifive_welcome/bsp/install/lib/release/\libmetal.a(riscv_cpu.o)
                0x0000000020010994                __metal_driver_vtable_cpu
 .rodata.__metal_driver_vtable_riscv_cpu_intc
                0x00000000200109d8       0x64 C:/Users/dbwls/wsFreedomStudio/sifive_hifive1_revb_sifive_welcome/bsp/install/lib/release/\libmetal.a(riscv_cpu.o)
                0x00000000200109d8                __metal_driver_vtable_riscv_cpu_intc
 .rodata.__metal_driver_vtable_riscv_plic0
                0x0000000020010a3c       0x64 C:/Users/dbwls/wsFreedomStudio/sifive_hifive1_revb_sifive_welcome/bsp/install/lib/release/\libmetal.a(riscv_plic0.o)
                0x0000000020010a3c                __metal_driver_vtable_riscv_plic0
 .rodata.__metal_driver_vtable_sifive_fe310_g000_pll
                0x0000000020010aa0        0xc C:/Users/dbwls/wsFreedomStudio/sifive_hifive1_revb_sifive_welcome/bsp/install/lib/release/\libmetal.a(sifive_fe310-g000_pll.o)
                0x0000000020010aa0                __metal_driver_vtable_sifive_fe310_g000_pll
 .rodata.pll_configs
                0x0000000020010aac      0x880 C:/Users/dbwls/wsFreedomStudio/sifive_hifive1_revb_sifive_welcome/bsp/install/lib/release/\libmetal.a(sifive_fe310-g000_pll.o)
 .rodata.__metal_driver_led_exist.str1.4
                0x000000002001132c       0x1c C:/Users/dbwls/wsFreedomStudio/sifive_hifive1_revb_sifive_welcome/bsp/install/lib/release/\libmetal.a(sifive_gpio-leds.o)
                                         0x1d (size before relaxing)
 .rodata.__metal_driver_vtable_sifive_led
                0x0000000020011348       0x14 C:/Users/dbwls/wsFreedomStudio/sifive_hifive1_revb_sifive_welcome/bsp/install/lib/release/\libmetal.a(sifive_gpio-leds.o)
                0x0000000020011348                __metal_driver_vtable_sifive_led
 .rodata.__metal_driver_sifive_gpio0_config_int
                0x000000002001135c       0x20 C:/Users/dbwls/wsFreedomStudio/sifive_hifive1_revb_sifive_welcome/bsp/install/lib/release/\libmetal.a(sifive_gpio0.o)
 .rodata.__metal_driver_sifive_gpio0_clear_int
                0x000000002001137c       0x1c C:/Users/dbwls/wsFreedomStudio/sifive_hifive1_revb_sifive_welcome/bsp/install/lib/release/\libmetal.a(sifive_gpio0.o)
 .rodata.__metal_driver_vtable_sifive_gpio0
                0x0000000020011398       0x3c C:/Users/dbwls/wsFreedomStudio/sifive_hifive1_revb_sifive_welcome/bsp/install/lib/release/\libmetal.a(sifive_gpio0.o)
                0x0000000020011398                __metal_driver_vtable_sifive_gpio0
 .rodata.__metal_driver_vtable_sifive_uart0
                0x00000000200113d4       0x40 C:/Users/dbwls/wsFreedomStudio/sifive_hifive1_revb_sifive_welcome/bsp/install/lib/release/\libmetal.a(sifive_uart0.o)
                0x00000000200113d4                __metal_driver_vtable_sifive_uart0
 .rodata.libgloss.start
                0x0000000020011414       0x11 C:/Users/dbwls/wsFreedomStudio/sifive_hifive1_revb_sifive_welcome/bsp/install/lib/release/\libmetal-gloss.a(crt0.o)
 *(.gnu.linkonce.r.*)
                0x0000000020011428                . = ALIGN (0x8)
 *fill*         0x0000000020011425        0x3 
 *(.srodata.cst16)
 *(.srodata.cst8)
 *(.srodata.cst4)
 *(.srodata.cst2)
 *(.srodata .srodata.*)

.itim           0x0000000008000000        0x0 load address 0x0000000020011428
 *(.itim .itim.*)
                0x0000000020011428                PROVIDE (metal_segment_itim_source_start = LOADADDR (.itim))
                0x0000000008000000                PROVIDE (metal_segment_itim_target_start = ADDR (.itim))
                0x0000000008000000                PROVIDE (metal_segment_itim_target_end = (ADDR (.itim) + SIZEOF (.itim)))

.text           0x0000000020011480     0x4a10
 *(.text.unlikely .text.unlikely.*)
 *(.text.startup .text.startup.*)
 .text.startup.main
                0x0000000020011480      0x1c0 C:\Users\dbwls\AppData\Local\Temp\ccQNWela.o
                0x0000000020011480                main
 *(.text .text.*)
 .text.timer_isr
                0x0000000020011640       0x1c C:\Users\dbwls\AppData\Local\Temp\ccQNWela.o
                0x0000000020011640                timer_isr
 .text.display_banner
                0x000000002001165c      0x13a C:\Users\dbwls\AppData\Local\Temp\ccQNWela.o
                0x000000002001165c                display_banner
 .text.wait_for_timer
                0x0000000020011796       0x58 C:\Users\dbwls\AppData\Local\Temp\ccQNWela.o
                0x0000000020011796                wait_for_timer
 *fill*         0x00000000200117ee        0x2 
 .text          0x00000000200117f0       0x12 C:\Users\dbwls\AppData\Local\Temp\ccyF8lf4.o
                0x00000000200117f0                getcycles
 .text          0x0000000020011802      0x89a C:\Users\dbwls\AppData\Local\Temp\cc6GBlS9.o
                0x0000000020011802                LEA128_ENC
 .text          0x000000002001209c       0x16 c:/users/dbwls/downloads/freedomstudio-2020-06-3-win64/sifive/riscv64-unknown-elf-gcc-8.3.0-2020.04.1/bin/../lib/gcc/riscv64-unknown-elf/8.3.0/../../../../riscv64-unknown-elf/lib/rv32imac/ilp32\libc_nano.a(lib_a-memcpy-asm.o)
                0x000000002001209c                memcpy
 .text.printf   0x00000000200120b2       0x44 c:/users/dbwls/downloads/freedomstudio-2020-06-3-win64/sifive/riscv64-unknown-elf-gcc-8.3.0-2020.04.1/bin/../lib/gcc/riscv64-unknown-elf/8.3.0/../../../../riscv64-unknown-elf/lib/rv32imac/ilp32\libc_nano.a(lib_a-printf.o)
                0x00000000200120b2                iprintf
                0x00000000200120b2                printf
 .text.putchar  0x00000000200120f6       0x2c c:/users/dbwls/downloads/freedomstudio-2020-06-3-win64/sifive/riscv64-unknown-elf-gcc-8.3.0-2020.04.1/bin/../lib/gcc/riscv64-unknown-elf/8.3.0/../../../../riscv64-unknown-elf/lib/rv32imac/ilp32\libc_nano.a(lib_a-putchar.o)
                0x00000000200120f6                putchar
 .text._putc_r  0x0000000020012122       0x82 c:/users/dbwls/downloads/freedomstudio-2020-06-3-win64/sifive/riscv64-unknown-elf-gcc-8.3.0-2020.04.1/bin/../lib/gcc/riscv64-unknown-elf/8.3.0/../../../../riscv64-unknown-elf/lib/rv32imac/ilp32\libc_nano.a(lib_a-putc.o)
                0x0000000020012122                _putc_r
 .text._puts_r  0x00000000200121a4       0xda c:/users/dbwls/downloads/freedomstudio-2020-06-3-win64/sifive/riscv64-unknown-elf-gcc-8.3.0-2020.04.1/bin/../lib/gcc/riscv64-unknown-elf/8.3.0/../../../../riscv64-unknown-elf/lib/rv32imac/ilp32\libc_nano.a(lib_a-puts.o)
                0x00000000200121a4                _puts_r
 .text.puts     0x000000002001227e        0xe c:/users/dbwls/downloads/freedomstudio-2020-06-3-win64/sifive/riscv64-unknown-elf-gcc-8.3.0-2020.04.1/bin/../lib/gcc/riscv64-unknown-elf/8.3.0/../../../../riscv64-unknown-elf/lib/rv32imac/ilp32\libc_nano.a(lib_a-puts.o)
                0x000000002001227e                puts
 .text.__swbuf_r
                0x000000002001228c       0xc0 c:/users/dbwls/downloads/freedomstudio-2020-06-3-win64/sifive/riscv64-unknown-elf-gcc-8.3.0-2020.04.1/bin/../lib/gcc/riscv64-unknown-elf/8.3.0/../../../../riscv64-unknown-elf/lib/rv32imac/ilp32\libc_nano.a(lib_a-wbuf.o)
                0x000000002001228c                __swbuf_r
 .text.__swsetup_r
                0x000000002001234c      0x110 c:/users/dbwls/downloads/freedomstudio-2020-06-3-win64/sifive/riscv64-unknown-elf-gcc-8.3.0-2020.04.1/bin/../lib/gcc/riscv64-unknown-elf/8.3.0/../../../../riscv64-unknown-elf/lib/rv32imac/ilp32\libc_nano.a(lib_a-wsetup.o)
                0x000000002001234c                __swsetup_r
 .text.__sflush_r
                0x000000002001245c      0x14a c:/users/dbwls/downloads/freedomstudio-2020-06-3-win64/sifive/riscv64-unknown-elf-gcc-8.3.0-2020.04.1/bin/../lib/gcc/riscv64-unknown-elf/8.3.0/../../../../riscv64-unknown-elf/lib/rv32imac/ilp32\libc_nano.a(lib_a-fflush.o)
                0x000000002001245c                __sflush_r
 .text._fflush_r
                0x00000000200125a6       0x64 c:/users/dbwls/downloads/freedomstudio-2020-06-3-win64/sifive/riscv64-unknown-elf-gcc-8.3.0-2020.04.1/bin/../lib/gcc/riscv64-unknown-elf/8.3.0/../../../../riscv64-unknown-elf/lib/rv32imac/ilp32\libc_nano.a(lib_a-fflush.o)
                0x00000000200125a6                _fflush_r
 .text.std      0x000000002001260a       0x68 c:/users/dbwls/downloads/freedomstudio-2020-06-3-win64/sifive/riscv64-unknown-elf-gcc-8.3.0-2020.04.1/bin/../lib/gcc/riscv64-unknown-elf/8.3.0/../../../../riscv64-unknown-elf/lib/rv32imac/ilp32\libc_nano.a(lib_a-findfp.o)
 .text._cleanup_r
                0x0000000020012672        0xa c:/users/dbwls/downloads/freedomstudio-2020-06-3-win64/sifive/riscv64-unknown-elf-gcc-8.3.0-2020.04.1/bin/../lib/gcc/riscv64-unknown-elf/8.3.0/../../../../riscv64-unknown-elf/lib/rv32imac/ilp32\libc_nano.a(lib_a-findfp.o)
                0x0000000020012672                _cleanup_r
 .text.__sfmoreglue
                0x000000002001267c       0x44 c:/users/dbwls/downloads/freedomstudio-2020-06-3-win64/sifive/riscv64-unknown-elf-gcc-8.3.0-2020.04.1/bin/../lib/gcc/riscv64-unknown-elf/8.3.0/../../../../riscv64-unknown-elf/lib/rv32imac/ilp32\libc_nano.a(lib_a-findfp.o)
                0x000000002001267c                __sfmoreglue
 .text.__sinit  0x00000000200126c0       0x6a c:/users/dbwls/downloads/freedomstudio-2020-06-3-win64/sifive/riscv64-unknown-elf-gcc-8.3.0-2020.04.1/bin/../lib/gcc/riscv64-unknown-elf/8.3.0/../../../../riscv64-unknown-elf/lib/rv32imac/ilp32\libc_nano.a(lib_a-findfp.o)
                0x00000000200126c0                __sinit
 .text.__sfp    0x000000002001272a       0x9e c:/users/dbwls/downloads/freedomstudio-2020-06-3-win64/sifive/riscv64-unknown-elf-gcc-8.3.0-2020.04.1/bin/../lib/gcc/riscv64-unknown-elf/8.3.0/../../../../riscv64-unknown-elf/lib/rv32imac/ilp32\libc_nano.a(lib_a-findfp.o)
                0x000000002001272a                __sfp
 .text._fwalk_reent
                0x00000000200127c8       0x6c c:/users/dbwls/downloads/freedomstudio-2020-06-3-win64/sifive/riscv64-unknown-elf-gcc-8.3.0-2020.04.1/bin/../lib/gcc/riscv64-unknown-elf/8.3.0/../../../../riscv64-unknown-elf/lib/rv32imac/ilp32\libc_nano.a(lib_a-fwalk.o)
                0x00000000200127c8                _fwalk_reent
 .text.__swhatbuf_r
                0x0000000020012834       0x58 c:/users/dbwls/downloads/freedomstudio-2020-06-3-win64/sifive/riscv64-unknown-elf-gcc-8.3.0-2020.04.1/bin/../lib/gcc/riscv64-unknown-elf/8.3.0/../../../../riscv64-unknown-elf/lib/rv32imac/ilp32\libc_nano.a(lib_a-makebuf.o)
                0x0000000020012834                __swhatbuf_r
 .text.__smakebuf_r
                0x000000002001288c       0x9c c:/users/dbwls/downloads/freedomstudio-2020-06-3-win64/sifive/riscv64-unknown-elf-gcc-8.3.0-2020.04.1/bin/../lib/gcc/riscv64-unknown-elf/8.3.0/../../../../riscv64-unknown-elf/lib/rv32imac/ilp32\libc_nano.a(lib_a-makebuf.o)
                0x000000002001288c                __smakebuf_r
 .text          0x0000000020012928       0x10 c:/users/dbwls/downloads/freedomstudio-2020-06-3-win64/sifive/riscv64-unknown-elf-gcc-8.3.0-2020.04.1/bin/../lib/gcc/riscv64-unknown-elf/8.3.0/../../../../riscv64-unknown-elf/lib/rv32imac/ilp32\libc_nano.a(lib_a-memset.o)
                0x0000000020012928                memset
 .text._free_r  0x0000000020012938       0xac c:/users/dbwls/downloads/freedomstudio-2020-06-3-win64/sifive/riscv64-unknown-elf-gcc-8.3.0-2020.04.1/bin/../lib/gcc/riscv64-unknown-elf/8.3.0/../../../../riscv64-unknown-elf/lib/rv32imac/ilp32\libc_nano.a(lib_a-nano-freer.o)
                0x0000000020012938                _free_r
 .text._malloc_r
                0x00000000200129e4       0xde c:/users/dbwls/downloads/freedomstudio-2020-06-3-win64/sifive/riscv64-unknown-elf-gcc-8.3.0-2020.04.1/bin/../lib/gcc/riscv64-unknown-elf/8.3.0/../../../../riscv64-unknown-elf/lib/rv32imac/ilp32\libc_nano.a(lib_a-nano-mallocr.o)
                0x00000000200129e4                _malloc_r
 .text.__sfputc_r
                0x0000000020012ac2       0x2a c:/users/dbwls/downloads/freedomstudio-2020-06-3-win64/sifive/riscv64-unknown-elf-gcc-8.3.0-2020.04.1/bin/../lib/gcc/riscv64-unknown-elf/8.3.0/../../../../riscv64-unknown-elf/lib/rv32imac/ilp32\libc_nano.a(lib_a-nano-vfprintf.o)
 .text.__sfputs_r
                0x0000000020012aec       0x42 c:/users/dbwls/downloads/freedomstudio-2020-06-3-win64/sifive/riscv64-unknown-elf-gcc-8.3.0-2020.04.1/bin/../lib/gcc/riscv64-unknown-elf/8.3.0/../../../../riscv64-unknown-elf/lib/rv32imac/ilp32\libc_nano.a(lib_a-nano-vfprintf.o)
                0x0000000020012aec                __sfputs_r
 .text._vfprintf_r
                0x0000000020012b2e      0x298 c:/users/dbwls/downloads/freedomstudio-2020-06-3-win64/sifive/riscv64-unknown-elf-gcc-8.3.0-2020.04.1/bin/../lib/gcc/riscv64-unknown-elf/8.3.0/../../../../riscv64-unknown-elf/lib/rv32imac/ilp32\libc_nano.a(lib_a-nano-vfprintf.o)
                0x0000000020012b2e                _vfprintf_r
                0x0000000020012b2e                _vfiprintf_r
 .text._sbrk_r  0x0000000020012dc6       0x2a c:/users/dbwls/downloads/freedomstudio-2020-06-3-win64/sifive/riscv64-unknown-elf-gcc-8.3.0-2020.04.1/bin/../lib/gcc/riscv64-unknown-elf/8.3.0/../../../../riscv64-unknown-elf/lib/rv32imac/ilp32\libc_nano.a(lib_a-sbrkr.o)
                0x0000000020012dc6                _sbrk_r
 .text.__sread  0x0000000020012df0       0x30 c:/users/dbwls/downloads/freedomstudio-2020-06-3-win64/sifive/riscv64-unknown-elf-gcc-8.3.0-2020.04.1/bin/../lib/gcc/riscv64-unknown-elf/8.3.0/../../../../riscv64-unknown-elf/lib/rv32imac/ilp32\libc_nano.a(lib_a-stdio.o)
                0x0000000020012df0                __sread
 .text.__swrite
                0x0000000020012e20       0x4e c:/users/dbwls/downloads/freedomstudio-2020-06-3-win64/sifive/riscv64-unknown-elf-gcc-8.3.0-2020.04.1/bin/../lib/gcc/riscv64-unknown-elf/8.3.0/../../../../riscv64-unknown-elf/lib/rv32imac/ilp32\libc_nano.a(lib_a-stdio.o)
                0x0000000020012e20                __swrite
 .text.__sseek  0x0000000020012e6e       0x36 c:/users/dbwls/downloads/freedomstudio-2020-06-3-win64/sifive/riscv64-unknown-elf-gcc-8.3.0-2020.04.1/bin/../lib/gcc/riscv64-unknown-elf/8.3.0/../../../../riscv64-unknown-elf/lib/rv32imac/ilp32\libc_nano.a(lib_a-stdio.o)
                0x0000000020012e6e                __sseek
 .text.__sclose
                0x0000000020012ea4        0x6 c:/users/dbwls/downloads/freedomstudio-2020-06-3-win64/sifive/riscv64-unknown-elf-gcc-8.3.0-2020.04.1/bin/../lib/gcc/riscv64-unknown-elf/8.3.0/../../../../riscv64-unknown-elf/lib/rv32imac/ilp32\libc_nano.a(lib_a-stdio.o)
                0x0000000020012ea4                __sclose
 .text._write_r
                0x0000000020012eaa       0x2e c:/users/dbwls/downloads/freedomstudio-2020-06-3-win64/sifive/riscv64-unknown-elf-gcc-8.3.0-2020.04.1/bin/../lib/gcc/riscv64-unknown-elf/8.3.0/../../../../riscv64-unknown-elf/lib/rv32imac/ilp32\libc_nano.a(lib_a-writer.o)
                0x0000000020012eaa                _write_r
 .text._close_r
                0x0000000020012ed8       0x2a c:/users/dbwls/downloads/freedomstudio-2020-06-3-win64/sifive/riscv64-unknown-elf-gcc-8.3.0-2020.04.1/bin/../lib/gcc/riscv64-unknown-elf/8.3.0/../../../../riscv64-unknown-elf/lib/rv32imac/ilp32\libc_nano.a(lib_a-closer.o)
                0x0000000020012ed8                _close_r
 .text._fstat_r
                0x0000000020012f02       0x2c c:/users/dbwls/downloads/freedomstudio-2020-06-3-win64/sifive/riscv64-unknown-elf-gcc-8.3.0-2020.04.1/bin/../lib/gcc/riscv64-unknown-elf/8.3.0/../../../../riscv64-unknown-elf/lib/rv32imac/ilp32\libc_nano.a(lib_a-fstatr.o)
                0x0000000020012f02                _fstat_r
 .text._isatty_r
                0x0000000020012f2e       0x2a c:/users/dbwls/downloads/freedomstudio-2020-06-3-win64/sifive/riscv64-unknown-elf-gcc-8.3.0-2020.04.1/bin/../lib/gcc/riscv64-unknown-elf/8.3.0/../../../../riscv64-unknown-elf/lib/rv32imac/ilp32\libc_nano.a(lib_a-isattyr.o)
                0x0000000020012f2e                _isatty_r
 .text._lseek_r
                0x0000000020012f58       0x2e c:/users/dbwls/downloads/freedomstudio-2020-06-3-win64/sifive/riscv64-unknown-elf-gcc-8.3.0-2020.04.1/bin/../lib/gcc/riscv64-unknown-elf/8.3.0/../../../../riscv64-unknown-elf/lib/rv32imac/ilp32\libc_nano.a(lib_a-lseekr.o)
                0x0000000020012f58                _lseek_r
 .text.memchr   0x0000000020012f86       0x1a c:/users/dbwls/downloads/freedomstudio-2020-06-3-win64/sifive/riscv64-unknown-elf-gcc-8.3.0-2020.04.1/bin/../lib/gcc/riscv64-unknown-elf/8.3.0/../../../../riscv64-unknown-elf/lib/rv32imac/ilp32\libc_nano.a(lib_a-memchr.o)
                0x0000000020012f86                memchr
 .text.__malloc_lock
                0x0000000020012fa0        0x2 c:/users/dbwls/downloads/freedomstudio-2020-06-3-win64/sifive/riscv64-unknown-elf-gcc-8.3.0-2020.04.1/bin/../lib/gcc/riscv64-unknown-elf/8.3.0/../../../../riscv64-unknown-elf/lib/rv32imac/ilp32\libc_nano.a(lib_a-mlock.o)
                0x0000000020012fa0                __malloc_lock
 .text.__malloc_unlock
                0x0000000020012fa2        0x2 c:/users/dbwls/downloads/freedomstudio-2020-06-3-win64/sifive/riscv64-unknown-elf-gcc-8.3.0-2020.04.1/bin/../lib/gcc/riscv64-unknown-elf/8.3.0/../../../../riscv64-unknown-elf/lib/rv32imac/ilp32\libc_nano.a(lib_a-mlock.o)
                0x0000000020012fa2                __malloc_unlock
 .text._printf_common
                0x0000000020012fa4      0x10c c:/users/dbwls/downloads/freedomstudio-2020-06-3-win64/sifive/riscv64-unknown-elf-gcc-8.3.0-2020.04.1/bin/../lib/gcc/riscv64-unknown-elf/8.3.0/../../../../riscv64-unknown-elf/lib/rv32imac/ilp32\libc_nano.a(lib_a-nano-vfprintf_i.o)
                0x0000000020012fa4                _printf_common
 .text._printf_i
                0x00000000200130b0      0x2a2 c:/users/dbwls/downloads/freedomstudio-2020-06-3-win64/sifive/riscv64-unknown-elf-gcc-8.3.0-2020.04.1/bin/../lib/gcc/riscv64-unknown-elf/8.3.0/../../../../riscv64-unknown-elf/lib/rv32imac/ilp32\libc_nano.a(lib_a-nano-vfprintf_i.o)
                0x00000000200130b0                _printf_i
 .text._read_r  0x0000000020013352       0x2e c:/users/dbwls/downloads/freedomstudio-2020-06-3-win64/sifive/riscv64-unknown-elf-gcc-8.3.0-2020.04.1/bin/../lib/gcc/riscv64-unknown-elf/8.3.0/../../../../riscv64-unknown-elf/lib/rv32imac/ilp32\libc_nano.a(lib_a-readr.o)
                0x0000000020013352                _read_r
 .text          0x0000000020013380      0x35e c:/users/dbwls/downloads/freedomstudio-2020-06-3-win64/sifive/riscv64-unknown-elf-gcc-8.3.0-2020.04.1/bin/../lib/gcc/riscv64-unknown-elf/8.3.0/rv32imac/ilp32\libgcc.a(_udivdi3.o)
                0x0000000020013380                __udivdi3
 .text.metal_cpu_get_mtime
                0x00000000200136de        0x8 C:/Users/dbwls/wsFreedomStudio/sifive_hifive1_revb_sifive_welcome/bsp/install/lib/release/\libmetal.a(cpu.o)
                0x00000000200136de                metal_cpu_get_mtime
 .text.metal_cpu_set_mtimecmp
                0x00000000200136e6        0x8 C:/Users/dbwls/wsFreedomStudio/sifive_hifive1_revb_sifive_welcome/bsp/install/lib/release/\libmetal.a(cpu.o)
                0x00000000200136e6                metal_cpu_set_mtimecmp
 .text.metal_cpu_timer_interrupt_controller
                0x00000000200136ee        0x8 C:/Users/dbwls/wsFreedomStudio/sifive_hifive1_revb_sifive_welcome/bsp/install/lib/release/\libmetal.a(cpu.o)
                0x00000000200136ee                metal_cpu_timer_interrupt_controller
 .text.metal_cpu_timer_get_interrupt_id
                0x00000000200136f6        0x8 C:/Users/dbwls/wsFreedomStudio/sifive_hifive1_revb_sifive_welcome/bsp/install/lib/release/\libmetal.a(cpu.o)
                0x00000000200136f6                metal_cpu_timer_get_interrupt_id
 .text.metal_cpu_interrupt_controller
                0x00000000200136fe        0x8 C:/Users/dbwls/wsFreedomStudio/sifive_hifive1_revb_sifive_welcome/bsp/install/lib/release/\libmetal.a(cpu.o)
                0x00000000200136fe                metal_cpu_interrupt_controller
 .text.metal_cpu_get
                0x0000000020013706        0xc C:/Users/dbwls/wsFreedomStudio/sifive_hifive1_revb_sifive_welcome/bsp/install/lib/release/\libmetal.a(cpu.o)
                0x0000000020013706                metal_cpu_get
 .text.metal_cpu_get_current_hartid
                0x0000000020013712        0x6 C:/Users/dbwls/wsFreedomStudio/sifive_hifive1_revb_sifive_welcome/bsp/install/lib/release/\libmetal.a(cpu.o)
                0x0000000020013712                metal_cpu_get_current_hartid
 .text.metal_interrupt_init
                0x0000000020013718        0x8 C:/Users/dbwls/wsFreedomStudio/sifive_hifive1_revb_sifive_welcome/bsp/install/lib/release/\libmetal.a(interrupt.o)
                0x0000000020013718                metal_interrupt_init
 .text.metal_interrupt_register_handler
                0x0000000020013720        0x8 C:/Users/dbwls/wsFreedomStudio/sifive_hifive1_revb_sifive_welcome/bsp/install/lib/release/\libmetal.a(interrupt.o)
                0x0000000020013720                metal_interrupt_register_handler
 .text.metal_interrupt_enable
                0x0000000020013728        0x8 C:/Users/dbwls/wsFreedomStudio/sifive_hifive1_revb_sifive_welcome/bsp/install/lib/release/\libmetal.a(interrupt.o)
                0x0000000020013728                metal_interrupt_enable
 .text.metal_interrupt_disable
                0x0000000020013730        0x8 C:/Users/dbwls/wsFreedomStudio/sifive_hifive1_revb_sifive_welcome/bsp/install/lib/release/\libmetal.a(interrupt.o)
                0x0000000020013730                metal_interrupt_disable
 .text.metal_led_enable
                0x0000000020013738        0x8 C:/Users/dbwls/wsFreedomStudio/sifive_hifive1_revb_sifive_welcome/bsp/install/lib/release/\libmetal.a(led.o)
                0x0000000020013738                metal_led_enable
 .text.metal_led_on
                0x0000000020013740        0x8 C:/Users/dbwls/wsFreedomStudio/sifive_hifive1_revb_sifive_welcome/bsp/install/lib/release/\libmetal.a(led.o)
                0x0000000020013740                metal_led_on
 .text.metal_led_off
                0x0000000020013748        0x8 C:/Users/dbwls/wsFreedomStudio/sifive_hifive1_revb_sifive_welcome/bsp/install/lib/release/\libmetal.a(led.o)
                0x0000000020013748                metal_led_off
 .text.metal_led_get_rgb
                0x0000000020013750       0x50 C:/Users/dbwls/wsFreedomStudio/sifive_hifive1_revb_sifive_welcome/bsp/install/lib/release/\libmetal.a(led.o)
                0x0000000020013750                metal_led_get_rgb
 .text.__metal_driver_riscv_clint0_mtimecmp_set
                0x00000000200137a0       0x2c C:/Users/dbwls/wsFreedomStudio/sifive_hifive1_revb_sifive_welcome/bsp/install/lib/release/\libmetal.a(riscv_clint0.o)
                0x00000000200137a0                __metal_driver_riscv_clint0_mtimecmp_set
 .text.__metal_driver_riscv_clint0_vector_register
                0x00000000200137cc        0x4 C:/Users/dbwls/wsFreedomStudio/sifive_hifive1_revb_sifive_welcome/bsp/install/lib/release/\libmetal.a(riscv_clint0.o)
                0x00000000200137cc                __metal_driver_riscv_clint0_vector_register
 .text.__metal_driver_riscv_clint0_get_vector_mode
                0x00000000200137d0        0x4 C:/Users/dbwls/wsFreedomStudio/sifive_hifive1_revb_sifive_welcome/bsp/install/lib/release/\libmetal.a(riscv_clint0.o)
                0x00000000200137d0                __metal_driver_riscv_clint0_get_vector_mode
 .text._get_cpu_intc
                0x00000000200137d4       0x10 C:/Users/dbwls/wsFreedomStudio/sifive_hifive1_revb_sifive_welcome/bsp/install/lib/release/\libmetal.a(riscv_clint0.o)
 .text.__metal_driver_riscv_clint0_set_vector_mode
                0x00000000200137e4       0x26 C:/Users/dbwls/wsFreedomStudio/sifive_hifive1_revb_sifive_welcome/bsp/install/lib/release/\libmetal.a(riscv_clint0.o)
                0x00000000200137e4                __metal_driver_riscv_clint0_set_vector_mode
 .text.__metal_driver_riscv_clint0_init
                0x000000002001380a       0x56 C:/Users/dbwls/wsFreedomStudio/sifive_hifive1_revb_sifive_welcome/bsp/install/lib/release/\libmetal.a(riscv_clint0.o)
                0x000000002001380a                __metal_driver_riscv_clint0_init
 .text.__metal_driver_riscv_clint0_disable
                0x0000000020013860       0x4e C:/Users/dbwls/wsFreedomStudio/sifive_hifive1_revb_sifive_welcome/bsp/install/lib/release/\libmetal.a(riscv_clint0.o)
                0x0000000020013860                __metal_driver_riscv_clint0_disable
 .text.__metal_driver_riscv_clint0_enable
                0x00000000200138ae       0x4e C:/Users/dbwls/wsFreedomStudio/sifive_hifive1_revb_sifive_welcome/bsp/install/lib/release/\libmetal.a(riscv_clint0.o)
                0x00000000200138ae                __metal_driver_riscv_clint0_enable
 .text.__metal_driver_riscv_clint0_register
                0x00000000200138fc       0x64 C:/Users/dbwls/wsFreedomStudio/sifive_hifive1_revb_sifive_welcome/bsp/install/lib/release/\libmetal.a(riscv_clint0.o)
                0x00000000200138fc                __metal_driver_riscv_clint0_register
 .text.__metal_clint0_mtime_get
                0x0000000020013960       0x2a C:/Users/dbwls/wsFreedomStudio/sifive_hifive1_revb_sifive_welcome/bsp/install/lib/release/\libmetal.a(riscv_clint0.o)
                0x0000000020013960                __metal_clint0_mtime_get
 .text.__metal_driver_riscv_clint0_command_request
                0x000000002001398a       0x88 C:/Users/dbwls/wsFreedomStudio/sifive_hifive1_revb_sifive_welcome/bsp/install/lib/release/\libmetal.a(riscv_clint0.o)
                0x000000002001398a                __metal_driver_riscv_clint0_command_request
 .text.__metal_driver_riscv_clint0_clear_interrupt
                0x0000000020013a12       0x1c C:/Users/dbwls/wsFreedomStudio/sifive_hifive1_revb_sifive_welcome/bsp/install/lib/release/\libmetal.a(riscv_clint0.o)
                0x0000000020013a12                __metal_driver_riscv_clint0_clear_interrupt
 .text.__metal_driver_riscv_clint0_set_interrupt
                0x0000000020013a2e       0x1c C:/Users/dbwls/wsFreedomStudio/sifive_hifive1_revb_sifive_welcome/bsp/install/lib/release/\libmetal.a(riscv_clint0.o)
                0x0000000020013a2e                __metal_driver_riscv_clint0_set_interrupt
 .text.__metal_default_sw_handler
                0x0000000020013a4a       0x42 C:/Users/dbwls/wsFreedomStudio/sifive_hifive1_revb_sifive_welcome/bsp/install/lib/release/\libmetal.a(riscv_cpu.o)
                0x0000000020013a4a                __metal_default_sw_handler
 .text.__metal_default_beu_handler
                0x0000000020013a8c        0x2 C:/Users/dbwls/wsFreedomStudio/sifive_hifive1_revb_sifive_welcome/bsp/install/lib/release/\libmetal.a(riscv_cpu.o)
                0x0000000020013a8c                __metal_default_beu_handler
 *fill*         0x0000000020013a8e       0x72 
 .text.__metal_exception_handler
                0x0000000020013b00       0xfa C:/Users/dbwls/wsFreedomStudio/sifive_hifive1_revb_sifive_welcome/bsp/install/lib/release/\libmetal.a(riscv_cpu.o)
                0x0000000020013b00                __metal_exception_handler
 .text.__metal_driver_riscv_cpu_controller_command_request
                0x0000000020013bfa        0x4 C:/Users/dbwls/wsFreedomStudio/sifive_hifive1_revb_sifive_welcome/bsp/install/lib/release/\libmetal.a(riscv_cpu.o)
                0x0000000020013bfa                __metal_driver_riscv_cpu_controller_command_request
 .text.__metal_driver_cpu_mcycle_get
                0x0000000020013bfe       0x12 C:/Users/dbwls/wsFreedomStudio/sifive_hifive1_revb_sifive_welcome/bsp/install/lib/release/\libmetal.a(riscv_cpu.o)
                0x0000000020013bfe                __metal_driver_cpu_mcycle_get
 .text.__metal_driver_cpu_timebase_get
                0x0000000020013c10       0x22 C:/Users/dbwls/wsFreedomStudio/sifive_hifive1_revb_sifive_welcome/bsp/install/lib/release/\libmetal.a(riscv_cpu.o)
                0x0000000020013c10                __metal_driver_cpu_timebase_get
 .text.__metal_driver_cpu_mtime_get
                0x0000000020013c32       0x32 C:/Users/dbwls/wsFreedomStudio/sifive_hifive1_revb_sifive_welcome/bsp/install/lib/release/\libmetal.a(riscv_cpu.o)
                0x0000000020013c32                __metal_driver_cpu_mtime_get
 .text.__metal_driver_cpu_timer_controller_interrupt
                0x0000000020013c64        0xa C:/Users/dbwls/wsFreedomStudio/sifive_hifive1_revb_sifive_welcome/bsp/install/lib/release/\libmetal.a(riscv_cpu.o)
                0x0000000020013c64                __metal_driver_cpu_timer_controller_interrupt
 .text.__metal_driver_cpu_get_timer_interrupt_id
                0x0000000020013c6e        0x4 C:/Users/dbwls/wsFreedomStudio/sifive_hifive1_revb_sifive_welcome/bsp/install/lib/release/\libmetal.a(riscv_cpu.o)
                0x0000000020013c6e                __metal_driver_cpu_get_timer_interrupt_id
 .text.__metal_driver_cpu_get_sw_interrupt_id
                0x0000000020013c72        0x4 C:/Users/dbwls/wsFreedomStudio/sifive_hifive1_revb_sifive_welcome/bsp/install/lib/release/\libmetal.a(riscv_cpu.o)
                0x0000000020013c72                __metal_driver_cpu_get_sw_interrupt_id
 .text.__metal_driver_cpu_set_sw_ipi
                0x0000000020013c76       0x30 C:/Users/dbwls/wsFreedomStudio/sifive_hifive1_revb_sifive_welcome/bsp/install/lib/release/\libmetal.a(riscv_cpu.o)
                0x0000000020013c76                __metal_driver_cpu_set_sw_ipi
 .text.__metal_driver_cpu_clear_sw_ipi
                0x0000000020013ca6       0x30 C:/Users/dbwls/wsFreedomStudio/sifive_hifive1_revb_sifive_welcome/bsp/install/lib/release/\libmetal.a(riscv_cpu.o)
                0x0000000020013ca6                __metal_driver_cpu_clear_sw_ipi
 .text.__metal_driver_cpu_get_msip
                0x0000000020013cd6       0x30 C:/Users/dbwls/wsFreedomStudio/sifive_hifive1_revb_sifive_welcome/bsp/install/lib/release/\libmetal.a(riscv_cpu.o)
                0x0000000020013cd6                __metal_driver_cpu_get_msip
 .text.__metal_driver_cpu_controller_interrupt
                0x0000000020013d06       0x16 C:/Users/dbwls/wsFreedomStudio/sifive_hifive1_revb_sifive_welcome/bsp/install/lib/release/\libmetal.a(riscv_cpu.o)
                0x0000000020013d06                __metal_driver_cpu_controller_interrupt
 .text.__metal_driver_cpu_get_instruction_length
                0x0000000020013d1c       0x12 C:/Users/dbwls/wsFreedomStudio/sifive_hifive1_revb_sifive_welcome/bsp/install/lib/release/\libmetal.a(riscv_cpu.o)
                0x0000000020013d1c                __metal_driver_cpu_get_instruction_length
 .text.__metal_driver_cpu_get_exception_pc
                0x0000000020013d2e        0x6 C:/Users/dbwls/wsFreedomStudio/sifive_hifive1_revb_sifive_welcome/bsp/install/lib/release/\libmetal.a(riscv_cpu.o)
                0x0000000020013d2e                __metal_driver_cpu_get_exception_pc
 .text.__metal_driver_cpu_set_exception_pc
                0x0000000020013d34        0x8 C:/Users/dbwls/wsFreedomStudio/sifive_hifive1_revb_sifive_welcome/bsp/install/lib/release/\libmetal.a(riscv_cpu.o)
                0x0000000020013d34                __metal_driver_cpu_set_exception_pc
 .text.__metal_driver_cpu_get_buserror
                0x0000000020013d3c        0x4 C:/Users/dbwls/wsFreedomStudio/sifive_hifive1_revb_sifive_welcome/bsp/install/lib/release/\libmetal.a(riscv_cpu.o)
                0x0000000020013d3c                __metal_driver_cpu_get_buserror
 .text.__metal_default_exception_handler
                0x0000000020013d40        0xc C:/Users/dbwls/wsFreedomStudio/sifive_hifive1_revb_sifive_welcome/bsp/install/lib/release/\libmetal.a(riscv_cpu.o)
                0x0000000020013d40                __metal_default_exception_handler
 .text.__metal_default_interrupt_handler
                0x0000000020013d4c        0xc C:/Users/dbwls/wsFreedomStudio/sifive_hifive1_revb_sifive_welcome/bsp/install/lib/release/\libmetal.a(riscv_cpu.o)
                0x0000000020013d4c                __metal_default_interrupt_handler
 .text.__metal_driver_cpu_mtimecmp_set
                0x0000000020013d58       0x24 C:/Users/dbwls/wsFreedomStudio/sifive_hifive1_revb_sifive_welcome/bsp/install/lib/release/\libmetal.a(riscv_cpu.o)
                0x0000000020013d58                __metal_driver_cpu_mtimecmp_set
 .text.__metal_default_timer_handler
                0x0000000020013d7c       0x38 C:/Users/dbwls/wsFreedomStudio/sifive_hifive1_revb_sifive_welcome/bsp/install/lib/release/\libmetal.a(riscv_cpu.o)
                0x0000000020013d7c                __metal_default_timer_handler
 .text.__metal_driver_riscv_cpu_controller_interrupt_init
                0x0000000020013db4       0x5e C:/Users/dbwls/wsFreedomStudio/sifive_hifive1_revb_sifive_welcome/bsp/install/lib/release/\libmetal.a(riscv_cpu.o)
                0x0000000020013db4                __metal_driver_riscv_cpu_controller_interrupt_init
 .text.__metal_driver_cpu_exception_register
                0x0000000020013e12       0x2c C:/Users/dbwls/wsFreedomStudio/sifive_hifive1_revb_sifive_welcome/bsp/install/lib/release/\libmetal.a(riscv_cpu.o)
                0x0000000020013e12                __metal_driver_cpu_exception_register
 .text.__metal_driver_cpu_sw_controller_interrupt
                0x0000000020013e3e        0xa C:/Users/dbwls/wsFreedomStudio/sifive_hifive1_revb_sifive_welcome/bsp/install/lib/release/\libmetal.a(riscv_cpu.o)
                0x0000000020013e3e                __metal_driver_cpu_sw_controller_interrupt
 .text.__metal_driver_riscv_cpu_controller_set_vector_mode
                0x0000000020013e48       0x32 C:/Users/dbwls/wsFreedomStudio/sifive_hifive1_revb_sifive_welcome/bsp/install/lib/release/\libmetal.a(riscv_cpu.o)
                0x0000000020013e48                __metal_driver_riscv_cpu_controller_set_vector_mode
 .text.__metal_myhart_id
                0x0000000020013e7a        0x6 C:/Users/dbwls/wsFreedomStudio/sifive_hifive1_revb_sifive_welcome/bsp/install/lib/release/\libmetal.a(riscv_cpu.o)
                0x0000000020013e7a                __metal_myhart_id
 .text.metal_interrupt_vector_handler
                0x0000000020013e80       0x2a C:/Users/dbwls/wsFreedomStudio/sifive_hifive1_revb_sifive_welcome/bsp/install/lib/release/\libmetal.a(riscv_cpu.o)
                0x0000000020013e80                metal_interrupt_vector_handler
 .text.metal_software_interrupt_vector_handler
                0x0000000020013eaa       0x7c C:/Users/dbwls/wsFreedomStudio/sifive_hifive1_revb_sifive_welcome/bsp/install/lib/release/\libmetal.a(riscv_cpu.o)
                0x0000000020013eaa                metal_software_interrupt_vector_handler
 .text.metal_timer_interrupt_vector_handler
                0x0000000020013f26       0x7c C:/Users/dbwls/wsFreedomStudio/sifive_hifive1_revb_sifive_welcome/bsp/install/lib/release/\libmetal.a(riscv_cpu.o)
                0x0000000020013f26                metal_timer_interrupt_vector_handler
 .text.metal_lc0_interrupt_vector_handler
                0x0000000020013fa2       0x7c C:/Users/dbwls/wsFreedomStudio/sifive_hifive1_revb_sifive_welcome/bsp/install/lib/release/\libmetal.a(riscv_cpu.o)
                0x0000000020013fa2                metal_lc0_interrupt_vector_handler
 .text.metal_lc1_interrupt_vector_handler
                0x000000002001401e       0x7c C:/Users/dbwls/wsFreedomStudio/sifive_hifive1_revb_sifive_welcome/bsp/install/lib/release/\libmetal.a(riscv_cpu.o)
                0x000000002001401e                metal_lc1_interrupt_vector_handler
 .text.metal_lc2_interrupt_vector_handler
                0x000000002001409a       0x7c C:/Users/dbwls/wsFreedomStudio/sifive_hifive1_revb_sifive_welcome/bsp/install/lib/release/\libmetal.a(riscv_cpu.o)
                0x000000002001409a                metal_lc2_interrupt_vector_handler
 .text.metal_lc3_interrupt_vector_handler
                0x0000000020014116       0x7c C:/Users/dbwls/wsFreedomStudio/sifive_hifive1_revb_sifive_welcome/bsp/install/lib/release/\libmetal.a(riscv_cpu.o)
                0x0000000020014116                metal_lc3_interrupt_vector_handler
 .text.metal_lc4_interrupt_vector_handler
                0x0000000020014192       0x7c C:/Users/dbwls/wsFreedomStudio/sifive_hifive1_revb_sifive_welcome/bsp/install/lib/release/\libmetal.a(riscv_cpu.o)
                0x0000000020014192                metal_lc4_interrupt_vector_handler
 .text.metal_lc5_interrupt_vector_handler
                0x000000002001420e       0x7c C:/Users/dbwls/wsFreedomStudio/sifive_hifive1_revb_sifive_welcome/bsp/install/lib/release/\libmetal.a(riscv_cpu.o)
                0x000000002001420e                metal_lc5_interrupt_vector_handler
 .text.metal_lc6_interrupt_vector_handler
                0x000000002001428a       0x7c C:/Users/dbwls/wsFreedomStudio/sifive_hifive1_revb_sifive_welcome/bsp/install/lib/release/\libmetal.a(riscv_cpu.o)
                0x000000002001428a                metal_lc6_interrupt_vector_handler
 .text.metal_lc7_interrupt_vector_handler
                0x0000000020014306       0x7c C:/Users/dbwls/wsFreedomStudio/sifive_hifive1_revb_sifive_welcome/bsp/install/lib/release/\libmetal.a(riscv_cpu.o)
                0x0000000020014306                metal_lc7_interrupt_vector_handler
 .text.metal_lc8_interrupt_vector_handler
                0x0000000020014382       0x7c C:/Users/dbwls/wsFreedomStudio/sifive_hifive1_revb_sifive_welcome/bsp/install/lib/release/\libmetal.a(riscv_cpu.o)
                0x0000000020014382                metal_lc8_interrupt_vector_handler
 .text.metal_lc9_interrupt_vector_handler
                0x00000000200143fe       0x7c C:/Users/dbwls/wsFreedomStudio/sifive_hifive1_revb_sifive_welcome/bsp/install/lib/release/\libmetal.a(riscv_cpu.o)
                0x00000000200143fe                metal_lc9_interrupt_vector_handler
 .text.metal_lc10_interrupt_vector_handler
                0x000000002001447a       0x7c C:/Users/dbwls/wsFreedomStudio/sifive_hifive1_revb_sifive_welcome/bsp/install/lib/release/\libmetal.a(riscv_cpu.o)
                0x000000002001447a                metal_lc10_interrupt_vector_handler
 .text.metal_lc11_interrupt_vector_handler
                0x00000000200144f6       0x7c C:/Users/dbwls/wsFreedomStudio/sifive_hifive1_revb_sifive_welcome/bsp/install/lib/release/\libmetal.a(riscv_cpu.o)
                0x00000000200144f6                metal_lc11_interrupt_vector_handler
 .text.metal_lc12_interrupt_vector_handler
                0x0000000020014572       0x7c C:/Users/dbwls/wsFreedomStudio/sifive_hifive1_revb_sifive_welcome/bsp/install/lib/release/\libmetal.a(riscv_cpu.o)
                0x0000000020014572                metal_lc12_interrupt_vector_handler
 .text.metal_lc13_interrupt_vector_handler
                0x00000000200145ee       0x7c C:/Users/dbwls/wsFreedomStudio/sifive_hifive1_revb_sifive_welcome/bsp/install/lib/release/\libmetal.a(riscv_cpu.o)
                0x00000000200145ee                metal_lc13_interrupt_vector_handler
 .text.metal_lc14_interrupt_vector_handler
                0x000000002001466a       0x7c C:/Users/dbwls/wsFreedomStudio/sifive_hifive1_revb_sifive_welcome/bsp/install/lib/release/\libmetal.a(riscv_cpu.o)
                0x000000002001466a                metal_lc14_interrupt_vector_handler
 .text.metal_lc15_interrupt_vector_handler
                0x00000000200146e6       0x7c C:/Users/dbwls/wsFreedomStudio/sifive_hifive1_revb_sifive_welcome/bsp/install/lib/release/\libmetal.a(riscv_cpu.o)
                0x00000000200146e6                metal_lc15_interrupt_vector_handler
 .text.__metal_controller_interrupt_vector_mode
                0x0000000020014762       0x1e C:/Users/dbwls/wsFreedomStudio/sifive_hifive1_revb_sifive_welcome/bsp/install/lib/release/\libmetal.a(riscv_cpu.o)
                0x0000000020014762                __metal_controller_interrupt_vector_mode
 .text.__metal_driver_riscv_cpu_controller_get_vector_mode
                0x0000000020014780        0x2 C:/Users/dbwls/wsFreedomStudio/sifive_hifive1_revb_sifive_welcome/bsp/install/lib/release/\libmetal.a(riscv_cpu.o)
                0x0000000020014780                __metal_driver_riscv_cpu_controller_get_vector_mode
 .text.__metal_valid_interrupt_id
                0x0000000020014782       0x36 C:/Users/dbwls/wsFreedomStudio/sifive_hifive1_revb_sifive_welcome/bsp/install/lib/release/\libmetal.a(riscv_cpu.o)
                0x0000000020014782                __metal_valid_interrupt_id
 .text.__metal_driver_riscv_cpu_controller_interrupt_register
                0x00000000200147b8       0xd2 C:/Users/dbwls/wsFreedomStudio/sifive_hifive1_revb_sifive_welcome/bsp/install/lib/release/\libmetal.a(riscv_cpu.o)
                0x00000000200147b8                __metal_driver_riscv_cpu_controller_interrupt_register
 .text.__metal_local_interrupt_enable
                0x000000002001488a       0x72 C:/Users/dbwls/wsFreedomStudio/sifive_hifive1_revb_sifive_welcome/bsp/install/lib/release/\libmetal.a(riscv_cpu.o)
                0x000000002001488a                __metal_local_interrupt_enable
 .text.__metal_driver_riscv_cpu_controller_interrupt_enable
                0x00000000200148fc        0x4 C:/Users/dbwls/wsFreedomStudio/sifive_hifive1_revb_sifive_welcome/bsp/install/lib/release/\libmetal.a(riscv_cpu.o)
                0x00000000200148fc                __metal_driver_riscv_cpu_controller_interrupt_enable
 .text.__metal_driver_riscv_cpu_controller_interrupt_disable
                0x0000000020014900        0x4 C:/Users/dbwls/wsFreedomStudio/sifive_hifive1_revb_sifive_welcome/bsp/install/lib/release/\libmetal.a(riscv_cpu.o)
                0x0000000020014900                __metal_driver_riscv_cpu_controller_interrupt_disable
 .text.__metal_driver_riscv_plic0_set_priority
                0x0000000020014904       0x26 C:/Users/dbwls/wsFreedomStudio/sifive_hifive1_revb_sifive_welcome/bsp/install/lib/release/\libmetal.a(riscv_plic0.o)
                0x0000000020014904                __metal_driver_riscv_plic0_set_priority
 .text.__metal_driver_riscv_plic0_get_priority
                0x000000002001492a       0x1c C:/Users/dbwls/wsFreedomStudio/sifive_hifive1_revb_sifive_welcome/bsp/install/lib/release/\libmetal.a(riscv_plic0.o)
                0x000000002001492a                __metal_driver_riscv_plic0_get_priority
 .text.__metal_plic0_default_handler
                0x0000000020014946        0xc C:/Users/dbwls/wsFreedomStudio/sifive_hifive1_revb_sifive_welcome/bsp/install/lib/release/\libmetal.a(riscv_plic0.o)
                0x0000000020014946                __metal_plic0_default_handler
 .text.__metal_driver_riscv_plic0_register
                0x0000000020014952       0x80 C:/Users/dbwls/wsFreedomStudio/sifive_hifive1_revb_sifive_welcome/bsp/install/lib/release/\libmetal.a(riscv_plic0.o)
                0x0000000020014952                __metal_driver_riscv_plic0_register
 .text.__metal_plic0_claim_interrupt
                0x00000000200149d2       0x22 C:/Users/dbwls/wsFreedomStudio/sifive_hifive1_revb_sifive_welcome/bsp/install/lib/release/\libmetal.a(riscv_plic0.o)
                0x00000000200149d2                __metal_plic0_claim_interrupt
 .text.__metal_plic0_complete_interrupt
                0x00000000200149f4       0x22 C:/Users/dbwls/wsFreedomStudio/sifive_hifive1_revb_sifive_welcome/bsp/install/lib/release/\libmetal.a(riscv_plic0.o)
                0x00000000200149f4                __metal_plic0_complete_interrupt
 .text.__metal_plic0_handler
                0x0000000020014a16       0x5c C:/Users/dbwls/wsFreedomStudio/sifive_hifive1_revb_sifive_welcome/bsp/install/lib/release/\libmetal.a(riscv_plic0.o)
                0x0000000020014a16                __metal_plic0_handler
 .text.__metal_plic0_set_threshold
                0x0000000020014a72       0x22 C:/Users/dbwls/wsFreedomStudio/sifive_hifive1_revb_sifive_welcome/bsp/install/lib/release/\libmetal.a(riscv_plic0.o)
                0x0000000020014a72                __metal_plic0_set_threshold
 .text.__metal_driver_riscv_plic0_set_threshold
                0x0000000020014a94       0x1c C:/Users/dbwls/wsFreedomStudio/sifive_hifive1_revb_sifive_welcome/bsp/install/lib/release/\libmetal.a(riscv_plic0.o)
                0x0000000020014a94                __metal_driver_riscv_plic0_set_threshold
 .text.__metal_driver_riscv_plic0_affinity_set_threshold
                0x0000000020014ab0       0x48 C:/Users/dbwls/wsFreedomStudio/sifive_hifive1_revb_sifive_welcome/bsp/install/lib/release/\libmetal.a(riscv_plic0.o)
                0x0000000020014ab0                __metal_driver_riscv_plic0_affinity_set_threshold
 .text.__metal_plic0_get_threshold
                0x0000000020014af8       0x22 C:/Users/dbwls/wsFreedomStudio/sifive_hifive1_revb_sifive_welcome/bsp/install/lib/release/\libmetal.a(riscv_plic0.o)
                0x0000000020014af8                __metal_plic0_get_threshold
 .text.__metal_driver_riscv_plic0_get_threshold
                0x0000000020014b1a       0x18 C:/Users/dbwls/wsFreedomStudio/sifive_hifive1_revb_sifive_welcome/bsp/install/lib/release/\libmetal.a(riscv_plic0.o)
                0x0000000020014b1a                __metal_driver_riscv_plic0_get_threshold
 .text.__metal_driver_riscv_plic0_affinity_get_threshold
                0x0000000020014b32        0xe C:/Users/dbwls/wsFreedomStudio/sifive_hifive1_revb_sifive_welcome/bsp/install/lib/release/\libmetal.a(riscv_plic0.o)
                0x0000000020014b32                __metal_driver_riscv_plic0_affinity_get_threshold
 .text.__metal_plic0_enable
                0x0000000020014b40       0x3e C:/Users/dbwls/wsFreedomStudio/sifive_hifive1_revb_sifive_welcome/bsp/install/lib/release/\libmetal.a(riscv_plic0.o)
                0x0000000020014b40                __metal_plic0_enable
 .text.__metal_driver_riscv_plic0_init
                0x0000000020014b7e       0xd0 C:/Users/dbwls/wsFreedomStudio/sifive_hifive1_revb_sifive_welcome/bsp/install/lib/release/\libmetal.a(riscv_plic0.o)
                0x0000000020014b7e                __metal_driver_riscv_plic0_init
 .text.__metal_driver_riscv_plic0_enable
                0x0000000020014c4e       0x40 C:/Users/dbwls/wsFreedomStudio/sifive_hifive1_revb_sifive_welcome/bsp/install/lib/release/\libmetal.a(riscv_plic0.o)
                0x0000000020014c4e                __metal_driver_riscv_plic0_enable
 .text.__metal_driver_riscv_plic0_disable
                0x0000000020014c8e       0x40 C:/Users/dbwls/wsFreedomStudio/sifive_hifive1_revb_sifive_welcome/bsp/install/lib/release/\libmetal.a(riscv_plic0.o)
                0x0000000020014c8e                __metal_driver_riscv_plic0_disable
 .text.__metal_driver_riscv_plic0_affinity_enable
                0x0000000020014cce       0x60 C:/Users/dbwls/wsFreedomStudio/sifive_hifive1_revb_sifive_welcome/bsp/install/lib/release/\libmetal.a(riscv_plic0.o)
                0x0000000020014cce                __metal_driver_riscv_plic0_affinity_enable
 .text.__metal_driver_riscv_plic0_affinity_disable
                0x0000000020014d2e       0x60 C:/Users/dbwls/wsFreedomStudio/sifive_hifive1_revb_sifive_welcome/bsp/install/lib/release/\libmetal.a(riscv_plic0.o)
                0x0000000020014d2e                __metal_driver_riscv_plic0_affinity_disable
 .text.__metal_driver_sifive_fe310_g000_hfrosc_get_rate_hz
                0x0000000020014d8e       0x40 C:/Users/dbwls/wsFreedomStudio/sifive_hifive1_revb_sifive_welcome/bsp/install/lib/release/\libmetal.a(sifive_fe310-g000_hfrosc.o)
                0x0000000020014d8e                __metal_driver_sifive_fe310_g000_hfrosc_get_rate_hz
 .text.__metal_driver_sifive_fe310_g000_hfrosc_set_rate_hz
                0x0000000020014dce        0x2 C:/Users/dbwls/wsFreedomStudio/sifive_hifive1_revb_sifive_welcome/bsp/install/lib/release/\libmetal.a(sifive_fe310-g000_hfrosc.o)
                0x0000000020014dce                __metal_driver_sifive_fe310_g000_hfrosc_set_rate_hz
 .text.__metal_driver_sifive_fe310_g000_hfxosc_get_rate_hz
                0x0000000020014dd0       0x34 C:/Users/dbwls/wsFreedomStudio/sifive_hifive1_revb_sifive_welcome/bsp/install/lib/release/\libmetal.a(sifive_fe310-g000_hfxosc.o)
                0x0000000020014dd0                __metal_driver_sifive_fe310_g000_hfxosc_get_rate_hz
 .text.__metal_driver_sifive_fe310_g000_hfxosc_set_rate_hz
                0x0000000020014e04        0x2 C:/Users/dbwls/wsFreedomStudio/sifive_hifive1_revb_sifive_welcome/bsp/install/lib/release/\libmetal.a(sifive_fe310-g000_hfxosc.o)
                0x0000000020014e04                __metal_driver_sifive_fe310_g000_hfxosc_set_rate_hz
 .text.__metal_driver_sifive_fe310_g000_pll_config_base
                0x0000000020014e06        0x6 C:/Users/dbwls/wsFreedomStudio/sifive_hifive1_revb_sifive_welcome/bsp/install/lib/release/\libmetal.a(sifive_fe310-g000_pll.o)
 .text.__metal_driver_sifive_fe310_g000_pll_config_offset
                0x0000000020014e0c        0x4 C:/Users/dbwls/wsFreedomStudio/sifive_hifive1_revb_sifive_welcome/bsp/install/lib/release/\libmetal.a(sifive_fe310-g000_pll.o)
 .text.__metal_driver_sifive_fe310_g000_pll_init
                0x0000000020014e10       0x50 C:/Users/dbwls/wsFreedomStudio/sifive_hifive1_revb_sifive_welcome/bsp/install/lib/release/\libmetal.a(sifive_fe310-g000_pll.o)
                0x0000000020014e10                __metal_driver_sifive_fe310_g000_pll_init
 .text.__metal_driver_sifive_fe310_g000_pll_get_rate_hz
                0x0000000020014e60       0xbe C:/Users/dbwls/wsFreedomStudio/sifive_hifive1_revb_sifive_welcome/bsp/install/lib/release/\libmetal.a(sifive_fe310-g000_pll.o)
                0x0000000020014e60                __metal_driver_sifive_fe310_g000_pll_get_rate_hz
 .text.__metal_driver_sifive_fe310_g000_pll_set_rate_hz
                0x0000000020014f1e      0x1c8 C:/Users/dbwls/wsFreedomStudio/sifive_hifive1_revb_sifive_welcome/bsp/install/lib/release/\libmetal.a(sifive_fe310-g000_pll.o)
                0x0000000020014f1e                __metal_driver_sifive_fe310_g000_pll_set_rate_hz
 .text.__metal_driver_sifive_fe310_g000_prci_get_reg
                0x00000000200150e6        0xa C:/Users/dbwls/wsFreedomStudio/sifive_hifive1_revb_sifive_welcome/bsp/install/lib/release/\libmetal.a(sifive_fe310-g000_prci.o)
                0x00000000200150e6                __metal_driver_sifive_fe310_g000_prci_get_reg
 .text.__metal_driver_sifive_fe310_g000_prci_set_reg
                0x00000000200150f0        0xc C:/Users/dbwls/wsFreedomStudio/sifive_hifive1_revb_sifive_welcome/bsp/install/lib/release/\libmetal.a(sifive_fe310-g000_prci.o)
                0x00000000200150f0                __metal_driver_sifive_fe310_g000_prci_set_reg
 .text.__metal_driver_sifive_gpio_led_gpio
                0x00000000200150fc       0x22 C:/Users/dbwls/wsFreedomStudio/sifive_hifive1_revb_sifive_welcome/bsp/install/lib/release/\libmetal.a(sifive_gpio-leds.o)
 .text.__metal_driver_sifive_gpio_led_pin
                0x000000002001511e       0x26 C:/Users/dbwls/wsFreedomStudio/sifive_hifive1_revb_sifive_welcome/bsp/install/lib/release/\libmetal.a(sifive_gpio-leds.o)
 .text.__metal_driver_led_enable
                0x0000000020015144       0x38 C:/Users/dbwls/wsFreedomStudio/sifive_hifive1_revb_sifive_welcome/bsp/install/lib/release/\libmetal.a(sifive_gpio-leds.o)
                0x0000000020015144                __metal_driver_led_enable
 .text.__metal_driver_led_on
                0x000000002001517c       0x30 C:/Users/dbwls/wsFreedomStudio/sifive_hifive1_revb_sifive_welcome/bsp/install/lib/release/\libmetal.a(sifive_gpio-leds.o)
                0x000000002001517c                __metal_driver_led_on
 .text.__metal_driver_led_off
                0x00000000200151ac       0x30 C:/Users/dbwls/wsFreedomStudio/sifive_hifive1_revb_sifive_welcome/bsp/install/lib/release/\libmetal.a(sifive_gpio-leds.o)
                0x00000000200151ac                __metal_driver_led_off
 .text.__metal_driver_led_toggle
                0x00000000200151dc       0x2e C:/Users/dbwls/wsFreedomStudio/sifive_hifive1_revb_sifive_welcome/bsp/install/lib/release/\libmetal.a(sifive_gpio-leds.o)
                0x00000000200151dc                __metal_driver_led_toggle
 .text.__metal_driver_led_exist
                0x000000002001520a       0x50 C:/Users/dbwls/wsFreedomStudio/sifive_hifive1_revb_sifive_welcome/bsp/install/lib/release/\libmetal.a(sifive_gpio-leds.o)
                0x000000002001520a                __metal_driver_led_exist
 .text.__metal_driver_sifive_gpio0_enable_input
                0x000000002001525a       0x18 C:/Users/dbwls/wsFreedomStudio/sifive_hifive1_revb_sifive_welcome/bsp/install/lib/release/\libmetal.a(sifive_gpio0.o)
                0x000000002001525a                __metal_driver_sifive_gpio0_enable_input
 .text.__metal_driver_sifive_gpio0_disable_input
                0x0000000020015272       0x1c C:/Users/dbwls/wsFreedomStudio/sifive_hifive1_revb_sifive_welcome/bsp/install/lib/release/\libmetal.a(sifive_gpio0.o)
                0x0000000020015272                __metal_driver_sifive_gpio0_disable_input
 .text.__metal_driver_sifive_gpio0_input
                0x000000002001528e       0x14 C:/Users/dbwls/wsFreedomStudio/sifive_hifive1_revb_sifive_welcome/bsp/install/lib/release/\libmetal.a(sifive_gpio0.o)
                0x000000002001528e                __metal_driver_sifive_gpio0_input
 .text.__metal_driver_sifive_gpio0_output
                0x00000000200152a2       0x14 C:/Users/dbwls/wsFreedomStudio/sifive_hifive1_revb_sifive_welcome/bsp/install/lib/release/\libmetal.a(sifive_gpio0.o)
                0x00000000200152a2                __metal_driver_sifive_gpio0_output
 .text.__metal_driver_sifive_gpio0_disable_output
                0x00000000200152b6       0x1c C:/Users/dbwls/wsFreedomStudio/sifive_hifive1_revb_sifive_welcome/bsp/install/lib/release/\libmetal.a(sifive_gpio0.o)
                0x00000000200152b6                __metal_driver_sifive_gpio0_disable_output
 .text.__metal_driver_sifive_gpio0_enable_output
                0x00000000200152d2       0x18 C:/Users/dbwls/wsFreedomStudio/sifive_hifive1_revb_sifive_welcome/bsp/install/lib/release/\libmetal.a(sifive_gpio0.o)
                0x00000000200152d2                __metal_driver_sifive_gpio0_enable_output
 .text.__metal_driver_sifive_gpio0_output_set
                0x00000000200152ea       0x18 C:/Users/dbwls/wsFreedomStudio/sifive_hifive1_revb_sifive_welcome/bsp/install/lib/release/\libmetal.a(sifive_gpio0.o)
                0x00000000200152ea                __metal_driver_sifive_gpio0_output_set
 .text.__metal_driver_sifive_gpio0_output_clear
                0x0000000020015302       0x1c C:/Users/dbwls/wsFreedomStudio/sifive_hifive1_revb_sifive_welcome/bsp/install/lib/release/\libmetal.a(sifive_gpio0.o)
                0x0000000020015302                __metal_driver_sifive_gpio0_output_clear
 .text.__metal_driver_sifive_gpio0_output_toggle
                0x000000002001531e       0x18 C:/Users/dbwls/wsFreedomStudio/sifive_hifive1_revb_sifive_welcome/bsp/install/lib/release/\libmetal.a(sifive_gpio0.o)
                0x000000002001531e                __metal_driver_sifive_gpio0_output_toggle
 .text.__metal_driver_sifive_gpio0_enable_io
                0x0000000020015336       0x1e C:/Users/dbwls/wsFreedomStudio/sifive_hifive1_revb_sifive_welcome/bsp/install/lib/release/\libmetal.a(sifive_gpio0.o)
                0x0000000020015336                __metal_driver_sifive_gpio0_enable_io
 .text.__metal_driver_sifive_gpio0_disable_io
                0x0000000020015354       0x1c C:/Users/dbwls/wsFreedomStudio/sifive_hifive1_revb_sifive_welcome/bsp/install/lib/release/\libmetal.a(sifive_gpio0.o)
                0x0000000020015354                __metal_driver_sifive_gpio0_disable_io
 .text.__metal_driver_sifive_gpio0_config_int
                0x0000000020015370       0x7a C:/Users/dbwls/wsFreedomStudio/sifive_hifive1_revb_sifive_welcome/bsp/install/lib/release/\libmetal.a(sifive_gpio0.o)
                0x0000000020015370                __metal_driver_sifive_gpio0_config_int
 .text.__metal_driver_sifive_gpio0_clear_int
                0x00000000200153ea       0x60 C:/Users/dbwls/wsFreedomStudio/sifive_hifive1_revb_sifive_welcome/bsp/install/lib/release/\libmetal.a(sifive_gpio0.o)
                0x00000000200153ea                __metal_driver_sifive_gpio0_clear_int
 .text.__metal_driver_gpio_interrupt_controller
                0x000000002001544a       0x16 C:/Users/dbwls/wsFreedomStudio/sifive_hifive1_revb_sifive_welcome/bsp/install/lib/release/\libmetal.a(sifive_gpio0.o)
                0x000000002001544a                __metal_driver_gpio_interrupt_controller
 .text.__metal_driver_gpio_get_interrupt_id
                0x0000000020015460      0x118 C:/Users/dbwls/wsFreedomStudio/sifive_hifive1_revb_sifive_welcome/bsp/install/lib/release/\libmetal.a(sifive_gpio0.o)
                0x0000000020015460                __metal_driver_gpio_get_interrupt_id
 .text.__metal_driver_sifive_uart0_control_base
                0x0000000020015578       0x28 C:/Users/dbwls/wsFreedomStudio/sifive_hifive1_revb_sifive_welcome/bsp/install/lib/release/\libmetal.a(sifive_uart0.o)
 .text.__metal_driver_sifive_uart0_interrupt_controller
                0x00000000200155a0       0x26 C:/Users/dbwls/wsFreedomStudio/sifive_hifive1_revb_sifive_welcome/bsp/install/lib/release/\libmetal.a(sifive_uart0.o)
                0x00000000200155a0                __metal_driver_sifive_uart0_interrupt_controller
 .text.__metal_driver_sifive_uart0_get_interrupt_id
                0x00000000200155c6       0x24 C:/Users/dbwls/wsFreedomStudio/sifive_hifive1_revb_sifive_welcome/bsp/install/lib/release/\libmetal.a(sifive_uart0.o)
                0x00000000200155c6                __metal_driver_sifive_uart0_get_interrupt_id
 .text.__metal_driver_sifive_uart0_tx_interrupt_enable
                0x00000000200155ea       0x16 C:/Users/dbwls/wsFreedomStudio/sifive_hifive1_revb_sifive_welcome/bsp/install/lib/release/\libmetal.a(sifive_uart0.o)
                0x00000000200155ea                __metal_driver_sifive_uart0_tx_interrupt_enable
 .text.__metal_driver_sifive_uart0_tx_interrupt_disable
                0x0000000020015600       0x14 C:/Users/dbwls/wsFreedomStudio/sifive_hifive1_revb_sifive_welcome/bsp/install/lib/release/\libmetal.a(sifive_uart0.o)
                0x0000000020015600                __metal_driver_sifive_uart0_tx_interrupt_disable
 .text.__metal_driver_sifive_uart0_rx_interrupt_enable
                0x0000000020015614       0x16 C:/Users/dbwls/wsFreedomStudio/sifive_hifive1_revb_sifive_welcome/bsp/install/lib/release/\libmetal.a(sifive_uart0.o)
                0x0000000020015614                __metal_driver_sifive_uart0_rx_interrupt_enable
 .text.__metal_driver_sifive_uart0_rx_interrupt_disable
                0x000000002001562a       0x14 C:/Users/dbwls/wsFreedomStudio/sifive_hifive1_revb_sifive_welcome/bsp/install/lib/release/\libmetal.a(sifive_uart0.o)
                0x000000002001562a                __metal_driver_sifive_uart0_rx_interrupt_disable
 .text.__metal_driver_sifive_uart0_txready
                0x000000002001563e       0x10 C:/Users/dbwls/wsFreedomStudio/sifive_hifive1_revb_sifive_welcome/bsp/install/lib/release/\libmetal.a(sifive_uart0.o)
                0x000000002001563e                __metal_driver_sifive_uart0_txready
 .text.__metal_driver_sifive_uart0_set_tx_watermark
                0x000000002001564e       0x20 C:/Users/dbwls/wsFreedomStudio/sifive_hifive1_revb_sifive_welcome/bsp/install/lib/release/\libmetal.a(sifive_uart0.o)
                0x000000002001564e                __metal_driver_sifive_uart0_set_tx_watermark
 .text.__metal_driver_sifive_uart0_get_tx_watermark
                0x000000002001566e       0x12 C:/Users/dbwls/wsFreedomStudio/sifive_hifive1_revb_sifive_welcome/bsp/install/lib/release/\libmetal.a(sifive_uart0.o)
                0x000000002001566e                __metal_driver_sifive_uart0_get_tx_watermark
 .text.__metal_driver_sifive_uart0_set_rx_watermark
                0x0000000020015680       0x20 C:/Users/dbwls/wsFreedomStudio/sifive_hifive1_revb_sifive_welcome/bsp/install/lib/release/\libmetal.a(sifive_uart0.o)
                0x0000000020015680                __metal_driver_sifive_uart0_set_rx_watermark
 .text.__metal_driver_sifive_uart0_get_rx_watermark
                0x00000000200156a0       0x12 C:/Users/dbwls/wsFreedomStudio/sifive_hifive1_revb_sifive_welcome/bsp/install/lib/release/\libmetal.a(sifive_uart0.o)
                0x00000000200156a0                __metal_driver_sifive_uart0_get_rx_watermark
 .text.__metal_driver_sifive_uart0_putc
                0x00000000200156b2       0x26 C:/Users/dbwls/wsFreedomStudio/sifive_hifive1_revb_sifive_welcome/bsp/install/lib/release/\libmetal.a(sifive_uart0.o)
                0x00000000200156b2                __metal_driver_sifive_uart0_putc
 .text.__metal_driver_sifive_uart0_getc
                0x00000000200156d8       0x20 C:/Users/dbwls/wsFreedomStudio/sifive_hifive1_revb_sifive_welcome/bsp/install/lib/release/\libmetal.a(sifive_uart0.o)
                0x00000000200156d8                __metal_driver_sifive_uart0_getc
 .text.__metal_driver_sifive_uart0_get_baud_rate
                0x00000000200156f8        0x4 C:/Users/dbwls/wsFreedomStudio/sifive_hifive1_revb_sifive_welcome/bsp/install/lib/release/\libmetal.a(sifive_uart0.o)
                0x00000000200156f8                __metal_driver_sifive_uart0_get_baud_rate
 .text.pre_rate_change_callback_func
                0x00000000200156fc       0x82 C:/Users/dbwls/wsFreedomStudio/sifive_hifive1_revb_sifive_welcome/bsp/install/lib/release/\libmetal.a(sifive_uart0.o)
 .text.post_rate_change_callback_func
                0x000000002001577e        0x4 C:/Users/dbwls/wsFreedomStudio/sifive_hifive1_revb_sifive_welcome/bsp/install/lib/release/\libmetal.a(sifive_uart0.o)
 .text.__metal_driver_sifive_uart0_set_baud_rate
                0x0000000020015782       0x74 C:/Users/dbwls/wsFreedomStudio/sifive_hifive1_revb_sifive_welcome/bsp/install/lib/release/\libmetal.a(sifive_uart0.o)
                0x0000000020015782                __metal_driver_sifive_uart0_set_baud_rate
 .text.__metal_driver_sifive_uart0_init
                0x00000000200157f6       0xaa C:/Users/dbwls/wsFreedomStudio/sifive_hifive1_revb_sifive_welcome/bsp/install/lib/release/\libmetal.a(sifive_uart0.o)
                0x00000000200157f6                __metal_driver_sifive_uart0_init
 .text._metal_clock_call_all_callbacks
                0x00000000200158a0       0x1c C:/Users/dbwls/wsFreedomStudio/sifive_hifive1_revb_sifive_welcome/bsp/install/lib/release/\libmetal.a(clock.o)
                0x00000000200158a0                _metal_clock_call_all_callbacks
 .text._metal_clock_append_to_callbacks
                0x00000000200158bc       0x18 C:/Users/dbwls/wsFreedomStudio/sifive_hifive1_revb_sifive_welcome/bsp/install/lib/release/\libmetal.a(clock.o)
                0x00000000200158bc                _metal_clock_append_to_callbacks
 .text.metal_clock_get_rate_hz
                0x00000000200158d4        0x8 C:/Users/dbwls/wsFreedomStudio/sifive_hifive1_revb_sifive_welcome/bsp/install/lib/release/\libmetal.a(clock.o)
                0x00000000200158d4                metal_clock_get_rate_hz
 .text.metal_clock_set_rate_hz
                0x00000000200158dc       0x2c C:/Users/dbwls/wsFreedomStudio/sifive_hifive1_revb_sifive_welcome/bsp/install/lib/release/\libmetal.a(clock.o)
                0x00000000200158dc                metal_clock_set_rate_hz
 .text.metal_gpio_disable_input
                0x0000000020015908       0x14 C:/Users/dbwls/wsFreedomStudio/sifive_hifive1_revb_sifive_welcome/bsp/install/lib/release/\libmetal.a(gpio.o)
                0x0000000020015908                metal_gpio_disable_input
 .text.metal_gpio_enable_output
                0x000000002001591c       0x14 C:/Users/dbwls/wsFreedomStudio/sifive_hifive1_revb_sifive_welcome/bsp/install/lib/release/\libmetal.a(gpio.o)
                0x000000002001591c                metal_gpio_enable_output
 .text.metal_gpio_set_pin
                0x0000000020015930       0x1c C:/Users/dbwls/wsFreedomStudio/sifive_hifive1_revb_sifive_welcome/bsp/install/lib/release/\libmetal.a(gpio.o)
                0x0000000020015930                metal_gpio_set_pin
 .text.metal_gpio_toggle_pin
                0x000000002001594c       0x14 C:/Users/dbwls/wsFreedomStudio/sifive_hifive1_revb_sifive_welcome/bsp/install/lib/release/\libmetal.a(gpio.o)
                0x000000002001594c                metal_gpio_toggle_pin
 .text.metal_shutdown
                0x0000000020015960        0x4 C:/Users/dbwls/wsFreedomStudio/sifive_hifive1_revb_sifive_welcome/bsp/install/lib/release/\libmetal.a(shutdown.o)
                0x0000000020015960                metal_shutdown
 .text.metal_uart_init
                0x0000000020015964        0x8 C:/Users/dbwls/wsFreedomStudio/sifive_hifive1_revb_sifive_welcome/bsp/install/lib/release/\libmetal.a(uart.o)
                0x0000000020015964                metal_uart_init
 .text.metal_uart_putc
                0x000000002001596c        0x8 C:/Users/dbwls/wsFreedomStudio/sifive_hifive1_revb_sifive_welcome/bsp/install/lib/release/\libmetal.a(uart.o)
                0x000000002001596c                metal_uart_putc
 .text.metal_uart_set_baud_rate
                0x0000000020015974        0x8 C:/Users/dbwls/wsFreedomStudio/sifive_hifive1_revb_sifive_welcome/bsp/install/lib/release/\libmetal.a(uart.o)
                0x0000000020015974                metal_uart_set_baud_rate
 *fill*         0x000000002001597c        0x4 
 .text          0x0000000020015980       0x80 C:/Users/dbwls/wsFreedomStudio/sifive_hifive1_revb_sifive_welcome/bsp/install/lib/release/\libmetal.a(vector.o)
                0x0000000020015980                __metal_vector_table
 .text.__metal_driver_fixed_clock_get_rate_hz
                0x0000000020015a00       0x4c C:/Users/dbwls/wsFreedomStudio/sifive_hifive1_revb_sifive_welcome/bsp/install/lib/release/\libmetal.a(fixed-clock.o)
                0x0000000020015a00                __metal_driver_fixed_clock_get_rate_hz
 .text.__metal_driver_fixed_clock_set_rate_hz
                0x0000000020015a4c       0x4c C:/Users/dbwls/wsFreedomStudio/sifive_hifive1_revb_sifive_welcome/bsp/install/lib/release/\libmetal.a(fixed-clock.o)
                0x0000000020015a4c                __metal_driver_fixed_clock_set_rate_hz
 .text._close   0x0000000020015a98       0x14 C:/Users/dbwls/wsFreedomStudio/sifive_hifive1_revb_sifive_welcome/bsp/install/lib/release/\libmetal-gloss.a(sys_close.o)
                0x0000000020015a98                _close
 .text._fstat   0x0000000020015aac       0x14 C:/Users/dbwls/wsFreedomStudio/sifive_hifive1_revb_sifive_welcome/bsp/install/lib/release/\libmetal-gloss.a(sys_fstat.o)
                0x0000000020015aac                _fstat
 .text._isatty  0x0000000020015ac0        0x8 C:/Users/dbwls/wsFreedomStudio/sifive_hifive1_revb_sifive_welcome/bsp/install/lib/release/\libmetal-gloss.a(sys_isatty.o)
                0x0000000020015ac0                _isatty
 .text._lseek   0x0000000020015ac8       0x14 C:/Users/dbwls/wsFreedomStudio/sifive_hifive1_revb_sifive_welcome/bsp/install/lib/release/\libmetal-gloss.a(sys_lseek.o)
                0x0000000020015ac8                _lseek
 .text._read    0x0000000020015adc       0x14 C:/Users/dbwls/wsFreedomStudio/sifive_hifive1_revb_sifive_welcome/bsp/install/lib/release/\libmetal-gloss.a(sys_read.o)
                0x0000000020015adc                _read
 .text._sbrk    0x0000000020015af0       0x24 C:/Users/dbwls/wsFreedomStudio/sifive_hifive1_revb_sifive_welcome/bsp/install/lib/release/\libmetal-gloss.a(sys_sbrk.o)
                0x0000000020015af0                _sbrk
 .text._write   0x0000000020015b14       0x3a C:/Users/dbwls/wsFreedomStudio/sifive_hifive1_revb_sifive_welcome/bsp/install/lib/release/\libmetal-gloss.a(sys_write.o)
                0x0000000020015b14                _write
                0x0000000020015b14                write
 .text.atexit   0x0000000020015b4e        0xa c:/users/dbwls/downloads/freedomstudio-2020-06-3-win64/sifive/riscv64-unknown-elf-gcc-8.3.0-2020.04.1/bin/../lib/gcc/riscv64-unknown-elf/8.3.0/../../../../riscv64-unknown-elf/lib/rv32imac/ilp32\libc_nano.a(lib_a-atexit.o)
                0x0000000020015b4e                atexit
 .text.__errno  0x0000000020015b58        0xc c:/users/dbwls/downloads/freedomstudio-2020-06-3-win64/sifive/riscv64-unknown-elf-gcc-8.3.0-2020.04.1/bin/../lib/gcc/riscv64-unknown-elf/8.3.0/../../../../riscv64-unknown-elf/lib/rv32imac/ilp32\libc_nano.a(lib_a-errno.o)
                0x0000000020015b58                __errno
 .text.exit     0x0000000020015b64       0x2a c:/users/dbwls/downloads/freedomstudio-2020-06-3-win64/sifive/riscv64-unknown-elf-gcc-8.3.0-2020.04.1/bin/../lib/gcc/riscv64-unknown-elf/8.3.0/../../../../riscv64-unknown-elf/lib/rv32imac/ilp32\libc_nano.a(lib_a-exit.o)
                0x0000000020015b64                exit
 .text.__libc_fini_array
                0x0000000020015b8e       0x38 c:/users/dbwls/downloads/freedomstudio-2020-06-3-win64/sifive/riscv64-unknown-elf-gcc-8.3.0-2020.04.1/bin/../lib/gcc/riscv64-unknown-elf/8.3.0/../../../../riscv64-unknown-elf/lib/rv32imac/ilp32\libc_nano.a(lib_a-fini.o)
                0x0000000020015b8e                __libc_fini_array
 .text.__libc_init_array
                0x0000000020015bc6       0x6a c:/users/dbwls/downloads/freedomstudio-2020-06-3-win64/sifive/riscv64-unknown-elf-gcc-8.3.0-2020.04.1/bin/../lib/gcc/riscv64-unknown-elf/8.3.0/../../../../riscv64-unknown-elf/lib/rv32imac/ilp32\libc_nano.a(lib_a-init.o)
                0x0000000020015bc6                __libc_init_array
 .text.strcat   0x0000000020015c30       0x20 c:/users/dbwls/downloads/freedomstudio-2020-06-3-win64/sifive/riscv64-unknown-elf-gcc-8.3.0-2020.04.1/bin/../lib/gcc/riscv64-unknown-elf/8.3.0/../../../../riscv64-unknown-elf/lib/rv32imac/ilp32\libc_nano.a(lib_a-strcat.o)
                0x0000000020015c30                strcat
 .text          0x0000000020015c50       0x18 c:/users/dbwls/downloads/freedomstudio-2020-06-3-win64/sifive/riscv64-unknown-elf-gcc-8.3.0-2020.04.1/bin/../lib/gcc/riscv64-unknown-elf/8.3.0/../../../../riscv64-unknown-elf/lib/rv32imac/ilp32\libc_nano.a(lib_a-strcmp.o)
                0x0000000020015c50                strcmp
 .text.strcpy   0x0000000020015c68       0x12 c:/users/dbwls/downloads/freedomstudio-2020-06-3-win64/sifive/riscv64-unknown-elf-gcc-8.3.0-2020.04.1/bin/../lib/gcc/riscv64-unknown-elf/8.3.0/../../../../riscv64-unknown-elf/lib/rv32imac/ilp32\libc_nano.a(lib_a-strcpy.o)
                0x0000000020015c68                strcpy
 .text.__register_exitproc
                0x0000000020015c7a       0x88 c:/users/dbwls/downloads/freedomstudio-2020-06-3-win64/sifive/riscv64-unknown-elf-gcc-8.3.0-2020.04.1/bin/../lib/gcc/riscv64-unknown-elf/8.3.0/../../../../riscv64-unknown-elf/lib/rv32imac/ilp32\libc_nano.a(lib_a-__atexit.o)
                0x0000000020015c7a                __register_exitproc
 .text.__call_exitprocs
                0x0000000020015d02       0xc8 c:/users/dbwls/downloads/freedomstudio-2020-06-3-win64/sifive/riscv64-unknown-elf-gcc-8.3.0-2020.04.1/bin/../lib/gcc/riscv64-unknown-elf/8.3.0/../../../../riscv64-unknown-elf/lib/rv32imac/ilp32\libc_nano.a(lib_a-__call_atexit.o)
                0x0000000020015d02                __call_exitprocs
 .text.metal_init
                0x0000000020015dca       0x48 C:/Users/dbwls/wsFreedomStudio/sifive_hifive1_revb_sifive_welcome/bsp/install/lib/release/\libmetal.a(init.o)
                0x0000000020015dca                metal_init
 .text.metal_fini
                0x0000000020015e12       0x48 C:/Users/dbwls/wsFreedomStudio/sifive_hifive1_revb_sifive_welcome/bsp/install/lib/release/\libmetal.a(init.o)
                0x0000000020015e12                metal_fini
 .text.metal_init_run
                0x0000000020015e5a        0x2 C:/Users/dbwls/wsFreedomStudio/sifive_hifive1_revb_sifive_welcome/bsp/install/lib/release/\libmetal.a(init.o)
                0x0000000020015e5a                metal_init_run
 .text.metal_fini_run
                0x0000000020015e5c        0x2 C:/Users/dbwls/wsFreedomStudio/sifive_hifive1_revb_sifive_welcome/bsp/install/lib/release/\libmetal.a(init.o)
                0x0000000020015e5c                metal_fini_run
 .text.metal_tty_putc_raw
                0x0000000020015e5e        0xe C:/Users/dbwls/wsFreedomStudio/sifive_hifive1_revb_sifive_welcome/bsp/install/lib/release/\libmetal.a(tty.o)
                0x0000000020015e5e                metal_tty_putc_raw
 .text.metal_tty_putc
                0x0000000020015e6c       0x1c C:/Users/dbwls/wsFreedomStudio/sifive_hifive1_revb_sifive_welcome/bsp/install/lib/release/\libmetal.a(tty.o)
                0x0000000020015e6c                metal_tty_putc
 .text._exit    0x0000000020015e88        0x8 C:/Users/dbwls/wsFreedomStudio/sifive_hifive1_revb_sifive_welcome/bsp/install/lib/release/\libmetal-gloss.a(sys_exit.o)
                0x0000000020015e88                _exit
 *(.gnu.linkonce.t.*)

.rela.dyn       0x0000000020015e90        0x0
 .rela.text.timer_isr
                0x0000000020015e90        0x0 C:\Users\dbwls\AppData\Local\Temp\ccQNWela.o
 .rela.text.wait_for_timer
                0x0000000020015e90        0x0 C:\Users\dbwls\AppData\Local\Temp\ccQNWela.o
 .rela.text.startup.main
                0x0000000020015e90        0x0 C:\Users\dbwls\AppData\Local\Temp\ccQNWela.o
 .rela.text._vfprintf_r
                0x0000000020015e90        0x0 C:\Users\dbwls\AppData\Local\Temp\ccQNWela.o
 .rela.text._sbrk_r
                0x0000000020015e90        0x0 C:\Users\dbwls\AppData\Local\Temp\ccQNWela.o
 .rela.text._write_r
                0x0000000020015e90        0x0 C:\Users\dbwls\AppData\Local\Temp\ccQNWela.o
 .rela.text._close_r
                0x0000000020015e90        0x0 C:\Users\dbwls\AppData\Local\Temp\ccQNWela.o
 .rela.text._fstat_r
                0x0000000020015e90        0x0 C:\Users\dbwls\AppData\Local\Temp\ccQNWela.o
 .rela.text._isatty_r
                0x0000000020015e90        0x0 C:\Users\dbwls\AppData\Local\Temp\ccQNWela.o
 .rela.text._lseek_r
                0x0000000020015e90        0x0 C:\Users\dbwls\AppData\Local\Temp\ccQNWela.o
 .rela.text._read_r
                0x0000000020015e90        0x0 C:\Users\dbwls\AppData\Local\Temp\ccQNWela.o
 .rela.text.metal.init.enter
                0x0000000020015e90        0x0 C:\Users\dbwls\AppData\Local\Temp\ccQNWela.o
 .rela.text.metal.init.scrub
                0x0000000020015e90        0x0 C:\Users\dbwls\AppData\Local\Temp\ccQNWela.o
 .rela.text     0x0000000020015e90        0x0 C:\Users\dbwls\AppData\Local\Temp\ccQNWela.o
 .rela.text.libgloss.start
                0x0000000020015e90        0x0 C:\Users\dbwls\AppData\Local\Temp\ccQNWela.o
 .rela.text._sbrk
                0x0000000020015e90        0x0 C:\Users\dbwls\AppData\Local\Temp\ccQNWela.o
 .rela.sdata.__brk
                0x0000000020015e90        0x0 C:\Users\dbwls\AppData\Local\Temp\ccQNWela.o
 .rela.text.__libc_fini_array
                0x0000000020015e90        0x0 C:\Users\dbwls\AppData\Local\Temp\ccQNWela.o
 .rela.text.__libc_init_array
                0x0000000020015e90        0x0 C:\Users\dbwls\AppData\Local\Temp\ccQNWela.o
 .rela.text.__register_exitproc
                0x0000000020015e90        0x0 C:\Users\dbwls\AppData\Local\Temp\ccQNWela.o
 .rela.text.metal_init
                0x0000000020015e90        0x0 C:\Users\dbwls\AppData\Local\Temp\ccQNWela.o
 .rela.text.metal_fini
                0x0000000020015e90        0x0 C:\Users\dbwls\AppData\Local\Temp\ccQNWela.o

.data           0x0000000080000000      0xd44 load address 0x0000000020015e90
 *(.data .data.*)
 .data          0x0000000080000000      0x240 C:\Users\dbwls\AppData\Local\Temp\cc6GBlS9.o
 .data.impure_data
                0x0000000080000240       0x60 c:/users/dbwls/downloads/freedomstudio-2020-06-3-win64/sifive/riscv64-unknown-elf-gcc-8.3.0-2020.04.1/bin/../lib/gcc/riscv64-unknown-elf/8.3.0/../../../../riscv64-unknown-elf/lib/rv32imac/ilp32\libc_nano.a(lib_a-impure.o)
 .data.__metal_led_table
                0x00000000800002a0        0xc C:/Users/dbwls/wsFreedomStudio/sifive_hifive1_revb_sifive_welcome/bsp/install/lib/release/\libmetal.a(led.o)
 .data.__metal_dt_clock_0
                0x00000000800002ac        0xc C:/Users/dbwls/wsFreedomStudio/sifive_hifive1_revb_sifive_welcome/bsp/install/lib/release/\libmetal.a(inline.o)
                0x00000000800002ac                __metal_dt_clock_0
 .data.__metal_dt_clock_1
                0x00000000800002b8        0xc C:/Users/dbwls/wsFreedomStudio/sifive_hifive1_revb_sifive_welcome/bsp/install/lib/release/\libmetal.a(inline.o)
                0x00000000800002b8                __metal_dt_clock_1
 .data.__metal_dt_clock_2
                0x00000000800002c4        0xc C:/Users/dbwls/wsFreedomStudio/sifive_hifive1_revb_sifive_welcome/bsp/install/lib/release/\libmetal.a(inline.o)
                0x00000000800002c4                __metal_dt_clock_2
 .data.__metal_dt_clock_3
                0x00000000800002d0        0xc C:/Users/dbwls/wsFreedomStudio/sifive_hifive1_revb_sifive_welcome/bsp/install/lib/release/\libmetal.a(inline.o)
                0x00000000800002d0                __metal_dt_clock_3
 .data.__metal_dt_clock_4
                0x00000000800002dc        0xc C:/Users/dbwls/wsFreedomStudio/sifive_hifive1_revb_sifive_welcome/bsp/install/lib/release/\libmetal.a(inline.o)
                0x00000000800002dc                __metal_dt_clock_4
 .data.__metal_dt_clock_5
                0x00000000800002e8        0xc C:/Users/dbwls/wsFreedomStudio/sifive_hifive1_revb_sifive_welcome/bsp/install/lib/release/\libmetal.a(inline.o)
                0x00000000800002e8                __metal_dt_clock_5
 .data.__metal_dt_clock_6
                0x00000000800002f4        0xc C:/Users/dbwls/wsFreedomStudio/sifive_hifive1_revb_sifive_welcome/bsp/install/lib/release/\libmetal.a(inline.o)
                0x00000000800002f4                __metal_dt_clock_6
 .data.__metal_dt_cpu_0_interrupt_controller
                0x0000000080000300      0x3d0 C:/Users/dbwls/wsFreedomStudio/sifive_hifive1_revb_sifive_welcome/bsp/install/lib/release/\libmetal.a(inline.o)
                0x0000000080000300                __metal_dt_cpu_0_interrupt_controller
 .data.__metal_dt_interrupt_controller_c000000
                0x00000000800006d0      0x5d8 C:/Users/dbwls/wsFreedomStudio/sifive_hifive1_revb_sifive_welcome/bsp/install/lib/release/\libmetal.a(inline.o)
                0x00000000800006d0                __metal_dt_interrupt_controller_c000000
 .data.__metal_dt_serial_10013000
                0x0000000080000ca8       0x20 C:/Users/dbwls/wsFreedomStudio/sifive_hifive1_revb_sifive_welcome/bsp/install/lib/release/\libmetal.a(inline.o)
                0x0000000080000ca8                __metal_dt_serial_10013000
 .data.__metal_dt_serial_10023000
                0x0000000080000cc8       0x20 C:/Users/dbwls/wsFreedomStudio/sifive_hifive1_revb_sifive_welcome/bsp/install/lib/release/\libmetal.a(inline.o)
                0x0000000080000cc8                __metal_dt_serial_10023000
 *(.gnu.linkonce.d.*)
                0x0000000080000ce8                . = ALIGN (0x8)
                0x00000000800014e8                PROVIDE (__global_pointer$ = (. + 0x800))
 *(.sdata .sdata.* .sdata2.*)
 .sdata._impure_ptr
                0x0000000080000ce8        0x4 c:/users/dbwls/downloads/freedomstudio-2020-06-3-win64/sifive/riscv64-unknown-elf-gcc-8.3.0-2020.04.1/bin/../lib/gcc/riscv64-unknown-elf/8.3.0/../../../../riscv64-unknown-elf/lib/rv32imac/ilp32\libc_nano.a(lib_a-impure.o)
                0x0000000080000ce8                _impure_ptr
 .sdata2._global_impure_ptr
                0x0000000080000cec        0x4 c:/users/dbwls/downloads/freedomstudio-2020-06-3-win64/sifive/riscv64-unknown-elf-gcc-8.3.0-2020.04.1/bin/../lib/gcc/riscv64-unknown-elf/8.3.0/../../../../riscv64-unknown-elf/lib/rv32imac/ilp32\libc_nano.a(lib_a-impure.o)
                0x0000000080000cec                _global_impure_ptr
 .sdata.__metal_cpu_table
                0x0000000080000cf0        0x4 C:/Users/dbwls/wsFreedomStudio/sifive_hifive1_revb_sifive_welcome/bsp/install/lib/release/\libmetal.a(cpu.o)
                0x0000000080000cf0                __metal_cpu_table
 .sdata.__metal_dt_clint_2000000
                0x0000000080000cf4        0x8 C:/Users/dbwls/wsFreedomStudio/sifive_hifive1_revb_sifive_welcome/bsp/install/lib/release/\libmetal.a(inline.o)
                0x0000000080000cf4                __metal_dt_clint_2000000
 .sdata.__metal_dt_cpu_0
                0x0000000080000cfc        0x8 C:/Users/dbwls/wsFreedomStudio/sifive_hifive1_revb_sifive_welcome/bsp/install/lib/release/\libmetal.a(inline.o)
                0x0000000080000cfc                __metal_dt_cpu_0
 .sdata.__metal_dt_gpio_10012000
                0x0000000080000d04        0x4 C:/Users/dbwls/wsFreedomStudio/sifive_hifive1_revb_sifive_welcome/bsp/install/lib/release/\libmetal.a(inline.o)
                0x0000000080000d04                __metal_dt_gpio_10012000
 .sdata.__metal_dt_led_0
                0x0000000080000d08        0x4 C:/Users/dbwls/wsFreedomStudio/sifive_hifive1_revb_sifive_welcome/bsp/install/lib/release/\libmetal.a(inline.o)
                0x0000000080000d08                __metal_dt_led_0
 .sdata.__metal_dt_led_1
                0x0000000080000d0c        0x4 C:/Users/dbwls/wsFreedomStudio/sifive_hifive1_revb_sifive_welcome/bsp/install/lib/release/\libmetal.a(inline.o)
                0x0000000080000d0c                __metal_dt_led_1
 .sdata.__metal_dt_led_2
                0x0000000080000d10        0x4 C:/Users/dbwls/wsFreedomStudio/sifive_hifive1_revb_sifive_welcome/bsp/install/lib/release/\libmetal.a(inline.o)
                0x0000000080000d10                __metal_dt_led_2
 .sdata.__metal_dt_prci_10008000
                0x0000000080000d14        0x4 C:/Users/dbwls/wsFreedomStudio/sifive_hifive1_revb_sifive_welcome/bsp/install/lib/release/\libmetal.a(inline.o)
                0x0000000080000d14                __metal_dt_prci_10008000
 .sdata.__metal_cpu_table
                0x0000000080000d18        0x4 C:/Users/dbwls/wsFreedomStudio/sifive_hifive1_revb_sifive_welcome/bsp/install/lib/release/\libmetal.a(riscv_cpu.o)
 .sdata2.CSWTCH.18
                0x0000000080000d1c        0x3 C:/Users/dbwls/wsFreedomStudio/sifive_hifive1_revb_sifive_welcome/bsp/install/lib/release/\libmetal.a(riscv_cpu.o)
 *fill*         0x0000000080000d1f        0x1 
 .sdata2.__metal_driver_vtable_sifive_fe310_g000_hfrosc
                0x0000000080000d20        0x8 C:/Users/dbwls/wsFreedomStudio/sifive_hifive1_revb_sifive_welcome/bsp/install/lib/release/\libmetal.a(sifive_fe310-g000_hfrosc.o)
                0x0000000080000d20                __metal_driver_vtable_sifive_fe310_g000_hfrosc
 .sdata2.__metal_driver_vtable_sifive_fe310_g000_hfxosc
                0x0000000080000d28        0x8 C:/Users/dbwls/wsFreedomStudio/sifive_hifive1_revb_sifive_welcome/bsp/install/lib/release/\libmetal.a(sifive_fe310-g000_hfxosc.o)
                0x0000000080000d28                __metal_driver_vtable_sifive_fe310_g000_hfxosc
 .sdata2.__metal_driver_vtable_sifive_fe310_g000_prci
                0x0000000080000d30        0x8 C:/Users/dbwls/wsFreedomStudio/sifive_hifive1_revb_sifive_welcome/bsp/install/lib/release/\libmetal.a(sifive_fe310-g000_prci.o)
                0x0000000080000d30                __metal_driver_vtable_sifive_fe310_g000_prci
 .sdata2.__metal_driver_vtable_fixed_clock
                0x0000000080000d38        0x8 C:/Users/dbwls/wsFreedomStudio/sifive_hifive1_revb_sifive_welcome/bsp/install/lib/release/\libmetal.a(fixed-clock.o)
                0x0000000080000d38                __metal_driver_vtable_fixed_clock
 .sdata.__brk   0x0000000080000d40        0x4 C:/Users/dbwls/wsFreedomStudio/sifive_hifive1_revb_sifive_welcome/bsp/install/lib/release/\libmetal-gloss.a(sys_sbrk.o)
 *(.gnu.linkonce.s.*)

.tdata          0x0000000080000d48        0x0 load address 0x0000000020016bd8
                0x0000000080000d48                PROVIDE (__tls_base = .)
 *(.tdata .tdata.* .gnu.linkonce.td.*)
                [!provide]                        PROVIDE (__tdata_source = LOADADDR (.tdata))
                [!provide]                        PROVIDE (__tdata_size = SIZEOF (.tdata))